../Core/Src/main.c:151:6:print	16	static
../Core/Src/main.c:155:6:Adjust_Volume	64	static
../Core/Src/main.c:188:6:Draw_Project_Name	16	static
../Core/Src/main.c:197:6:Draw_All_Mode	40	static
../Core/Src/main.c:225:9:Is_Touch_Inside_Rectangle	16	static
../Core/Src/main.c:232:6:Check_Touch	72	static
../Core/Src/main.c:261:6:AZ_Sound	80	static
../Core/Src/main.c:338:6:MP3_WaitForPlayback	64	static
../Core/Src/main.c:401:6:LISTEN_Sound	80	static
../Core/Src/main.c:477:6:Get_Triggered_Letter	80	static
../Core/Src/main.c:582:6:VOCAB_Sound	80	static
../Core/Src/main.c:636:5:Get_Triggered_Index	24	static
../Core/Src/main.c:652:6:MUSIC_Sound	80	static
../Core/Src/main.c:689:9:MP3_GetStatus	32	static
../Core/Src/main.c:712:6:HAL_UART_RxCpltCallback	16	static
../Core/Src/main.c:752:6:MP3_SendCommand	80	static
../Core/Src/main.c:827:6:Select_Sreen	96	static
../Core/Src/main.c:862:6:Update_Screen	40	static
../Core/Src/main.c:893:5:main	80	static
../Core/Src/main.c:1027:6:SystemClock_Config	88	static
../Core/Src/main.c:1082:13:MX_ADC1_Init	24	static
../Core/Src/main.c:1134:13:MX_SPI5_Init	8	static
../Core/Src/main.c:1174:13:MX_TIM1_Init	40	static
../Core/Src/main.c:1221:13:MX_TIM2_Init	64	static
../Core/Src/main.c:1280:13:MX_USART2_UART_Init	8	static
../Core/Src/main.c:1315:13:MX_USART3_UART_Init	8	static
../Core/Src/main.c:1350:13:MX_GPIO_Init	56	static
../Core/Src/main.c:1451:6:MPU_Config	24	static
../Core/Src/main.c:1482:6:Error_Handler	4	static,ignoring_inline_asm
