Archive member included to satisfy reference by file (symbol)

C:/ST/STM32CubeIDE_1.17.0/STM32CubeIDE/plugins/com.st.stm32cube.ide.mcu.externaltools.gnu-tools-for-stm32.12.3.rel1.win32_1.1.0.202410251130/tools/bin/../lib/gcc/arm-none-eabi/12.3.1/../../../../arm-none-eabi/lib/thumb/v7e-m+dp/hard\libc_nano.a(libc_a-exit.o)
                              C:/ST/STM32CubeIDE_1.17.0/STM32CubeIDE/plugins/com.st.stm32cube.ide.mcu.externaltools.gnu-tools-for-stm32.12.3.rel1.win32_1.1.0.202410251130/tools/bin/../lib/gcc/arm-none-eabi/12.3.1/../../../../arm-none-eabi/lib/thumb/v7e-m+dp/hard/crt0.o (exit)
C:/ST/STM32CubeIDE_1.17.0/STM32CubeIDE/plugins/com.st.stm32cube.ide.mcu.externaltools.gnu-tools-for-stm32.12.3.rel1.win32_1.1.0.202410251130/tools/bin/../lib/gcc/arm-none-eabi/12.3.1/../../../../arm-none-eabi/lib/thumb/v7e-m+dp/hard\libc_nano.a(libc_a-malloc.o)
                              ./Core/Src/wavplayer.o (malloc)
C:/ST/STM32CubeIDE_1.17.0/STM32CubeIDE/plugins/com.st.stm32cube.ide.mcu.externaltools.gnu-tools-for-stm32.12.3.rel1.win32_1.1.0.202410251130/tools/bin/../lib/gcc/arm-none-eabi/12.3.1/../../../../arm-none-eabi/lib/thumb/v7e-m+dp/hard\libc_nano.a(libc_a-mallocr.o)
                              C:/ST/STM32CubeIDE_1.17.0/STM32CubeIDE/plugins/com.st.stm32cube.ide.mcu.externaltools.gnu-tools-for-stm32.12.3.rel1.win32_1.1.0.202410251130/tools/bin/../lib/gcc/arm-none-eabi/12.3.1/../../../../arm-none-eabi/lib/thumb/v7e-m+dp/hard\libc_nano.a(libc_a-malloc.o) (_malloc_r)
C:/ST/STM32CubeIDE_1.17.0/STM32CubeIDE/plugins/com.st.stm32cube.ide.mcu.externaltools.gnu-tools-for-stm32.12.3.rel1.win32_1.1.0.202410251130/tools/bin/../lib/gcc/arm-none-eabi/12.3.1/../../../../arm-none-eabi/lib/thumb/v7e-m+dp/hard\libc_nano.a(libc_a-mlock.o)
                              C:/ST/STM32CubeIDE_1.17.0/STM32CubeIDE/plugins/com.st.stm32cube.ide.mcu.externaltools.gnu-tools-for-stm32.12.3.rel1.win32_1.1.0.202410251130/tools/bin/../lib/gcc/arm-none-eabi/12.3.1/../../../../arm-none-eabi/lib/thumb/v7e-m+dp/hard\libc_nano.a(libc_a-mallocr.o) (__malloc_lock)
C:/ST/STM32CubeIDE_1.17.0/STM32CubeIDE/plugins/com.st.stm32cube.ide.mcu.externaltools.gnu-tools-for-stm32.12.3.rel1.win32_1.1.0.202410251130/tools/bin/../lib/gcc/arm-none-eabi/12.3.1/../../../../arm-none-eabi/lib/thumb/v7e-m+dp/hard\libc_nano.a(libc_a-findfp.o)
                              C:/ST/STM32CubeIDE_1.17.0/STM32CubeIDE/plugins/com.st.stm32cube.ide.mcu.externaltools.gnu-tools-for-stm32.12.3.rel1.win32_1.1.0.202410251130/tools/bin/../lib/gcc/arm-none-eabi/12.3.1/../../../../arm-none-eabi/lib/thumb/v7e-m+dp/hard\libc_nano.a(libc_a-exit.o) (__stdio_exit_handler)
C:/ST/STM32CubeIDE_1.17.0/STM32CubeIDE/plugins/com.st.stm32cube.ide.mcu.externaltools.gnu-tools-for-stm32.12.3.rel1.win32_1.1.0.202410251130/tools/bin/../lib/gcc/arm-none-eabi/12.3.1/../../../../arm-none-eabi/lib/thumb/v7e-m+dp/hard\libc_nano.a(libc_a-fwalk.o)
                              C:/ST/STM32CubeIDE_1.17.0/STM32CubeIDE/plugins/com.st.stm32cube.ide.mcu.externaltools.gnu-tools-for-stm32.12.3.rel1.win32_1.1.0.202410251130/tools/bin/../lib/gcc/arm-none-eabi/12.3.1/../../../../arm-none-eabi/lib/thumb/v7e-m+dp/hard\libc_nano.a(libc_a-findfp.o) (_fwalk_sglue)
C:/ST/STM32CubeIDE_1.17.0/STM32CubeIDE/plugins/com.st.stm32cube.ide.mcu.externaltools.gnu-tools-for-stm32.12.3.rel1.win32_1.1.0.202410251130/tools/bin/../lib/gcc/arm-none-eabi/12.3.1/../../../../arm-none-eabi/lib/thumb/v7e-m+dp/hard\libc_nano.a(libc_a-sprintf.o)
                              ./Core/Src/main.o (sprintf)
C:/ST/STM32CubeIDE_1.17.0/STM32CubeIDE/plugins/com.st.stm32cube.ide.mcu.externaltools.gnu-tools-for-stm32.12.3.rel1.win32_1.1.0.202410251130/tools/bin/../lib/gcc/arm-none-eabi/12.3.1/../../../../arm-none-eabi/lib/thumb/v7e-m+dp/hard\libc_nano.a(libc_a-stdio.o)
                              C:/ST/STM32CubeIDE_1.17.0/STM32CubeIDE/plugins/com.st.stm32cube.ide.mcu.externaltools.gnu-tools-for-stm32.12.3.rel1.win32_1.1.0.202410251130/tools/bin/../lib/gcc/arm-none-eabi/12.3.1/../../../../arm-none-eabi/lib/thumb/v7e-m+dp/hard\libc_nano.a(libc_a-findfp.o) (__sread)
C:/ST/STM32CubeIDE_1.17.0/STM32CubeIDE/plugins/com.st.stm32cube.ide.mcu.externaltools.gnu-tools-for-stm32.12.3.rel1.win32_1.1.0.202410251130/tools/bin/../lib/gcc/arm-none-eabi/12.3.1/../../../../arm-none-eabi/lib/thumb/v7e-m+dp/hard\libc_nano.a(libc_a-memset.o)
                              C:/ST/STM32CubeIDE_1.17.0/STM32CubeIDE/plugins/com.st.stm32cube.ide.mcu.externaltools.gnu-tools-for-stm32.12.3.rel1.win32_1.1.0.202410251130/tools/bin/../lib/gcc/arm-none-eabi/12.3.1/../../../../arm-none-eabi/lib/thumb/v7e-m+dp/hard/crt0.o (memset)
C:/ST/STM32CubeIDE_1.17.0/STM32CubeIDE/plugins/com.st.stm32cube.ide.mcu.externaltools.gnu-tools-for-stm32.12.3.rel1.win32_1.1.0.202410251130/tools/bin/../lib/gcc/arm-none-eabi/12.3.1/../../../../arm-none-eabi/lib/thumb/v7e-m+dp/hard\libc_nano.a(libc_a-strncmp.o)
                              ./Core/Src/wavplayer.o (strncmp)
[...]
Memory Configuration

Name             Origin             Length             Attributes
RAM              0x20000000         0x00080000         xrw
FLASH            0x08000000         0x00200000         xr
*default*        0x00000000         0xffffffff

Linker script and memory map

LOAD C:/ST/STM32CubeIDE_1.17.0/STM32CubeIDE/plugins/com.st.stm32cube.ide.mcu.externaltools.gnu-tools-for-stm32.12.3.rel1.win32_1.1.0.202410251130/tools/bin/../lib/gcc/arm-none-eabi/12.3.1/thumb/v7e-m+dp/hard/crti.o
LOAD C:/ST/STM32CubeIDE_1.17.0/STM32CubeIDE/plugins/com.st.stm32cube.ide.mcu.externaltools.gnu-tools-for-stm32.12.3.rel1.win32_1.1.0.202410251130/tools/bin/../lib/gcc/arm-none-eabi/12.3.1/thumb/v7e-m+dp/hard/crtbegin.o
LOAD C:/ST/STM32CubeIDE_1.17.0/STM32CubeIDE/plugins/com.st.stm32cube.ide.mcu.externaltools.gnu-tools-for-stm32.12.3.rel1.win32_1.1.0.202410251130/tools/bin/../lib/gcc/arm-none-eabi/12.3.1/../../../../arm-none-eabi/lib/thumb/v7e-m+dp/hard/crt0.o
LOAD ./Core/Src/fatfs_sd.o
LOAD ./Core/Src/main.o
LOAD ./Core/Src/stm32f7xx_hal_msp.o
LOAD ./Core/Src/stm32f7xx_it.o
LOAD ./Core/Src/syscalls.o
LOAD ./Core/Src/sysmem.o
LOAD ./Core/Src/system_stm32f7xx.o
LOAD ./Core/Src/wavplayer.o
LOAD ./Core/Startup/startup_stm32f767zitx.o
LOAD ./Drivers/STM32F7xx_HAL_Driver/Src/stm32f7xx_hal.o
LOAD ./Drivers/STM32F7xx_HAL_Driver/Src/stm32f7xx_hal_cortex.o
LOAD ./Drivers/STM32F7xx_HAL_Driver/Src/stm32f7xx_hal_dac.o
LOAD ./Drivers/STM32F7xx_HAL_Driver/Src/stm32f7xx_hal_dac_ex.o
LOAD ./Drivers/STM32F7xx_HAL_Driver/Src/stm32f7xx_hal_dma.o
LOAD ./Drivers/STM32F7xx_HAL_Driver/Src/stm32f7xx_hal_dma_ex.o
LOAD ./Drivers/STM32F7xx_HAL_Driver/Src/stm32f7xx_hal_exti.o
LOAD ./Drivers/STM32F7xx_HAL_Driver/Src/stm32f7xx_hal_flash.o
LOAD ./Drivers/STM32F7xx_HAL_Driver/Src/stm32f7xx_hal_flash_ex.o
LOAD ./Drivers/STM32F7xx_HAL_Driver/Src/stm32f7xx_hal_gpio.o
LOAD ./Drivers/STM32F7xx_HAL_Driver/Src/stm32f7xx_hal_i2c.o
LOAD ./Drivers/STM32F7xx_HAL_Driver/Src/stm32f7xx_hal_i2c_ex.o
LOAD ./Drivers/STM32F7xx_HAL_Driver/Src/stm32f7xx_hal_pwr.o
LOAD ./Drivers/STM32F7xx_HAL_Driver/Src/stm32f7xx_hal_pwr_ex.o
LOAD ./Drivers/STM32F7xx_HAL_Driver/Src/stm32f7xx_hal_rcc.o
LOAD ./Drivers/STM32F7xx_HAL_Driver/Src/stm32f7xx_hal_rcc_ex.o
LOAD ./Drivers/STM32F7xx_HAL_Driver/Src/stm32f7xx_hal_spi.o
LOAD ./Drivers/STM32F7xx_HAL_Driver/Src/stm32f7xx_hal_spi_ex.o
LOAD ./Drivers/STM32F7xx_HAL_Driver/Src/stm32f7xx_hal_tim.o
LOAD ./Drivers/STM32F7xx_HAL_Driver/Src/stm32f7xx_hal_tim_ex.o
LOAD ./Drivers/STM32F7xx_HAL_Driver/Src/stm32f7xx_hal_uart.o
LOAD ./Drivers/STM32F7xx_HAL_Driver/Src/stm32f7xx_hal_uart_ex.o
LOAD ./FATFS/App/fatfs.o
LOAD ./FATFS/Target/user_diskio.o
LOAD ./Middlewares/Third_Party/FatFs/src/diskio.o
LOAD ./Middlewares/Third_Party/FatFs/src/ff.o
LOAD ./Middlewares/Third_Party/FatFs/src/ff_gen_drv.o
LOAD ./Middlewares/Third_Party/FatFs/src/option/syscall.o
START GROUP
LOAD C:/ST/STM32CubeIDE_1.17.0/STM32CubeIDE/plugins/com.st.stm32cube.ide.mcu.externaltools.gnu-tools-for-stm32.12.3.rel1.win32_1.1.0.202410251130/tools/bin/../lib/gcc/arm-none-eabi/12.3.1/../../../../arm-none-eabi/lib/thumb/v7e-m+dp/hard\libc_nano.a
LOAD C:/ST/STM32CubeIDE_1.17.0/STM32CubeIDE/plugins/com.st.stm32cube.ide.mcu.externaltools.gnu-tools-for-stm32.12.3.rel1.win32_1.1.0.202410251130/tools/bin/../lib/gcc/arm-none-eabi/12.3.1/../../../../arm-none-eabi/lib/thumb/v7e-m+dp/hard\libm.a
END GROUP
START GROUP
LOAD C:/ST/STM32CubeIDE_1.17.0/STM32CubeIDE/plugins/com.st.stm32cube.ide.mcu.externaltools.gnu-tools-for-stm32.12.3.rel1.win32_1.1.0.202410251130/tools/bin/../lib/gcc/arm-none-eabi/12.3.1/thumb/v7e-m+dp/hard\libgcc.a
LOAD C:/ST/STM32CubeIDE_1.17.0/STM32CubeIDE/plugins/com.st.stm32cube.ide.mcu.externaltools.gnu-tools-for-stm32.12.3.rel1.win32_1.1.0.202410251130/tools/bin/../lib/gcc/arm-none-eabi/12.3.1/../../../../arm-none-eabi/lib/thumb/v7e-m+dp/hard\libc_nano.a
END GROUP
START GROUP
LOAD C:/ST/STM32CubeIDE_1.17.0/STM32CubeIDE/plugins/com.st.stm32cube.ide.mcu.externaltools.gnu-tools-for-stm32.12.3.rel1.win32_1.1.0.202410251130/tools/bin/../lib/gcc/arm-none-eabi/12.3.1/thumb/v7e-m+dp/hard\libgcc.a
LOAD C:/ST/STM32CubeIDE_1.17.0/STM32CubeIDE/plugins/com.st.stm32cube.ide.mcu.externaltools.gnu-tools-for-stm32.12.3.rel1.win32_1.1.0.202410251130/tools/bin/../lib/gcc/arm-none-eabi/12.3.1/../../../../arm-none-eabi/lib/thumb/v7e-m+dp/hard\libc_nano.a
LOAD C:/ST/STM32CubeIDE_1.17.0/STM32CubeIDE/plugins/com.st.stm32cube.ide.mcu.externaltools.gnu-tools-for-stm32.12.3.rel1.win32_1.1.0.202410251130/tools/bin/../lib/gcc/arm-none-eabi/12.3.1/../../../../arm-none-eabi/lib/thumb/v7e-m+dp/hard\libnosys.a
END GROUP
START GROUP
LOAD C:/ST/STM32CubeIDE_1.17.0/STM32CubeIDE/plugins/com.st.stm32cube.ide.mcu.externaltools.gnu-tools-for-stm32.12.3.rel1.win32_1.1.0.202410251130/tools/bin/../lib/gcc/arm-none-eabi/12.3.1/thumb/v7e-m+dp/hard\libgcc.a
LOAD C:/ST/STM32CubeIDE_1.17.0/STM32CubeIDE/plugins/com.st.stm32cube.ide.mcu.externaltools.gnu-tools-for-stm32.12.3.rel1.win32_1.1.0.202410251130/tools/bin/../lib/gcc/arm-none-eabi/12.3.1/../../../../arm-none-eabi/lib/thumb/v7e-m+dp/hard\libc_nano.a
LOAD C:/ST/STM32CubeIDE_1.17.0/STM32CubeIDE/plugins/com.st.stm32cube.ide.mcu.externaltools.gnu-tools-for-stm32.12.3.rel1.win32_1.1.0.202410251130/tools/bin/../lib/gcc/arm-none-eabi/12.3.1/../../../../arm-none-eabi/lib/thumb/v7e-m+dp/hard\libnosys.a
END GROUP
LOAD C:/ST/STM32CubeIDE_1.17.0/STM32CubeIDE/plugins/com.st.stm32cube.ide.mcu.externaltools.gnu-tools-for-stm32.12.3.rel1.win32_1.1.0.202410251130/tools/bin/../lib/gcc/arm-none-eabi/12.3.1/thumb/v7e-m+dp/hard/crtend.o
LOAD C:/ST/STM32CubeIDE_1.17.0/STM32CubeIDE/plugins/com.st.stm32cube.ide.mcu.externaltools.gnu-tools-for-stm32.12.3.rel1.win32_1.1.0.202410251130/tools/bin/../lib/gcc/arm-none-eabi/12.3.1/thumb/v7e-m+dp/hard/crtn.o
                0x20080000                        _estack = (ORIGIN (RAM) + LENGTH (RAM))
                0x00000200                        _Min_Heap_Size = 0x200
                0x00000400                        _Min_Stack_Size = 0x400

.isr_vector     0x08000000      0x1f8
                0x08000000                        . = ALIGN (0x4)
 *(.isr_vector)
 .isr_vector    0x08000000      0x1f8 ./Core/Startup/startup_stm32f767zitx.o
                0x08000000                g_pfnVectors
                0x080001f8                        . = ALIGN (0x4)

.text           0x08000200     0x92b0
                0x08000200                        . = ALIGN (0x4)
 *(.text)
 .text          0x08000200       0x40 C:/ST/STM32CubeIDE_1.17.0/STM32CubeIDE/plugins/com.st.stm32cube.ide.mcu.externaltools.gnu-tools-for-stm32.12.3.rel1.win32_1.1.0.202410251130/tools/bin/../lib/gcc/arm-none-eabi/12.3.1/thumb/v7e-m+dp/hard/crtbegin.o
 .text          0x08000240       0xa0 C:/ST/STM32CubeIDE_1.17.0/STM32CubeIDE/plugins/com.st.stm32cube.ide.mcu.externaltools.gnu-tools-for-stm32.12.3.rel1.win32_1.1.0.202410251130/tools/bin/../lib/gcc/arm-none-eabi/12.3.1/../../../../arm-none-eabi/lib/thumb/v7e-m+dp/hard\libc_nano.a(libc_a-memchr.o)
                0x08000240                memchr
 .text          0x080002e0       0x30 C:/ST/STM32CubeIDE_1.17.0/STM32CubeIDE/plugins/com.st.stm32cube.ide.mcu.externaltools.gnu-tools-for-stm32.12.3.rel1.win32_1.1.0.202410251130/tools/bin/../lib/gcc/arm-none-eabi/12.3.1/thumb/v7e-m+dp/hard\libgcc.a(_aeabi_uldivmod.o)
                0x080002e0                __aeabi_uldivmod
 .text          0x08000310      0x2bc C:/ST/STM32CubeIDE_1.17.0/STM32CubeIDE/plugins/com.st.stm32cube.ide.mcu.externaltools.gnu-tools-for-stm32.12.3.rel1.win32_1.1.0.202410251130/tools/bin/../lib/gcc/arm-none-eabi/12.3.1/thumb/v7e-m+dp/hard\libgcc.a(_udivmoddi4.o)
                0x08000310                __udivmoddi4
 .text          0x080005cc        0x4 C:/ST/STM32CubeIDE_1.17.0/STM32CubeIDE/plugins/com.st.stm32cube.ide.mcu.externaltools.gnu-tools-for-stm32.12.3.rel1.win32_1.1.0.202410251130/tools/bin/../lib/gcc/arm-none-eabi/12.3.1/thumb/v7e-m+dp/hard\libgcc.a(_dvmd_tls.o)
                0x080005cc                __aeabi_idiv0
                0x080005cc                __aeabi_ldiv0
 *(.text*)
 .text.SELECT   0x080005d0       0x20 ./Core/Src/fatfs_sd.o
 .text.DESELECT
                0x080005f0       0x20 ./Core/Src/fatfs_sd.o
 .text.SPI_TxByte
                0x08000610       0x34 ./Core/Src/fatfs_sd.o
 .text.SPI_TxBuffer
                0x08000644       0x34 ./Core/Src/fatfs_sd.o
 .text.SPI_RxByte
                0x08000678       0x38 ./Core/Src/fatfs_sd.o
 .text.SPI_RxBytePtr
                0x080006b0       0x1c ./Core/Src/fatfs_sd.o
 .text.SD_ReadyWait
                0x080006cc       0x34 ./Core/Src/fatfs_sd.o
 .text.SD_PowerOn
                0x08000700       0x84 ./Core/Src/fatfs_sd.o
 .text.SD_PowerOff
                0x08000784       0x18 ./Core/Src/fatfs_sd.o
 .text.SD_CheckPower
                0x0800079c       0x18 ./Core/Src/fatfs_sd.o
 .text.SD_RxDataBlock
                0x080007b4       0x5c ./Core/Src/fatfs_sd.o
 .text.SD_TxDataBlock
                0x08000810       0x86 ./Core/Src/fatfs_sd.o
 .text.SD_SendCmd
                0x08000896       0xa8 ./Core/Src/fatfs_sd.o
 *fill*         0x0800093e        0x2 
 .text.SD_disk_initialize
                0x08000940      0x1cc ./Core/Src/fatfs_sd.o
                0x08000940                SD_disk_initialize
 .text.SD_disk_status
                0x08000b0c       0x2c ./Core/Src/fatfs_sd.o
                0x08000b0c                SD_disk_status
 .text.SD_disk_read
                0x08000b38       0xd4 ./Core/Src/fatfs_sd.o
                0x08000b38                SD_disk_read
 .text.SD_disk_write
                0x08000c0c      0x108 ./Core/Src/fatfs_sd.o
                0x08000c0c                SD_disk_write
 .text.SD_disk_ioctl
                0x08000d14      0x254 ./Core/Src/fatfs_sd.o
                0x08000d14                SD_disk_ioctl
 .text.Convert_16bit_to_12bit
                0x08000f68       0x4a ./Core/Src/main.o
                0x08000f68                Convert_16bit_to_12bit
 *fill*         0x08000fb2        0x2 
 .text.open_wav_file
                0x08000fb4      0x150 ./Core/Src/main.o
                0x08000fb4                open_wav_file
 .text.Play_WAV
                0x08001104       0xec ./Core/Src/main.o
                0x08001104                Play_WAV
 .text.HAL_DAC_ConvCpltCallbackCh1
                0x080011f0       0x30 ./Core/Src/main.o
                0x080011f0                HAL_DAC_ConvCpltCallbackCh1
 .text.play_audio
                0x08001220       0x60 ./Core/Src/main.o
                0x08001220                play_audio
 .text.main     0x08001280       0x54 ./Core/Src/main.o
                0x08001280                main
 .text.SystemClock_Config
                0x080012d4       0xd4 ./Core/Src/main.o
                0x080012d4                SystemClock_Config
 .text.MX_DAC_Init
                0x080013a8       0x68 ./Core/Src/main.o
 .text.MX_SPI1_Init
                0x08001410       0x7c ./Core/Src/main.o
 .text.MX_TIM6_Init
                0x0800148c       0x6c ./Core/Src/main.o
 .text.MX_USART3_UART_Init
                0x080014f8       0x60 ./Core/Src/main.o
 .text.MX_DMA_Init
                0x08001558       0x3c ./Core/Src/main.o
 .text.MX_GPIO_Init
                0x08001594      0x108 ./Core/Src/main.o
 .text.MPU_Config
                0x0800169c       0x58 ./Core/Src/main.o
 .text.Error_Handler
                0x080016f4        0xc ./Core/Src/main.o
                0x080016f4                Error_Handler
 .text.HAL_MspInit
                0x08001700       0x48 ./Core/Src/stm32f7xx_hal_msp.o
                0x08001700                HAL_MspInit
 .text.HAL_DAC_MspInit
                0x08001748       0xec ./Core/Src/stm32f7xx_hal_msp.o
                0x08001748                HAL_DAC_MspInit
 .text.HAL_SPI_MspInit
                0x08001834       0x88 ./Core/Src/stm32f7xx_hal_msp.o
                0x08001834                HAL_SPI_MspInit
 .text.HAL_TIM_Base_MspInit
                0x080018bc       0x40 ./Core/Src/stm32f7xx_hal_msp.o
                0x080018bc                HAL_TIM_Base_MspInit
 .text.HAL_UART_MspInit
                0x080018fc       0xd0 ./Core/Src/stm32f7xx_hal_msp.o
                0x080018fc                HAL_UART_MspInit
 .text.NMI_Handler
                0x080019cc        0x8 ./Core/Src/stm32f7xx_it.o
                0x080019cc                NMI_Handler
 .text.HardFault_Handler
                0x080019d4        0x8 ./Core/Src/stm32f7xx_it.o
                0x080019d4                HardFault_Handler
 .text.MemManage_Handler
                0x080019dc        0x8 ./Core/Src/stm32f7xx_it.o
                0x080019dc                MemManage_Handler
 .text.BusFault_Handler
                0x080019e4        0x8 ./Core/Src/stm32f7xx_it.o
                0x080019e4                BusFault_Handler
 .text.UsageFault_Handler
                0x080019ec        0x8 ./Core/Src/stm32f7xx_it.o
                0x080019ec                UsageFault_Handler
 .text.SVC_Handler
                0x080019f4        0xe ./Core/Src/stm32f7xx_it.o
                0x080019f4                SVC_Handler
 .text.DebugMon_Handler
                0x08001a02        0xe ./Core/Src/stm32f7xx_it.o
                0x08001a02                DebugMon_Handler
 .text.PendSV_Handler
                0x08001a10        0xe ./Core/Src/stm32f7xx_it.o
                0x08001a10                PendSV_Handler
 .text.SysTick_Handler
                0x08001a1e        0xc ./Core/Src/stm32f7xx_it.o
                0x08001a1e                SysTick_Handler
 *fill*         0x08001a2a        0x2 
 .text.DMA1_Stream5_IRQHandler
                0x08001a2c       0x14 ./Core/Src/stm32f7xx_it.o
                0x08001a2c                DMA1_Stream5_IRQHandler
 .text.USART3_IRQHandler
                0x08001a40       0x14 ./Core/Src/stm32f7xx_it.o
                0x08001a40                USART3_IRQHandler
 .text.EXTI15_10_IRQHandler
                0x08001a54       0x10 ./Core/Src/stm32f7xx_it.o
                0x08001a54                EXTI15_10_IRQHandler
 .text._sbrk    0x08001a64       0x6c ./Core/Src/sysmem.o
                0x08001a64                _sbrk
 .text.SystemInit
                0x08001ad0       0x24 ./Core/Src/system_stm32f7xx.o
                0x08001ad0                SystemInit
 .text.Reset_Handler
                0x08001af4       0x50 ./Core/Startup/startup_stm32f767zitx.o
                0x08001af4                Reset_Handler
 .text.Default_Handler
                0x08001b44        0x2 ./Core/Startup/startup_stm32f767zitx.o
                0x08001b44                RTC_Alarm_IRQHandler
                0x08001b44                EXTI2_IRQHandler
                0x08001b44                TIM8_CC_IRQHandler
                0x08001b44                UART8_IRQHandler
                0x08001b44                SPI4_IRQHandler
                0x08001b44                TIM1_CC_IRQHandler
                0x08001b44                DMA2_Stream5_IRQHandler
                0x08001b44                JPEG_IRQHandler
                0x08001b44                CAN3_RX1_IRQHandler
                0x08001b44                PVD_IRQHandler
                0x08001b44                TAMP_STAMP_IRQHandler
                0x08001b44                CAN2_RX1_IRQHandler
                0x08001b44                EXTI3_IRQHandler
                0x08001b44                TIM8_TRG_COM_TIM14_IRQHandler
                0x08001b44                DFSDM1_FLT1_IRQHandler
                0x08001b44                TIM1_UP_TIM10_IRQHandler
                0x08001b44                TIM8_UP_TIM13_IRQHandler
                0x08001b44                I2C3_ER_IRQHandler
                0x08001b44                DFSDM1_FLT2_IRQHandler
                0x08001b44                EXTI0_IRQHandler
                0x08001b44                I2C2_EV_IRQHandler
                0x08001b44                DMA1_Stream2_IRQHandler
                0x08001b44                CAN1_RX0_IRQHandler
                0x08001b44                FPU_IRQHandler
                0x08001b44                OTG_HS_WKUP_IRQHandler
                0x08001b44                CAN3_SCE_IRQHandler
                0x08001b44                LTDC_ER_IRQHandler
                0x08001b44                CAN2_SCE_IRQHandler
                0x08001b44                DMA2_Stream2_IRQHandler
                0x08001b44                SPI1_IRQHandler
                0x08001b44                TIM6_DAC_IRQHandler
                0x08001b44                TIM1_BRK_TIM9_IRQHandler
                0x08001b44                DCMI_IRQHandler
                0x08001b44                CAN2_RX0_IRQHandler
                0x08001b44                DMA2_Stream3_IRQHandler
                0x08001b44                SAI2_IRQHandler
                0x08001b44                DFSDM1_FLT3_IRQHandler
                0x08001b44                USART6_IRQHandler
                0x08001b44                CAN3_RX0_IRQHandler
                0x08001b44                CAN1_RX1_IRQHandler
                0x08001b44                UART5_IRQHandler
                0x08001b44                DMA2_Stream0_IRQHandler
                0x08001b44                TIM4_IRQHandler
                0x08001b44                QUADSPI_IRQHandler
                0x08001b44                I2C1_EV_IRQHandler
                0x08001b44                DMA1_Stream6_IRQHandler
                0x08001b44                DMA1_Stream1_IRQHandler
                0x08001b44                UART4_IRQHandler
                0x08001b44                TIM3_IRQHandler
                0x08001b44                RCC_IRQHandler
                0x08001b44                TIM8_BRK_TIM12_IRQHandler
                0x08001b44                Default_Handler
                0x08001b44                CEC_IRQHandler
                0x08001b44                ADC_IRQHandler
                0x08001b44                DMA1_Stream7_IRQHandler
                0x08001b44                SPI5_IRQHandler
                0x08001b44                TIM7_IRQHandler
                0x08001b44                SDMMC1_IRQHandler
                0x08001b44                CAN2_TX_IRQHandler
                0x08001b44                TIM5_IRQHandler
                0x08001b44                DMA2_Stream7_IRQHandler
                0x08001b44                I2C3_EV_IRQHandler
                0x08001b44                EXTI9_5_IRQHandler
                0x08001b44                RTC_WKUP_IRQHandler
                0x08001b44                LTDC_IRQHandler
                0x08001b44                ETH_WKUP_IRQHandler
                0x08001b44                SPDIF_RX_IRQHandler
                0x08001b44                SPI2_IRQHandler
                0x08001b44                OTG_HS_EP1_IN_IRQHandler
                0x08001b44                DMA1_Stream0_IRQHandler
                0x08001b44                CAN1_TX_IRQHandler
                0x08001b44                EXTI4_IRQHandler
                0x08001b44                RNG_IRQHandler
                0x08001b44                ETH_IRQHandler
                0x08001b44                OTG_HS_EP1_OUT_IRQHandler
                0x08001b44                WWDG_IRQHandler
                0x08001b44                SPI6_IRQHandler
                0x08001b44                MDIOS_IRQHandler
                0x08001b44                I2C4_EV_IRQHandler
                0x08001b44                CAN3_TX_IRQHandler
                0x08001b44                TIM2_IRQHandler
                0x08001b44                OTG_FS_WKUP_IRQHandler
                0x08001b44                TIM1_TRG_COM_TIM11_IRQHandler
                0x08001b44                OTG_HS_IRQHandler
                0x08001b44                DMA2D_IRQHandler
                0x08001b44                EXTI1_IRQHandler
                0x08001b44                SDMMC2_IRQHandler
                0x08001b44                UART7_IRQHandler
                0x08001b44                USART2_IRQHandler
                0x08001b44                DFSDM1_FLT0_IRQHandler
                0x08001b44                I2C2_ER_IRQHandler
                0x08001b44                DMA2_Stream1_IRQHandler
                0x08001b44                CAN1_SCE_IRQHandler
                0x08001b44                FLASH_IRQHandler
                0x08001b44                DMA2_Stream4_IRQHandler
                0x08001b44                USART1_IRQHandler
                0x08001b44                OTG_FS_IRQHandler
                0x08001b44                SPI3_IRQHandler
                0x08001b44                DMA1_Stream4_IRQHandler
                0x08001b44                I2C1_ER_IRQHandler
                0x08001b44                FMC_IRQHandler
                0x08001b44                LPTIM1_IRQHandler
                0x08001b44                I2C4_ER_IRQHandler
                0x08001b44                DMA2_Stream6_IRQHandler
                0x08001b44                SAI1_IRQHandler
                0x08001b44                DMA1_Stream3_IRQHandler
 .text.HAL_Init
                0x08001b46       0x1a ./Drivers/STM32F7xx_HAL_Driver/Src/stm32f7xx_hal.o
                0x08001b46                HAL_Init
 .text.HAL_InitTick
                0x08001b60       0x60 ./Drivers/STM32F7xx_HAL_Driver/Src/stm32f7xx_hal.o
                0x08001b60                HAL_InitTick
 .text.HAL_IncTick
                0x08001bc0       0x28 ./Drivers/STM32F7xx_HAL_Driver/Src/stm32f7xx_hal.o
                0x08001bc0                HAL_IncTick
 .text.HAL_GetTick
                0x08001be8       0x18 ./Drivers/STM32F7xx_HAL_Driver/Src/stm32f7xx_hal.o
                0x08001be8                HAL_GetTick
 .text.HAL_Delay
                0x08001c00       0x48 ./Drivers/STM32F7xx_HAL_Driver/Src/stm32f7xx_hal.o
                0x08001c00                HAL_Delay
 .text.__NVIC_SetPriorityGrouping
                0x08001c48       0x48 ./Drivers/STM32F7xx_HAL_Driver/Src/stm32f7xx_hal_cortex.o
 .text.__NVIC_GetPriorityGrouping
                0x08001c90       0x1c ./Drivers/STM32F7xx_HAL_Driver/Src/stm32f7xx_hal_cortex.o
 .text.__NVIC_EnableIRQ
                0x08001cac       0x3c ./Drivers/STM32F7xx_HAL_Driver/Src/stm32f7xx_hal_cortex.o
 .text.__NVIC_SetPriority
                0x08001ce8       0x54 ./Drivers/STM32F7xx_HAL_Driver/Src/stm32f7xx_hal_cortex.o
 .text.NVIC_EncodePriority
                0x08001d3c       0x66 ./Drivers/STM32F7xx_HAL_Driver/Src/stm32f7xx_hal_cortex.o
 *fill*         0x08001da2        0x2 
 .text.SysTick_Config
                0x08001da4       0x44 ./Drivers/STM32F7xx_HAL_Driver/Src/stm32f7xx_hal_cortex.o
 .text.HAL_NVIC_SetPriorityGrouping
                0x08001de8       0x16 ./Drivers/STM32F7xx_HAL_Driver/Src/stm32f7xx_hal_cortex.o
                0x08001de8                HAL_NVIC_SetPriorityGrouping
 .text.HAL_NVIC_SetPriority
                0x08001dfe       0x38 ./Drivers/STM32F7xx_HAL_Driver/Src/stm32f7xx_hal_cortex.o
                0x08001dfe                HAL_NVIC_SetPriority
 .text.HAL_NVIC_EnableIRQ
                0x08001e36       0x1c ./Drivers/STM32F7xx_HAL_Driver/Src/stm32f7xx_hal_cortex.o
                0x08001e36                HAL_NVIC_EnableIRQ
 .text.HAL_SYSTICK_Config
                0x08001e52       0x18 ./Drivers/STM32F7xx_HAL_Driver/Src/stm32f7xx_hal_cortex.o
                0x08001e52                HAL_SYSTICK_Config
 *fill*         0x08001e6a        0x2 
 .text.HAL_MPU_Disable
                0x08001e6c       0x30 ./Drivers/STM32F7xx_HAL_Driver/Src/stm32f7xx_hal_cortex.o
                0x08001e6c                HAL_MPU_Disable
 .text.HAL_MPU_Enable
                0x08001e9c       0x40 ./Drivers/STM32F7xx_HAL_Driver/Src/stm32f7xx_hal_cortex.o
                0x08001e9c                HAL_MPU_Enable
 .text.HAL_MPU_ConfigRegion
                0x08001edc       0x80 ./Drivers/STM32F7xx_HAL_Driver/Src/stm32f7xx_hal_cortex.o
                0x08001edc                HAL_MPU_ConfigRegion
 .text.HAL_DAC_Init
                0x08001f5c       0x44 ./Drivers/STM32F7xx_HAL_Driver/Src/stm32f7xx_hal_dac.o
                0x08001f5c                HAL_DAC_Init
 .text.HAL_DAC_Start
                0x08001fa0       0xae ./Drivers/STM32F7xx_HAL_Driver/Src/stm32f7xx_hal_dac.o
                0x08001fa0                HAL_DAC_Start
 *fill*         0x0800204e        0x2 
 .text.HAL_DAC_Start_DMA
                0x08002050      0x180 ./Drivers/STM32F7xx_HAL_Driver/Src/stm32f7xx_hal_dac.o
                0x08002050                HAL_DAC_Start_DMA
 .text.HAL_DAC_Stop_DMA
                0x080021d0       0x9a ./Drivers/STM32F7xx_HAL_Driver/Src/stm32f7xx_hal_dac.o
                0x080021d0                HAL_DAC_Stop_DMA
 .text.HAL_DAC_ConvHalfCpltCallbackCh1
                0x0800226a       0x14 ./Drivers/STM32F7xx_HAL_Driver/Src/stm32f7xx_hal_dac.o
                0x0800226a                HAL_DAC_ConvHalfCpltCallbackCh1
 .text.HAL_DAC_ErrorCallbackCh1
                0x0800227e       0x14 ./Drivers/STM32F7xx_HAL_Driver/Src/stm32f7xx_hal_dac.o
                0x0800227e                HAL_DAC_ErrorCallbackCh1
 .text.HAL_DAC_ConfigChannel
                0x08002292       0xb2 ./Drivers/STM32F7xx_HAL_Driver/Src/stm32f7xx_hal_dac.o
                0x08002292                HAL_DAC_ConfigChannel
 .text.DAC_DMAConvCpltCh1
                0x08002344       0x22 ./Drivers/STM32F7xx_HAL_Driver/Src/stm32f7xx_hal_dac.o
                0x08002344                DAC_DMAConvCpltCh1
 .text.DAC_DMAHalfConvCpltCh1
                0x08002366       0x1c ./Drivers/STM32F7xx_HAL_Driver/Src/stm32f7xx_hal_dac.o
                0x08002366                DAC_DMAHalfConvCpltCh1
 .text.DAC_DMAErrorCh1
                0x08002382       0x2e ./Drivers/STM32F7xx_HAL_Driver/Src/stm32f7xx_hal_dac.o
                0x08002382                DAC_DMAErrorCh1
 .text.HAL_DACEx_TriangleWaveGenerate
                0x080023b0       0x78 ./Drivers/STM32F7xx_HAL_Driver/Src/stm32f7xx_hal_dac_ex.o
                0x080023b0                HAL_DACEx_TriangleWaveGenerate
 .text.HAL_DACEx_ConvCpltCallbackCh2
                0x08002428       0x14 ./Drivers/STM32F7xx_HAL_Driver/Src/stm32f7xx_hal_dac_ex.o
                0x08002428                HAL_DACEx_ConvCpltCallbackCh2
 .text.HAL_DACEx_ConvHalfCpltCallbackCh2
                0x0800243c       0x14 ./Drivers/STM32F7xx_HAL_Driver/Src/stm32f7xx_hal_dac_ex.o
                0x0800243c                HAL_DACEx_ConvHalfCpltCallbackCh2
 .text.HAL_DACEx_ErrorCallbackCh2
                0x08002450       0x14 ./Drivers/STM32F7xx_HAL_Driver/Src/stm32f7xx_hal_dac_ex.o
                0x08002450                HAL_DACEx_ErrorCallbackCh2
 .text.DAC_DMAConvCpltCh2
                0x08002464       0x22 ./Drivers/STM32F7xx_HAL_Driver/Src/stm32f7xx_hal_dac_ex.o
                0x08002464                DAC_DMAConvCpltCh2
 .text.DAC_DMAHalfConvCpltCh2
                0x08002486       0x1c ./Drivers/STM32F7xx_HAL_Driver/Src/stm32f7xx_hal_dac_ex.o
                0x08002486                DAC_DMAHalfConvCpltCh2
 .text.DAC_DMAErrorCh2
                0x080024a2       0x2e ./Drivers/STM32F7xx_HAL_Driver/Src/stm32f7xx_hal_dac_ex.o
                0x080024a2                DAC_DMAErrorCh2
 .text.HAL_DMA_Init
                0x080024d0      0x15c ./Drivers/STM32F7xx_HAL_Driver/Src/stm32f7xx_hal_dma.o
                0x080024d0                HAL_DMA_Init
 .text.HAL_DMA_Start_IT
                0x0800262c       0xc0 ./Drivers/STM32F7xx_HAL_Driver/Src/stm32f7xx_hal_dma.o
                0x0800262c                HAL_DMA_Start_IT
 .text.HAL_DMA_Abort
                0x080026ec       0xe0 ./Drivers/STM32F7xx_HAL_Driver/Src/stm32f7xx_hal_dma.o
                0x080026ec                HAL_DMA_Abort
 .text.HAL_DMA_Abort_IT
                0x080027cc       0x44 ./Drivers/STM32F7xx_HAL_Driver/Src/stm32f7xx_hal_dma.o
                0x080027cc                HAL_DMA_Abort_IT
 .text.HAL_DMA_IRQHandler
                0x08002810      0x314 ./Drivers/STM32F7xx_HAL_Driver/Src/stm32f7xx_hal_dma.o
                0x08002810                HAL_DMA_IRQHandler
 .text.DMA_SetConfig
                0x08002b24       0x5c ./Drivers/STM32F7xx_HAL_Driver/Src/stm32f7xx_hal_dma.o
 .text.DMA_CalcBaseAndBitshift
                0x08002b80       0x6c ./Drivers/STM32F7xx_HAL_Driver/Src/stm32f7xx_hal_dma.o
 .text.DMA_CheckFifoParam
                0x08002bec       0xf8 ./Drivers/STM32F7xx_HAL_Driver/Src/stm32f7xx_hal_dma.o
 .text.HAL_GPIO_Init
                0x08002ce4      0x358 ./Drivers/STM32F7xx_HAL_Driver/Src/stm32f7xx_hal_gpio.o
                0x08002ce4                HAL_GPIO_Init
 .text.HAL_GPIO_WritePin
                0x0800303c       0x32 ./Drivers/STM32F7xx_HAL_Driver/Src/stm32f7xx_hal_gpio.o
                0x0800303c                HAL_GPIO_WritePin
 *fill*         0x0800306e        0x2 
 .text.HAL_GPIO_EXTI_IRQHandler
                0x08003070       0x30 ./Drivers/STM32F7xx_HAL_Driver/Src/stm32f7xx_hal_gpio.o
                0x08003070                HAL_GPIO_EXTI_IRQHandler
 .text.HAL_GPIO_EXTI_Callback
                0x080030a0       0x16 ./Drivers/STM32F7xx_HAL_Driver/Src/stm32f7xx_hal_gpio.o
                0x080030a0                HAL_GPIO_EXTI_Callback
 *fill*         0x080030b6        0x2 
 .text.HAL_RCC_OscConfig
                0x080030b8      0x55c ./Drivers/STM32F7xx_HAL_Driver/Src/stm32f7xx_hal_rcc.o
                0x080030b8                HAL_RCC_OscConfig
 .text.HAL_RCC_ClockConfig
                0x08003614      0x1d8 ./Drivers/STM32F7xx_HAL_Driver/Src/stm32f7xx_hal_rcc.o
                0x08003614                HAL_RCC_ClockConfig
 .text.HAL_RCC_GetSysClockFreq
                0x080037ec      0x18c ./Drivers/STM32F7xx_HAL_Driver/Src/stm32f7xx_hal_rcc.o
                0x080037ec                HAL_RCC_GetSysClockFreq
 .text.HAL_RCC_GetHCLKFreq
                0x08003978       0x18 ./Drivers/STM32F7xx_HAL_Driver/Src/stm32f7xx_hal_rcc.o
                0x08003978                HAL_RCC_GetHCLKFreq
 .text.HAL_RCC_GetPCLK1Freq
                0x08003990       0x28 ./Drivers/STM32F7xx_HAL_Driver/Src/stm32f7xx_hal_rcc.o
                0x08003990                HAL_RCC_GetPCLK1Freq
 .text.HAL_RCC_GetPCLK2Freq
                0x080039b8       0x28 ./Drivers/STM32F7xx_HAL_Driver/Src/stm32f7xx_hal_rcc.o
                0x080039b8                HAL_RCC_GetPCLK2Freq
 .text.HAL_RCCEx_PeriphCLKConfig
                0x080039e0      0x850 ./Drivers/STM32F7xx_HAL_Driver/Src/stm32f7xx_hal_rcc_ex.o
                0x080039e0                HAL_RCCEx_PeriphCLKConfig
 .text.HAL_SPI_Init
                0x08004230      0x156 ./Drivers/STM32F7xx_HAL_Driver/Src/stm32f7xx_hal_spi.o
                0x08004230                HAL_SPI_Init
 .text.HAL_SPI_Transmit
                0x08004386      0x2ea ./Drivers/STM32F7xx_HAL_Driver/Src/stm32f7xx_hal_spi.o
                0x08004386                HAL_SPI_Transmit
 .text.HAL_SPI_TransmitReceive
                0x08004670      0x444 ./Drivers/STM32F7xx_HAL_Driver/Src/stm32f7xx_hal_spi.o
                0x08004670                HAL_SPI_TransmitReceive
 .text.SPI_WaitFlagStateUntilTimeout
                0x08004ab4      0x110 ./Drivers/STM32F7xx_HAL_Driver/Src/stm32f7xx_hal_spi.o
 .text.SPI_WaitFifoStateUntilTimeout
                0x08004bc4      0x12c ./Drivers/STM32F7xx_HAL_Driver/Src/stm32f7xx_hal_spi.o
 .text.SPI_EndRxTxTransaction
                0x08004cf0       0xd4 ./Drivers/STM32F7xx_HAL_Driver/Src/stm32f7xx_hal_spi.o
 .text.HAL_TIM_Base_Init
                0x08004dc4       0xae ./Drivers/STM32F7xx_HAL_Driver/Src/stm32f7xx_hal_tim.o
                0x08004dc4                HAL_TIM_Base_Init
 *fill*         0x08004e72        0x2 
 .text.HAL_TIM_Base_Start
                0x08004e74       0xe0 ./Drivers/STM32F7xx_HAL_Driver/Src/stm32f7xx_hal_tim.o
                0x08004e74                HAL_TIM_Base_Start
 .text.HAL_TIM_Base_Stop
                0x08004f54       0x4e ./Drivers/STM32F7xx_HAL_Driver/Src/stm32f7xx_hal_tim.o
                0x08004f54                HAL_TIM_Base_Stop
 *fill*         0x08004fa2        0x2 
 .text.TIM_Base_SetConfig
                0x08004fa4      0x158 ./Drivers/STM32F7xx_HAL_Driver/Src/stm32f7xx_hal_tim.o
                0x08004fa4                TIM_Base_SetConfig
 .text.HAL_TIMEx_MasterConfigSynchronization
                0x080050fc      0x11c ./Drivers/STM32F7xx_HAL_Driver/Src/stm32f7xx_hal_tim_ex.o
                0x080050fc                HAL_TIMEx_MasterConfigSynchronization
 .text.HAL_UART_Init
                0x08005218       0x9c ./Drivers/STM32F7xx_HAL_Driver/Src/stm32f7xx_hal_uart.o
                0x08005218                HAL_UART_Init
 .text.HAL_UART_Transmit
                0x080052b4      0x112 ./Drivers/STM32F7xx_HAL_Driver/Src/stm32f7xx_hal_uart.o
                0x080052b4                HAL_UART_Transmit
 *fill*         0x080053c6        0x2 
 .text.HAL_UART_IRQHandler
                0x080053c8      0x5d0 ./Drivers/STM32F7xx_HAL_Driver/Src/stm32f7xx_hal_uart.o
                0x080053c8                HAL_UART_IRQHandler
 .text.HAL_UART_TxCpltCallback
                0x08005998       0x14 ./Drivers/STM32F7xx_HAL_Driver/Src/stm32f7xx_hal_uart.o
                0x08005998                HAL_UART_TxCpltCallback
 .text.HAL_UART_ErrorCallback
                0x080059ac       0x14 ./Drivers/STM32F7xx_HAL_Driver/Src/stm32f7xx_hal_uart.o
                0x080059ac                HAL_UART_ErrorCallback
 .text.HAL_UARTEx_RxEventCallback
                0x080059c0       0x18 ./Drivers/STM32F7xx_HAL_Driver/Src/stm32f7xx_hal_uart.o
                0x080059c0                HAL_UARTEx_RxEventCallback
 .text.HAL_UARTEx_WakeupCallback
                0x080059d8       0x14 ./Drivers/STM32F7xx_HAL_Driver/Src/stm32f7xx_hal_uart.o
                0x080059d8                HAL_UARTEx_WakeupCallback
 .text.UART_SetConfig
                0x080059ec      0x4c8 ./Drivers/STM32F7xx_HAL_Driver/Src/stm32f7xx_hal_uart.o
                0x080059ec                UART_SetConfig
 .text.UART_AdvFeatureConfig
                0x08005eb4      0x144 ./Drivers/STM32F7xx_HAL_Driver/Src/stm32f7xx_hal_uart.o
                0x08005eb4                UART_AdvFeatureConfig
 .text.UART_CheckIdleState
                0x08005ff8      0x150 ./Drivers/STM32F7xx_HAL_Driver/Src/stm32f7xx_hal_uart.o
                0x08005ff8                UART_CheckIdleState
 .text.UART_WaitOnFlagUntilTimeout
                0x08006148       0xda ./Drivers/STM32F7xx_HAL_Driver/Src/stm32f7xx_hal_uart.o
                0x08006148                UART_WaitOnFlagUntilTimeout
 .text.UART_EndRxTransfer
                0x08006222       0xc8 ./Drivers/STM32F7xx_HAL_Driver/Src/stm32f7xx_hal_uart.o
 .text.UART_DMAAbortOnError
                0x080062ea       0x2c ./Drivers/STM32F7xx_HAL_Driver/Src/stm32f7xx_hal_uart.o
 .text.UART_EndTransmit_IT
                0x08006316       0x54 ./Drivers/STM32F7xx_HAL_Driver/Src/stm32f7xx_hal_uart.o
 *fill*         0x0800636a        0x2 
 .text.MX_FATFS_Init
                0x0800636c       0x24 ./FATFS/App/fatfs.o
                0x0800636c                MX_FATFS_Init
 .text.get_fattime
                0x08006390       0x10 ./FATFS/App/fatfs.o
                0x08006390                get_fattime
 .text.USER_initialize
                0x080063a0       0x1c ./FATFS/Target/user_diskio.o
                0x080063a0                USER_initialize
 .text.USER_status
                0x080063bc       0x1c ./FATFS/Target/user_diskio.o
                0x080063bc                USER_status
 .text.USER_read
                0x080063d8       0x26 ./FATFS/Target/user_diskio.o
                0x080063d8                USER_read
 .text.USER_write
                0x080063fe       0x26 ./FATFS/Target/user_diskio.o
                0x080063fe                USER_write
 .text.USER_ioctl
                0x08006424       0x26 ./FATFS/Target/user_diskio.o
                0x08006424                USER_ioctl
 *fill*         0x0800644a        0x2 
 .text.disk_status
                0x0800644c       0x34 ./Middlewares/Third_Party/FatFs/src/diskio.o
                0x0800644c                disk_status
 .text.disk_initialize
                0x08006480       0x4c ./Middlewares/Third_Party/FatFs/src/diskio.o
                0x08006480                disk_initialize
 .text.disk_read
                0x080064cc       0x40 ./Middlewares/Third_Party/FatFs/src/diskio.o
                0x080064cc                disk_read
 .text.disk_write
                0x0800650c       0x40 ./Middlewares/Third_Party/FatFs/src/diskio.o
                0x0800650c                disk_write
 .text.disk_ioctl
                0x0800654c       0x3c ./Middlewares/Third_Party/FatFs/src/diskio.o
                0x0800654c                disk_ioctl
 .text.ld_word  0x08006588       0x30 ./Middlewares/Third_Party/FatFs/src/ff.o
 .text.ld_dword
                0x080065b8       0x46 ./Middlewares/Third_Party/FatFs/src/ff.o
 .text.st_word  0x080065fe       0x36 ./Middlewares/Third_Party/FatFs/src/ff.o
 .text.st_dword
                0x08006634       0x58 ./Middlewares/Third_Party/FatFs/src/ff.o
 .text.mem_cpy  0x0800668c       0x42 ./Middlewares/Third_Party/FatFs/src/ff.o
 .text.mem_set  0x080066ce       0x36 ./Middlewares/Third_Party/FatFs/src/ff.o
 .text.mem_cmp  0x08006704       0x4e ./Middlewares/Third_Party/FatFs/src/ff.o
 .text.chk_chr  0x08006752       0x36 ./Middlewares/Third_Party/FatFs/src/ff.o
 .text.chk_lock
                0x08006788       0xb8 ./Middlewares/Third_Party/FatFs/src/ff.o
 .text.enq_lock
                0x08006840       0x44 ./Middlewares/Third_Party/FatFs/src/ff.o
 .text.inc_lock
                0x08006884      0x11c ./Middlewares/Third_Party/FatFs/src/ff.o
 .text.dec_lock
                0x080069a0       0x78 ./Middlewares/Third_Party/FatFs/src/ff.o
 .text.clear_lock
                0x08006a18       0x48 ./Middlewares/Third_Party/FatFs/src/ff.o
 .text.sync_window
                0x08006a60       0x88 ./Middlewares/Third_Party/FatFs/src/ff.o
 .text.move_window
                0x08006ae8       0x5a ./Middlewares/Third_Party/FatFs/src/ff.o
 *fill*         0x08006b42        0x2 
 .text.sync_fs  0x08006b44       0xdc ./Middlewares/Third_Party/FatFs/src/ff.o
 .text.clust2sect
                0x08006c20       0x3e ./Middlewares/Third_Party/FatFs/src/ff.o
 .text.get_fat  0x08006c5e      0x14e ./Middlewares/Third_Party/FatFs/src/ff.o
 .text.put_fat  0x08006dac      0x1d4 ./Middlewares/Third_Party/FatFs/src/ff.o
 .text.remove_chain
                0x08006f80       0xca ./Middlewares/Third_Party/FatFs/src/ff.o
 .text.create_chain
                0x0800704a      0x130 ./Middlewares/Third_Party/FatFs/src/ff.o
 .text.clmt_clust
                0x0800717a       0x68 ./Middlewares/Third_Party/FatFs/src/ff.o
 .text.dir_sdi  0x080071e2       0xf6 ./Middlewares/Third_Party/FatFs/src/ff.o
 .text.dir_next
                0x080072d8      0x18a ./Middlewares/Third_Party/FatFs/src/ff.o
 .text.dir_alloc
                0x08007462       0x8e ./Middlewares/Third_Party/FatFs/src/ff.o
 .text.ld_clust
                0x080074f0       0x3e ./Middlewares/Third_Party/FatFs/src/ff.o
 .text.st_clust
                0x0800752e       0x40 ./Middlewares/Third_Party/FatFs/src/ff.o
 .text.dir_find
                0x0800756e       0xaa ./Middlewares/Third_Party/FatFs/src/ff.o
 .text.dir_register
                0x08007618       0x64 ./Middlewares/Third_Party/FatFs/src/ff.o
 .text.create_name
                0x0800767c      0x128 ./Middlewares/Third_Party/FatFs/src/ff.o
 .text.follow_path
                0x080077a4       0xe2 ./Middlewares/Third_Party/FatFs/src/ff.o
 .text.get_ldnumber
                0x08007886       0x88 ./Middlewares/Third_Party/FatFs/src/ff.o
 *fill*         0x0800790e        0x2 
 .text.check_fs
                0x08007910       0xac ./Middlewares/Third_Party/FatFs/src/ff.o
 .text.find_volume
                0x080079bc      0x498 ./Middlewares/Third_Party/FatFs/src/ff.o
 .text.validate
                0x08007e54       0x6a ./Middlewares/Third_Party/FatFs/src/ff.o
 *fill*         0x08007ebe        0x2 
 .text.f_mount  0x08007ec0       0x8c ./Middlewares/Third_Party/FatFs/src/ff.o
                0x08007ec0                f_mount
 .text.f_open   0x08007f4c      0x374 ./Middlewares/Third_Party/FatFs/src/ff.o
                0x08007f4c                f_open
 .text.f_read   0x080082c0      0x27e ./Middlewares/Third_Party/FatFs/src/ff.o
                0x080082c0                f_read
 .text.f_sync   0x0800853e       0xfc ./Middlewares/Third_Party/FatFs/src/ff.o
                0x0800853e                f_sync
 .text.f_close  0x0800863a       0x54 ./Middlewares/Third_Party/FatFs/src/ff.o
                0x0800863a                f_close
 .text.f_lseek  0x0800868e      0x412 ./Middlewares/Third_Party/FatFs/src/ff.o
                0x0800868e                f_lseek
 .text.FATFS_LinkDriverEx
                0x08008aa0       0x98 ./Middlewares/Third_Party/FatFs/src/ff_gen_drv.o
                0x08008aa0                FATFS_LinkDriverEx
 .text.FATFS_LinkDriver
                0x08008b38       0x1e ./Middlewares/Third_Party/FatFs/src/ff_gen_drv.o
                0x08008b38                FATFS_LinkDriver
 *fill*         0x08008b56        0x2 
 .text.sbrk_aligned
                0x08008b58       0x44 C:/ST/STM32CubeIDE_1.17.0/STM32CubeIDE/plugins/com.st.stm32cube.ide.mcu.externaltools.gnu-tools-for-stm32.12.3.rel1.win32_1.1.0.202410251130/tools/bin/../lib/gcc/arm-none-eabi/12.3.1/../../../../arm-none-eabi/lib/thumb/v7e-m+dp/hard\libc_nano.a(libc_a-mallocr.o)
 .text._malloc_r
                0x08008b9c      0x100 C:/ST/STM32CubeIDE_1.17.0/STM32CubeIDE/plugins/com.st.stm32cube.ide.mcu.externaltools.gnu-tools-for-stm32.12.3.rel1.win32_1.1.0.202410251130/tools/bin/../lib/gcc/arm-none-eabi/12.3.1/../../../../arm-none-eabi/lib/thumb/v7e-m+dp/hard\libc_nano.a(libc_a-mallocr.o)
                0x08008b9c                _malloc_r
 .text.__malloc_lock
                0x08008c9c        0xc C:/ST/STM32CubeIDE_1.17.0/STM32CubeIDE/plugins/com.st.stm32cube.ide.mcu.externaltools.gnu-tools-for-stm32.12.3.rel1.win32_1.1.0.202410251130/tools/bin/../lib/gcc/arm-none-eabi/12.3.1/../../../../arm-none-eabi/lib/thumb/v7e-m+dp/hard\libc_nano.a(libc_a-mlock.o)
                0x08008c9c                __malloc_lock
 .text.__malloc_unlock
                0x08008ca8        0xc C:/ST/STM32CubeIDE_1.17.0/STM32CubeIDE/plugins/com.st.stm32cube.ide.mcu.externaltools.gnu-tools-for-stm32.12.3.rel1.win32_1.1.0.202410251130/tools/bin/../lib/gcc/arm-none-eabi/12.3.1/../../../../arm-none-eabi/lib/thumb/v7e-m+dp/hard\libc_nano.a(libc_a-mlock.o)
                0x08008ca8                __malloc_unlock
 .text.sprintf  0x08008cb4       0x40 C:/ST/STM32CubeIDE_1.17.0/STM32CubeIDE/plugins/com.st.stm32cube.ide.mcu.externaltools.gnu-tools-for-stm32.12.3.rel1.win32_1.1.0.202410251130/tools/bin/../lib/gcc/arm-none-eabi/12.3.1/../../../../arm-none-eabi/lib/thumb/v7e-m+dp/hard\libc_nano.a(libc_a-sprintf.o)
                0x08008cb4                siprintf
                0x08008cb4                sprintf
 .text.memset   0x08008cf4       0x10 C:/ST/STM32CubeIDE_1.17.0/STM32CubeIDE/plugins/com.st.stm32cube.ide.mcu.externaltools.gnu-tools-for-stm32.12.3.rel1.win32_1.1.0.202410251130/tools/bin/../lib/gcc/arm-none-eabi/12.3.1/../../../../arm-none-eabi/lib/thumb/v7e-m+dp/hard\libc_nano.a(libc_a-memset.o)
                0x08008cf4                memset
 .text._sbrk_r  0x08008d04       0x20 C:/ST/STM32CubeIDE_1.17.0/STM32CubeIDE/plugins/com.st.stm32cube.ide.mcu.externaltools.gnu-tools-for-stm32.12.3.rel1.win32_1.1.0.202410251130/tools/bin/../lib/gcc/arm-none-eabi/12.3.1/../../../../arm-none-eabi/lib/thumb/v7e-m+dp/hard\libc_nano.a(libc_a-sbrkr.o)
                0x08008d04                _sbrk_r
 .text.__errno  0x08008d24        0xc C:/ST/STM32CubeIDE_1.17.0/STM32CubeIDE/plugins/com.st.stm32cube.ide.mcu.externaltools.gnu-tools-for-stm32.12.3.rel1.win32_1.1.0.202410251130/tools/bin/../lib/gcc/arm-none-eabi/12.3.1/../../../../arm-none-eabi/lib/thumb/v7e-m+dp/hard\libc_nano.a(libc_a-errno.o)
                0x08008d24                __errno
 .text.__libc_init_array
                0x08008d30       0x48 C:/ST/STM32CubeIDE_1.17.0/STM32CubeIDE/plugins/com.st.stm32cube.ide.mcu.externaltools.gnu-tools-for-stm32.12.3.rel1.win32_1.1.0.202410251130/tools/bin/../lib/gcc/arm-none-eabi/12.3.1/../../../../arm-none-eabi/lib/thumb/v7e-m+dp/hard\libc_nano.a(libc_a-init.o)
                0x08008d30                __libc_init_array
 .text.__retarget_lock_acquire_recursive
                0x08008d78        0x2 C:/ST/STM32CubeIDE_1.17.0/STM32CubeIDE/plugins/com.st.stm32cube.ide.mcu.externaltools.gnu-tools-for-stm32.12.3.rel1.win32_1.1.0.202410251130/tools/bin/../lib/gcc/arm-none-eabi/12.3.1/../../../../arm-none-eabi/lib/thumb/v7e-m+dp/hard\libc_nano.a(libc_a-lock.o)
                0x08008d78                __retarget_lock_acquire_recursive
 .text.__retarget_lock_release_recursive
                0x08008d7a        0x2 C:/ST/STM32CubeIDE_1.17.0/STM32CubeIDE/plugins/com.st.stm32cube.ide.mcu.externaltools.gnu-tools-for-stm32.12.3.rel1.win32_1.1.0.202410251130/tools/bin/../lib/gcc/arm-none-eabi/12.3.1/../../../../arm-none-eabi/lib/thumb/v7e-m+dp/hard\libc_nano.a(libc_a-lock.o)
                0x08008d7a                __retarget_lock_release_recursive
 .text._free_r  0x08008d7c       0x94 C:/ST/STM32CubeIDE_1.17.0/STM32CubeIDE/plugins/com.st.stm32cube.ide.mcu.externaltools.gnu-tools-for-stm32.12.3.rel1.win32_1.1.0.202410251130/tools/bin/../lib/gcc/arm-none-eabi/12.3.1/../../../../arm-none-eabi/lib/thumb/v7e-m+dp/hard\libc_nano.a(libc_a-freer.o)
                0x08008d7c                _free_r
 .text.__ssputs_r
                0x08008e10       0xb6 C:/ST/STM32CubeIDE_1.17.0/STM32CubeIDE/plugins/com.st.stm32cube.ide.mcu.externaltools.gnu-tools-for-stm32.12.3.rel1.win32_1.1.0.202410251130/tools/bin/../lib/gcc/arm-none-eabi/12.3.1/../../../../arm-none-eabi/lib/thumb/v7e-m+dp/hard\libc_nano.a(libc_a-nano-svfprintf.o)
                0x08008e10                __ssputs_r
 *fill*         0x08008ec6        0x2 
 .text._svfprintf_r
                0x08008ec8      0x1f8 C:/ST/STM32CubeIDE_1.17.0/STM32CubeIDE/plugins/com.st.stm32cube.ide.mcu.externaltools.gnu-tools-for-stm32.12.3.rel1.win32_1.1.0.202410251130/tools/bin/../lib/gcc/arm-none-eabi/12.3.1/../../../../arm-none-eabi/lib/thumb/v7e-m+dp/hard\libc_nano.a(libc_a-nano-svfprintf.o)
                0x08008ec8                _svfiprintf_r
                0x08008ec8                _svfprintf_r
 .text._printf_common
                0x080090c0       0xda C:/ST/STM32CubeIDE_1.17.0/STM32CubeIDE/plugins/com.st.stm32cube.ide.mcu.externaltools.gnu-tools-for-stm32.12.3.rel1.win32_1.1.0.202410251130/tools/bin/../lib/gcc/arm-none-eabi/12.3.1/../../../../arm-none-eabi/lib/thumb/v7e-m+dp/hard\libc_nano.a(libc_a-nano-vfprintf_i.o)
                0x080090c0                _printf_common
 *fill*         0x0800919a        0x2 
 .text._printf_i
                0x0800919c      0x240 C:/ST/STM32CubeIDE_1.17.0/STM32CubeIDE/plugins/com.st.stm32cube.ide.mcu.externaltools.gnu-tools-for-stm32.12.3.rel1.win32_1.1.0.202410251130/tools/bin/../lib/gcc/arm-none-eabi/12.3.1/../../../../arm-none-eabi/lib/thumb/v7e-m+dp/hard\libc_nano.a(libc_a-nano-vfprintf_i.o)
                0x0800919c                _printf_i
 .text.memmove  0x080093dc       0x34 C:/ST/STM32CubeIDE_1.17.0/STM32CubeIDE/plugins/com.st.stm32cube.ide.mcu.externaltools.gnu-tools-for-stm32.12.3.rel1.win32_1.1.0.202410251130/tools/bin/../lib/gcc/arm-none-eabi/12.3.1/../../../../arm-none-eabi/lib/thumb/v7e-m+dp/hard\libc_nano.a(libc_a-memmove.o)
                0x080093dc                memmove
 .text.memcpy   0x08009410       0x1c C:/ST/STM32CubeIDE_1.17.0/STM32CubeIDE/plugins/com.st.stm32cube.ide.mcu.externaltools.gnu-tools-for-stm32.12.3.rel1.win32_1.1.0.202410251130/tools/bin/../lib/gcc/arm-none-eabi/12.3.1/../../../../arm-none-eabi/lib/thumb/v7e-m+dp/hard\libc_nano.a(libc_a-memcpy-stub.o)
                0x08009410                memcpy
 .text._realloc_r
                0x0800942c       0x5c C:/ST/STM32CubeIDE_1.17.0/STM32CubeIDE/plugins/com.st.stm32cube.ide.mcu.externaltools.gnu-tools-for-stm32.12.3.rel1.win32_1.1.0.202410251130/tools/bin/../lib/gcc/arm-none-eabi/12.3.1/../../../../arm-none-eabi/lib/thumb/v7e-m+dp/hard\libc_nano.a(libc_a-reallocr.o)
                0x0800942c                _realloc_r
 .text._malloc_usable_size_r
                0x08009488       0x10 C:/ST/STM32CubeIDE_1.17.0/STM32CubeIDE/plugins/com.st.stm32cube.ide.mcu.externaltools.gnu-tools-for-stm32.12.3.rel1.win32_1.1.0.202410251130/tools/bin/../lib/gcc/arm-none-eabi/12.3.1/../../../../arm-none-eabi/lib/thumb/v7e-m+dp/hard\libc_nano.a(libc_a-msizer.o)
                0x08009488                _malloc_usable_size_r
 *(.glue_7)
 .glue_7        0x08009498        0x0 linker stubs
 *(.glue_7t)
 .glue_7t       0x08009498        0x0 linker stubs
 *(.eh_frame)
 .eh_frame      0x08009498        0x0 C:/ST/STM32CubeIDE_1.17.0/STM32CubeIDE/plugins/com.st.stm32cube.ide.mcu.externaltools.gnu-tools-for-stm32.12.3.rel1.win32_1.1.0.202410251130/tools/bin/../lib/gcc/arm-none-eabi/12.3.1/thumb/v7e-m+dp/hard/crtbegin.o
 *(.init)
 .init          0x08009498        0x4 C:/ST/STM32CubeIDE_1.17.0/STM32CubeIDE/plugins/com.st.stm32cube.ide.mcu.externaltools.gnu-tools-for-stm32.12.3.rel1.win32_1.1.0.202410251130/tools/bin/../lib/gcc/arm-none-eabi/12.3.1/thumb/v7e-m+dp/hard/crti.o
                0x08009498                _init
 .init          0x0800949c        0x8 C:/ST/STM32CubeIDE_1.17.0/STM32CubeIDE/plugins/com.st.stm32cube.ide.mcu.externaltools.gnu-tools-for-stm32.12.3.rel1.win32_1.1.0.202410251130/tools/bin/../lib/gcc/arm-none-eabi/12.3.1/thumb/v7e-m+dp/hard/crtn.o
 *(.fini)
 .fini          0x080094a4        0x4 C:/ST/STM32CubeIDE_1.17.0/STM32CubeIDE/plugins/com.st.stm32cube.ide.mcu.externaltools.gnu-tools-for-stm32.12.3.rel1.win32_1.1.0.202410251130/tools/bin/../lib/gcc/arm-none-eabi/12.3.1/thumb/v7e-m+dp/hard/crti.o
                0x080094a4                _fini
 .fini          0x080094a8        0x8 C:/ST/STM32CubeIDE_1.17.0/STM32CubeIDE/plugins/com.st.stm32cube.ide.mcu.externaltools.gnu-tools-for-stm32.12.3.rel1.win32_1.1.0.202410251130/tools/bin/../lib/gcc/arm-none-eabi/12.3.1/thumb/v7e-m+dp/hard/crtn.o
                0x080094b0                        . = ALIGN (0x4)
                0x080094b0                        _etext = .

.vfp11_veneer   0x080094b0        0x0
 .vfp11_veneer  0x080094b0        0x0 linker stubs

.v4_bx          0x080094b0        0x0
 .v4_bx         0x080094b0        0x0 linker stubs

.iplt           0x080094b0        0x0
 .iplt          0x080094b0        0x0 C:/ST/STM32CubeIDE_1.17.0/STM32CubeIDE/plugins/com.st.stm32cube.ide.mcu.externaltools.gnu-tools-for-stm32.12.3.rel1.win32_1.1.0.202410251130/tools/bin/../lib/gcc/arm-none-eabi/12.3.1/thumb/v7e-m+dp/hard/crtbegin.o

.rodata         0x080094b0      0x2b0
                0x080094b0                        . = ALIGN (0x4)
 *(.rodata)
 .rodata        0x080094b0      0x198 ./Core/Src/main.o
 .rodata        0x08009648       0x44 ./Middlewares/Third_Party/FatFs/src/ff.o
 *(.rodata*)
 .rodata.AHBPrescTable
                0x0800968c       0x10 ./Core/Src/system_stm32f7xx.o
                0x0800968c                AHBPrescTable
 .rodata.APBPrescTable
                0x0800969c        0x8 ./Core/Src/system_stm32f7xx.o
                0x0800969c                APBPrescTable
 .rodata.flagBitshiftOffset.0
                0x080096a4        0x8 ./Drivers/STM32F7xx_HAL_Driver/Src/stm32f7xx_hal_dma.o
 .rodata.ExCvt  0x080096ac       0x80 ./Middlewares/Third_Party/FatFs/src/ff.o
 .rodata._svfprintf_r.str1.1
                0x0800972c       0x11 C:/ST/STM32CubeIDE_1.17.0/STM32CubeIDE/plugins/com.st.stm32cube.ide.mcu.externaltools.gnu-tools-for-stm32.12.3.rel1.win32_1.1.0.202410251130/tools/bin/../lib/gcc/arm-none-eabi/12.3.1/../../../../arm-none-eabi/lib/thumb/v7e-m+dp/hard\libc_nano.a(libc_a-nano-svfprintf.o)
 .rodata._printf_i.str1.1
                0x0800973d       0x22 C:/ST/STM32CubeIDE_1.17.0/STM32CubeIDE/plugins/com.st.stm32cube.ide.mcu.externaltools.gnu-tools-for-stm32.12.3.rel1.win32_1.1.0.202410251130/tools/bin/../lib/gcc/arm-none-eabi/12.3.1/../../../../arm-none-eabi/lib/thumb/v7e-m+dp/hard\libc_nano.a(libc_a-nano-vfprintf_i.o)
                0x08009760                        . = ALIGN (0x4)
 *fill*         0x0800975f        0x1 

.ARM.extab      0x08009760        0x0
                0x08009760                        . = ALIGN (0x4)
 *(.ARM.extab* .gnu.linkonce.armextab.*)
                0x08009760                        . = ALIGN (0x4)

.ARM            0x08009760        0x8
                0x08009760                        . = ALIGN (0x4)
                0x08009760                        __exidx_start = .
 *(.ARM.exidx*)
 .ARM.exidx     0x08009760        0x8 C:/ST/STM32CubeIDE_1.17.0/STM32CubeIDE/plugins/com.st.stm32cube.ide.mcu.externaltools.gnu-tools-for-stm32.12.3.rel1.win32_1.1.0.202410251130/tools/bin/../lib/gcc/arm-none-eabi/12.3.1/../../../../arm-none-eabi/lib/thumb/v7e-m+dp/hard\libc_nano.a(libc_a-memchr.o)
 .ARM.exidx     0x08009768        0x0 C:/ST/STM32CubeIDE_1.17.0/STM32CubeIDE/plugins/com.st.stm32cube.ide.mcu.externaltools.gnu-tools-for-stm32.12.3.rel1.win32_1.1.0.202410251130/tools/bin/../lib/gcc/arm-none-eabi/12.3.1/thumb/v7e-m+dp/hard\libgcc.a(_udivmoddi4.o)
                                  0x8 (size before relaxing)
                0x08009768                        __exidx_end = .
                0x08009768                        . = ALIGN (0x4)

.preinit_array  0x08009768        0x0
                0x08009768                        . = ALIGN (0x4)
                0x08009768                        PROVIDE (__preinit_array_start = .)
 *(.preinit_array*)
                0x08009768                        PROVIDE (__preinit_array_end = .)
                0x08009768                        . = ALIGN (0x4)

.init_array     0x08009768        0x4
                0x08009768                        . = ALIGN (0x4)
                0x08009768                        PROVIDE (__init_array_start = .)
 *(SORT_BY_NAME(.init_array.*))
 *(.init_array*)
 .init_array    0x08009768        0x4 C:/ST/STM32CubeIDE_1.17.0/STM32CubeIDE/plugins/com.st.stm32cube.ide.mcu.externaltools.gnu-tools-for-stm32.12.3.rel1.win32_1.1.0.202410251130/tools/bin/../lib/gcc/arm-none-eabi/12.3.1/thumb/v7e-m+dp/hard/crtbegin.o
                0x0800976c                        PROVIDE (__init_array_end = .)
                0x0800976c                        . = ALIGN (0x4)

.fini_array     0x0800976c        0x4
                0x0800976c                        . = ALIGN (0x4)
                [!provide]                        PROVIDE (__fini_array_start = .)
 *(SORT_BY_NAME(.fini_array.*))
 *(.fini_array*)
 .fini_array    0x0800976c        0x4 C:/ST/STM32CubeIDE_1.17.0/STM32CubeIDE/plugins/com.st.stm32cube.ide.mcu.externaltools.gnu-tools-for-stm32.12.3.rel1.win32_1.1.0.202410251130/tools/bin/../lib/gcc/arm-none-eabi/12.3.1/thumb/v7e-m+dp/hard/crtbegin.o
                [!provide]                        PROVIDE (__fini_array_end = .)
                0x08009770                        . = ALIGN (0x4)
                0x08009770                        _sidata = LOADADDR (.data)

.rel.dyn        0x08009770        0x0
 .rel.iplt      0x08009770        0x0 C:/ST/STM32CubeIDE_1.17.0/STM32CubeIDE/plugins/com.st.stm32cube.ide.mcu.externaltools.gnu-tools-for-stm32.12.3.rel1.win32_1.1.0.202410251130/tools/bin/../lib/gcc/arm-none-eabi/12.3.1/thumb/v7e-m+dp/hard/crtbegin.o

.data           0x20000000       0x74 load address 0x08009770
                0x20000000                        . = ALIGN (0x4)
                0x20000000                        _sdata = .
 *(.data)
 *(.data*)
 .data.Stat     0x20000000        0x1 ./Core/Src/fatfs_sd.o
 *fill*         0x20000001        0x3 
 .data.SystemCoreClock
                0x20000004        0x4 ./Core/Src/system_stm32f7xx.o
                0x20000004                SystemCoreClock
 .data.uwTickPrio
                0x20000008        0x4 ./Drivers/STM32F7xx_HAL_Driver/Src/stm32f7xx_hal.o
                0x20000008                uwTickPrio
 .data.uwTickFreq
                0x2000000c        0x1 ./Drivers/STM32F7xx_HAL_Driver/Src/stm32f7xx_hal.o
                0x2000000c                uwTickFreq
 *fill*         0x2000000d        0x3 
 .data.USER_Driver
                0x20000010       0x14 ./FATFS/Target/user_diskio.o
                0x20000010                USER_Driver
 .data._impure_ptr
                0x20000024        0x4 C:/ST/STM32CubeIDE_1.17.0/STM32CubeIDE/plugins/com.st.stm32cube.ide.mcu.externaltools.gnu-tools-for-stm32.12.3.rel1.win32_1.1.0.202410251130/tools/bin/../lib/gcc/arm-none-eabi/12.3.1/../../../../arm-none-eabi/lib/thumb/v7e-m+dp/hard\libc_nano.a(libc_a-impure.o)
                0x20000024                _impure_ptr
 .data._impure_data
                0x20000028       0x4c C:/ST/STM32CubeIDE_1.17.0/STM32CubeIDE/plugins/com.st.stm32cube.ide.mcu.externaltools.gnu-tools-for-stm32.12.3.rel1.win32_1.1.0.202410251130/tools/bin/../lib/gcc/arm-none-eabi/12.3.1/../../../../arm-none-eabi/lib/thumb/v7e-m+dp/hard\libc_nano.a(libc_a-impure.o)
                0x20000028                _impure_data
 *(.RamFunc)
 *(.RamFunc*)
                0x20000074                        . = ALIGN (0x4)
                0x20000074                        _edata = .

.igot.plt       0x20000074        0x0 load address 0x080097e4
 .igot.plt      0x20000074        0x0 C:/ST/STM32CubeIDE_1.17.0/STM32CubeIDE/plugins/com.st.stm32cube.ide.mcu.externaltools.gnu-tools-for-stm32.12.3.rel1.win32_1.1.0.202410251130/tools/bin/../lib/gcc/arm-none-eabi/12.3.1/thumb/v7e-m+dp/hard/crtbegin.o
                0x20000074                        . = ALIGN (0x4)

.bss            0x20000074     0x1054 load address 0x080097e4
                0x20000074                        _sbss = .
                0x20000074                        __bss_start__ = _sbss
 *(.bss)
 .bss           0x20000074       0x1c C:/ST/STM32CubeIDE_1.17.0/STM32CubeIDE/plugins/com.st.stm32cube.ide.mcu.externaltools.gnu-tools-for-stm32.12.3.rel1.win32_1.1.0.202410251130/tools/bin/../lib/gcc/arm-none-eabi/12.3.1/thumb/v7e-m+dp/hard/crtbegin.o
 *(.bss*)
 .bss.Timer1    0x20000090        0x2 ./Core/Src/fatfs_sd.o
                0x20000090                Timer1
 .bss.Timer2    0x20000092        0x2 ./Core/Src/fatfs_sd.o
                0x20000092                Timer2
 .bss.CardType  0x20000094        0x1 ./Core/Src/fatfs_sd.o
 .bss.PowerFlag
                0x20000095        0x1 ./Core/Src/fatfs_sd.o
 *fill*         0x20000096        0x2 
 .bss.FatFs     0x20000098      0x230 ./Core/Src/main.o
                0x20000098                FatFs
 .bss.bytesRead
                0x200002c8        0x4 ./Core/Src/main.o
                0x200002c8                bytesRead
 .bss.wavFile   0x200002cc      0x230 ./Core/Src/main.o
                0x200002cc                wavFile
 .bss.buff      0x200004fc       0x64 ./Core/Src/main.o
                0x200004fc                buff
 .bss.wavHeader
                0x20000560       0x2c ./Core/Src/main.o
                0x20000560                wavHeader
 .bss.audioBuffer1
                0x2000058c      0x400 ./Core/Src/main.o
                0x2000058c                audioBuffer1
 .bss.audioBuffer2
                0x2000098c      0x400 ./Core/Src/main.o
                0x2000098c                audioBuffer2
 .bss.activeBuffer
                0x20000d8c        0x1 ./Core/Src/main.o
                0x20000d8c                activeBuffer
 .bss.bufferReady
                0x20000d8d        0x1 ./Core/Src/main.o
                0x20000d8d                bufferReady
 *fill*         0x20000d8e        0x2 
 .bss.hdac      0x20000d90       0x14 ./Core/Src/main.o
                0x20000d90                hdac
 .bss.hdma_dac1
                0x20000da4       0x60 ./Core/Src/main.o
                0x20000da4                hdma_dac1
 .bss.hspi1     0x20000e04       0x64 ./Core/Src/main.o
                0x20000e04                hspi1
 .bss.htim6     0x20000e68       0x4c ./Core/Src/main.o
                0x20000e68                htim6
 .bss.huart3    0x20000eb4       0x88 ./Core/Src/main.o
                0x20000eb4                huart3
 .bss.__sbrk_heap_end
                0x20000f3c        0x4 ./Core/Src/sysmem.o
 .bss.uwTick    0x20000f40        0x4 ./Drivers/STM32F7xx_HAL_Driver/Src/stm32f7xx_hal.o
                0x20000f40                uwTick
 .bss.retUSER   0x20000f44        0x1 ./FATFS/App/fatfs.o
                0x20000f44                retUSER
 *fill*         0x20000f45        0x3 
 .bss.USERPath  0x20000f48        0x4 ./FATFS/App/fatfs.o
                0x20000f48                USERPath
 .bss.FatFs     0x20000f4c        0x4 ./Middlewares/Third_Party/FatFs/src/ff.o
 .bss.Fsid      0x20000f50        0x2 ./Middlewares/Third_Party/FatFs/src/ff.o
 *fill*         0x20000f52        0x2 
 .bss.Files     0x20000f54       0x20 ./Middlewares/Third_Party/FatFs/src/ff.o
 .bss.disk      0x20000f74        0xc ./Middlewares/Third_Party/FatFs/src/ff_gen_drv.o
                0x20000f74                disk
 .bss.__malloc_sbrk_start
                0x20000f80        0x4 C:/ST/STM32CubeIDE_1.17.0/STM32CubeIDE/plugins/com.st.stm32cube.ide.mcu.externaltools.gnu-tools-for-stm32.12.3.rel1.win32_1.1.0.202410251130/tools/bin/../lib/gcc/arm-none-eabi/12.3.1/../../../../arm-none-eabi/lib/thumb/v7e-m+dp/hard\libc_nano.a(libc_a-mallocr.o)
                0x20000f80                __malloc_sbrk_start
 .bss.__malloc_free_list
                0x20000f84        0x4 C:/ST/STM32CubeIDE_1.17.0/STM32CubeIDE/plugins/com.st.stm32cube.ide.mcu.externaltools.gnu-tools-for-stm32.12.3.rel1.win32_1.1.0.202410251130/tools/bin/../lib/gcc/arm-none-eabi/12.3.1/../../../../arm-none-eabi/lib/thumb/v7e-m+dp/hard\libc_nano.a(libc_a-mallocr.o)
                0x20000f84                __malloc_free_list
 .bss.__sf      0x20000f88      0x138 C:/ST/STM32CubeIDE_1.17.0/STM32CubeIDE/plugins/com.st.stm32cube.ide.mcu.externaltools.gnu-tools-for-stm32.12.3.rel1.win32_1.1.0.202410251130/tools/bin/../lib/gcc/arm-none-eabi/12.3.1/../../../../arm-none-eabi/lib/thumb/v7e-m+dp/hard\libc_nano.a(libc_a-findfp.o)
                0x20000f88                __sf
 .bss.errno     0x200010c0        0x4 C:/ST/STM32CubeIDE_1.17.0/STM32CubeIDE/plugins/com.st.stm32cube.ide.mcu.externaltools.gnu-tools-for-stm32.12.3.rel1.win32_1.1.0.202410251130/tools/bin/../lib/gcc/arm-none-eabi/12.3.1/../../../../arm-none-eabi/lib/thumb/v7e-m+dp/hard\libc_nano.a(libc_a-reent.o)
                0x200010c0                errno
 .bss.__lock___malloc_recursive_mutex
                0x200010c4        0x1 C:/ST/STM32CubeIDE_1.17.0/STM32CubeIDE/plugins/com.st.stm32cube.ide.mcu.externaltools.gnu-tools-for-stm32.12.3.rel1.win32_1.1.0.202410251130/tools/bin/../lib/gcc/arm-none-eabi/12.3.1/../../../../arm-none-eabi/lib/thumb/v7e-m+dp/hard\libc_nano.a(libc_a-lock.o)
                0x200010c4                __lock___malloc_recursive_mutex
 *(COMMON)
                0x200010c8                        . = ALIGN (0x4)
 *fill*         0x200010c5        0x3 
                0x200010c8                        _ebss = .
                0x200010c8                        __bss_end__ = _ebss

._user_heap_stack
                0x200010c8      0x600 load address 0x080097e4
                0x200010c8                        . = ALIGN (0x8)
                [!provide]                        PROVIDE (end = .)
                0x200010c8                        PROVIDE (_end = .)
                0x200012c8                        . = (. + _Min_Heap_Size)
 *fill*         0x200010c8      0x200 
                0x200016c8                        . = (. + _Min_Stack_Size)
 *fill*         0x200012c8      0x400 
                0x200016c8                        . = ALIGN (0x8)

/DISCARD/
 libc.a(*)
 libm.a(*)
 libgcc.a(*)

.ARM.attributes
                0x00000000       0x2e
 *(.ARM.attributes)
 .ARM.attributes
                0x00000000       0x20 C:/ST/STM32CubeIDE_1.17.0/STM32CubeIDE/plugins/com.st.stm32cube.ide.mcu.externaltools.gnu-tools-for-stm32.12.3.rel1.win32_1.1.0.202410251130/tools/bin/../lib/gcc/arm-none-eabi/12.3.1/thumb/v7e-m+dp/hard/crti.o
 .ARM.attributes
                0x00000020       0x32 C:/ST/STM32CubeIDE_1.17.0/STM32CubeIDE/plugins/com.st.stm32cube.ide.mcu.externaltools.gnu-tools-for-stm32.12.3.rel1.win32_1.1.0.202410251130/tools/bin/../lib/gcc/arm-none-eabi/12.3.1/thumb/v7e-m+dp/hard/crtbegin.o
 .ARM.attributes
                0x00000052       0x32 ./Core/Src/fatfs_sd.o
 .ARM.attributes
                0x00000084       0x32 ./Core/Src/main.o
 .ARM.attributes
                0x000000b6       0x32 ./Core/Src/stm32f7xx_hal_msp.o
 .ARM.attributes
                0x000000e8       0x32 ./Core/Src/stm32f7xx_it.o
 .ARM.attributes
                0x0000011a       0x32 ./Core/Src/sysmem.o
 .ARM.attributes
                0x0000014c       0x32 ./Core/Src/system_stm32f7xx.o
 .ARM.attributes
                0x0000017e       0x21 ./Core/Startup/startup_stm32f767zitx.o
 .ARM.attributes
                0x0000019f       0x32 ./Drivers/STM32F7xx_HAL_Driver/Src/stm32f7xx_hal.o
 .ARM.attributes
                0x000001d1       0x32 ./Drivers/STM32F7xx_HAL_Driver/Src/stm32f7xx_hal_cortex.o
 .ARM.attributes
                0x00000203       0x32 ./Drivers/STM32F7xx_HAL_Driver/Src/stm32f7xx_hal_dac.o
 .ARM.attributes
                0x00000235       0x32 ./Drivers/STM32F7xx_HAL_Driver/Src/stm32f7xx_hal_dac_ex.o
 .ARM.attributes
                0x00000267       0x32 ./Drivers/STM32F7xx_HAL_Driver/Src/stm32f7xx_hal_dma.o
 .ARM.attributes
                0x00000299       0x32 ./Drivers/STM32F7xx_HAL_Driver/Src/stm32f7xx_hal_gpio.o
 .ARM.attributes
                0x000002cb       0x32 ./Drivers/STM32F7xx_HAL_Driver/Src/stm32f7xx_hal_rcc.o
 .ARM.attributes
                0x000002fd       0x32 ./Drivers/STM32F7xx_HAL_Driver/Src/stm32f7xx_hal_rcc_ex.o
 .ARM.attributes
                0x0000032f       0x32 ./Drivers/STM32F7xx_HAL_Driver/Src/stm32f7xx_hal_spi.o
 .ARM.attributes
                0x00000361       0x32 ./Drivers/STM32F7xx_HAL_Driver/Src/stm32f7xx_hal_tim.o
 .ARM.attributes
                0x00000393       0x32 ./Drivers/STM32F7xx_HAL_Driver/Src/stm32f7xx_hal_tim_ex.o
 .ARM.attributes
                0x000003c5       0x32 ./Drivers/STM32F7xx_HAL_Driver/Src/stm32f7xx_hal_uart.o
 .ARM.attributes
                0x000003f7       0x32 ./FATFS/App/fatfs.o
 .ARM.attributes
                0x00000429       0x32 ./FATFS/Target/user_diskio.o
 .ARM.attributes
                0x0000045b       0x32 ./Middlewares/Third_Party/FatFs/src/diskio.o
 .ARM.attributes
                0x0000048d       0x32 ./Middlewares/Third_Party/FatFs/src/ff.o
 .ARM.attributes
                0x000004bf       0x32 ./Middlewares/Third_Party/FatFs/src/ff_gen_drv.o
 .ARM.attributes
                0x000004f1       0x32 C:/ST/STM32CubeIDE_1.17.0/STM32CubeIDE/plugins/com.st.stm32cube.ide.mcu.externaltools.gnu-tools-for-stm32.12.3.rel1.win32_1.1.0.202410251130/tools/bin/../lib/gcc/arm-none-eabi/12.3.1/../../../../arm-none-eabi/lib/thumb/v7e-m+dp/hard\libc_nano.a(libc_a-mallocr.o)
 .ARM.attributes
                0x00000523       0x32 C:/ST/STM32CubeIDE_1.17.0/STM32CubeIDE/plugins/com.st.stm32cube.ide.mcu.externaltools.gnu-tools-for-stm32.12.3.rel1.win32_1.1.0.202410251130/tools/bin/../lib/gcc/arm-none-eabi/12.3.1/../../../../arm-none-eabi/lib/thumb/v7e-m+dp/hard\libc_nano.a(libc_a-mlock.o)
 .ARM.attributes
                0x00000555       0x32 C:/ST/STM32CubeIDE_1.17.0/STM32CubeIDE/plugins/com.st.stm32cube.ide.mcu.externaltools.gnu-tools-for-stm32.12.3.rel1.win32_1.1.0.202410251130/tools/bin/../lib/gcc/arm-none-eabi/12.3.1/../../../../arm-none-eabi/lib/thumb/v7e-m+dp/hard\libc_nano.a(libc_a-findfp.o)
 .ARM.attributes
                0x00000587       0x32 C:/ST/STM32CubeIDE_1.17.0/STM32CubeIDE/plugins/com.st.stm32cube.ide.mcu.externaltools.gnu-tools-for-stm32.12.3.rel1.win32_1.1.0.202410251130/tools/bin/../lib/gcc/arm-none-eabi/12.3.1/../../../../arm-none-eabi/lib/thumb/v7e-m+dp/hard\libc_nano.a(libc_a-sprintf.o)
 .ARM.attributes
                0x000005b9       0x32 C:/ST/STM32CubeIDE_1.17.0/STM32CubeIDE/plugins/com.st.stm32cube.ide.mcu.externaltools.gnu-tools-for-stm32.12.3.rel1.win32_1.1.0.202410251130/tools/bin/../lib/gcc/arm-none-eabi/12.3.1/../../../../arm-none-eabi/lib/thumb/v7e-m+dp/hard\libc_nano.a(libc_a-memset.o)
 .ARM.attributes
                0x000005eb       0x32 C:/ST/STM32CubeIDE_1.17.0/STM32CubeIDE/plugins/com.st.stm32cube.ide.mcu.externaltools.gnu-tools-for-stm32.12.3.rel1.win32_1.1.0.202410251130/tools/bin/../lib/gcc/arm-none-eabi/12.3.1/../../../../arm-none-eabi/lib/thumb/v7e-m+dp/hard\libc_nano.a(libc_a-reent.o)
 .ARM.attributes
                0x0000061d       0x32 C:/ST/STM32CubeIDE_1.17.0/STM32CubeIDE/plugins/com.st.stm32cube.ide.mcu.externaltools.gnu-tools-for-stm32.12.3.rel1.win32_1.1.0.202410251130/tools/bin/../lib/gcc/arm-none-eabi/12.3.1/../../../../arm-none-eabi/lib/thumb/v7e-m+dp/hard\libc_nano.a(libc_a-impure.o)
 .ARM.attributes
                0x0000064f       0x32 C:/ST/STM32CubeIDE_1.17.0/STM32CubeIDE/plugins/com.st.stm32cube.ide.mcu.externaltools.gnu-tools-for-stm32.12.3.rel1.win32_1.1.0.202410251130/tools/bin/../lib/gcc/arm-none-eabi/12.3.1/../../../../arm-none-eabi/lib/thumb/v7e-m+dp/hard\libc_nano.a(libc_a-sbrkr.o)
 .ARM.attributes
                0x00000681       0x32 C:/ST/STM32CubeIDE_1.17.0/STM32CubeIDE/plugins/com.st.stm32cube.ide.mcu.externaltools.gnu-tools-for-stm32.12.3.rel1.win32_1.1.0.202410251130/tools/bin/../lib/gcc/arm-none-eabi/12.3.1/../../../../arm-none-eabi/lib/thumb/v7e-m+dp/hard\libc_nano.a(libc_a-errno.o)
 .ARM.attributes
                0x000006b3       0x32 C:/ST/STM32CubeIDE_1.17.0/STM32CubeIDE/plugins/com.st.stm32cube.ide.mcu.externaltools.gnu-tools-for-stm32.12.3.rel1.win32_1.1.0.202410251130/tools/bin/../lib/gcc/arm-none-eabi/12.3.1/../../../../arm-none-eabi/lib/thumb/v7e-m+dp/hard\libc_nano.a(libc_a-init.o)
 .ARM.attributes
                0x000006e5       0x32 C:/ST/STM32CubeIDE_1.17.0/STM32CubeIDE/plugins/com.st.stm32cube.ide.mcu.externaltools.gnu-tools-for-stm32.12.3.rel1.win32_1.1.0.202410251130/tools/bin/../lib/gcc/arm-none-eabi/12.3.1/../../../../arm-none-eabi/lib/thumb/v7e-m+dp/hard\libc_nano.a(libc_a-lock.o)
 .ARM.attributes
                0x00000717       0x32 C:/ST/STM32CubeIDE_1.17.0/STM32CubeIDE/plugins/com.st.stm32cube.ide.mcu.externaltools.gnu-tools-for-stm32.12.3.rel1.win32_1.1.0.202410251130/tools/bin/../lib/gcc/arm-none-eabi/12.3.1/../../../../arm-none-eabi/lib/thumb/v7e-m+dp/hard\libc_nano.a(libc_a-freer.o)
 .ARM.attributes
                0x00000749       0x32 C:/ST/STM32CubeIDE_1.17.0/STM32CubeIDE/plugins/com.st.stm32cube.ide.mcu.externaltools.gnu-tools-for-stm32.12.3.rel1.win32_1.1.0.202410251130/tools/bin/../lib/gcc/arm-none-eabi/12.3.1/../../../../arm-none-eabi/lib/thumb/v7e-m+dp/hard\libc_nano.a(libc_a-nano-svfprintf.o)
 .ARM.attributes
                0x0000077b       0x32 C:/ST/STM32CubeIDE_1.17.0/STM32CubeIDE/plugins/com.st.stm32cube.ide.mcu.externaltools.gnu-tools-for-stm32.12.3.rel1.win32_1.1.0.202410251130/tools/bin/../lib/gcc/arm-none-eabi/12.3.1/../../../../arm-none-eabi/lib/thumb/v7e-m+dp/hard\libc_nano.a(libc_a-nano-vfprintf_i.o)
 .ARM.attributes
                0x000007ad       0x32 C:/ST/STM32CubeIDE_1.17.0/STM32CubeIDE/plugins/com.st.stm32cube.ide.mcu.externaltools.gnu-tools-for-stm32.12.3.rel1.win32_1.1.0.202410251130/tools/bin/../lib/gcc/arm-none-eabi/12.3.1/../../../../arm-none-eabi/lib/thumb/v7e-m+dp/hard\libc_nano.a(libc_a-memmove.o)
 .ARM.attributes
                0x000007df       0x1c C:/ST/STM32CubeIDE_1.17.0/STM32CubeIDE/plugins/com.st.stm32cube.ide.mcu.externaltools.gnu-tools-for-stm32.12.3.rel1.win32_1.1.0.202410251130/tools/bin/../lib/gcc/arm-none-eabi/12.3.1/../../../../arm-none-eabi/lib/thumb/v7e-m+dp/hard\libc_nano.a(libc_a-memchr.o)
 .ARM.attributes
                0x000007fb       0x32 C:/ST/STM32CubeIDE_1.17.0/STM32CubeIDE/plugins/com.st.stm32cube.ide.mcu.externaltools.gnu-tools-for-stm32.12.3.rel1.win32_1.1.0.202410251130/tools/bin/../lib/gcc/arm-none-eabi/12.3.1/../../../../arm-none-eabi/lib/thumb/v7e-m+dp/hard\libc_nano.a(libc_a-memcpy-stub.o)
 .ARM.attributes
                0x0000082d       0x32 C:/ST/STM32CubeIDE_1.17.0/STM32CubeIDE/plugins/com.st.stm32cube.ide.mcu.externaltools.gnu-tools-for-stm32.12.3.rel1.win32_1.1.0.202410251130/tools/bin/../lib/gcc/arm-none-eabi/12.3.1/../../../../arm-none-eabi/lib/thumb/v7e-m+dp/hard\libc_nano.a(libc_a-reallocr.o)
 .ARM.attributes
                0x0000085f       0x32 C:/ST/STM32CubeIDE_1.17.0/STM32CubeIDE/plugins/com.st.stm32cube.ide.mcu.externaltools.gnu-tools-for-stm32.12.3.rel1.win32_1.1.0.202410251130/tools/bin/../lib/gcc/arm-none-eabi/12.3.1/../../../../arm-none-eabi/lib/thumb/v7e-m+dp/hard\libc_nano.a(libc_a-msizer.o)
 .ARM.attributes
                0x00000891       0x20 C:/ST/STM32CubeIDE_1.17.0/STM32CubeIDE/plugins/com.st.stm32cube.ide.mcu.externaltools.gnu-tools-for-stm32.12.3.rel1.win32_1.1.0.202410251130/tools/bin/../lib/gcc/arm-none-eabi/12.3.1/thumb/v7e-m+dp/hard\libgcc.a(_aeabi_uldivmod.o)
 .ARM.attributes
                0x000008b1       0x32 C:/ST/STM32CubeIDE_1.17.0/STM32CubeIDE/plugins/com.st.stm32cube.ide.mcu.externaltools.gnu-tools-for-stm32.12.3.rel1.win32_1.1.0.202410251130/tools/bin/../lib/gcc/arm-none-eabi/12.3.1/thumb/v7e-m+dp/hard\libgcc.a(_udivmoddi4.o)
 .ARM.attributes
                0x000008e3       0x20 C:/ST/STM32CubeIDE_1.17.0/STM32CubeIDE/plugins/com.st.stm32cube.ide.mcu.externaltools.gnu-tools-for-stm32.12.3.rel1.win32_1.1.0.202410251130/tools/bin/../lib/gcc/arm-none-eabi/12.3.1/thumb/v7e-m+dp/hard\libgcc.a(_dvmd_tls.o)
 .ARM.attributes
                0x00000903       0x20 C:/ST/STM32CubeIDE_1.17.0/STM32CubeIDE/plugins/com.st.stm32cube.ide.mcu.externaltools.gnu-tools-for-stm32.12.3.rel1.win32_1.1.0.202410251130/tools/bin/../lib/gcc/arm-none-eabi/12.3.1/thumb/v7e-m+dp/hard/crtn.o
OUTPUT(sd.elf elf32-littlearm)
LOAD linker stubs
LOAD C:/ST/STM32CubeIDE_1.17.0/STM32CubeIDE/plugins/com.st.stm32cube.ide.mcu.externaltools.gnu-tools-for-stm32.12.3.rel1.win32_1.1.0.202410251130/tools/bin/../lib/gcc/arm-none-eabi/12.3.1/../../../../arm-none-eabi/lib/thumb/v7e-m+dp/hard\libc.a
LOAD C:/ST/STM32CubeIDE_1.17.0/STM32CubeIDE/plugins/com.st.stm32cube.ide.mcu.externaltools.gnu-tools-for-stm32.12.3.rel1.win32_1.1.0.202410251130/tools/bin/../lib/gcc/arm-none-eabi/12.3.1/../../../../arm-none-eabi/lib/thumb/v7e-m+dp/hard\libm.a
LOAD C:/ST/STM32CubeIDE_1.17.0/STM32CubeIDE/plugins/com.st.stm32cube.ide.mcu.externaltools.gnu-tools-for-stm32.12.3.rel1.win32_1.1.0.202410251130/tools/bin/../lib/gcc/arm-none-eabi/12.3.1/thumb/v7e-m+dp/hard\libgcc.a

.debug_info     0x00000000    0x169c1
 .debug_info    0x00000000      0xc5e ./Core/Src/fatfs_sd.o
 .debug_info    0x00000c5e     0x2417 ./Core/Src/main.o
 .debug_info    0x00003075     0x194b ./Core/Src/stm32f7xx_hal_msp.o
 .debug_info    0x000049c0      0x76d ./Core/Src/stm32f7xx_it.o
 .debug_info    0x0000512d      0x168 ./Core/Src/sysmem.o
 .debug_info    0x00005295      0x6ed ./Core/Src/system_stm32f7xx.o
 .debug_info    0x00005982       0x30 ./Core/Startup/startup_stm32f767zitx.o
 .debug_info    0x000059b2      0xa4c ./Drivers/STM32F7xx_HAL_Driver/Src/stm32f7xx_hal.o
 .debug_info    0x000063fe      0xfc0 ./Drivers/STM32F7xx_HAL_Driver/Src/stm32f7xx_hal_cortex.o
 .debug_info    0x000073be      0xa01 ./Drivers/STM32F7xx_HAL_Driver/Src/stm32f7xx_hal_dac.o
 .debug_info    0x00007dbf      0x750 ./Drivers/STM32F7xx_HAL_Driver/Src/stm32f7xx_hal_dac_ex.o
 .debug_info    0x0000850f      0x8e7 ./Drivers/STM32F7xx_HAL_Driver/Src/stm32f7xx_hal_dma.o
 .debug_info    0x00008df6      0x6f3 ./Drivers/STM32F7xx_HAL_Driver/Src/stm32f7xx_hal_gpio.o
 .debug_info    0x000094e9      0x937 ./Drivers/STM32F7xx_HAL_Driver/Src/stm32f7xx_hal_rcc.o
 .debug_info    0x00009e20      0x6e1 ./Drivers/STM32F7xx_HAL_Driver/Src/stm32f7xx_hal_rcc_ex.o
 .debug_info    0x0000a501     0x169b ./Drivers/STM32F7xx_HAL_Driver/Src/stm32f7xx_hal_spi.o
 .debug_info    0x0000bb9c     0x2ad5 ./Drivers/STM32F7xx_HAL_Driver/Src/stm32f7xx_hal_tim.o
 .debug_info    0x0000e671     0x16bb ./Drivers/STM32F7xx_HAL_Driver/Src/stm32f7xx_hal_tim_ex.o
 .debug_info    0x0000fd2c     0x3adc ./Drivers/STM32F7xx_HAL_Driver/Src/stm32f7xx_hal_uart.o
 .debug_info    0x00013808      0x4d9 ./FATFS/App/fatfs.o
 .debug_info    0x00013ce1      0x3a5 ./FATFS/Target/user_diskio.o
 .debug_info    0x00014086      0x3df ./Middlewares/Third_Party/FatFs/src/diskio.o
 .debug_info    0x00014465     0x21dd ./Middlewares/Third_Party/FatFs/src/ff.o
 .debug_info    0x00016642      0x37f ./Middlewares/Third_Party/FatFs/src/ff_gen_drv.o

.debug_abbrev   0x00000000     0x31a4
 .debug_abbrev  0x00000000      0x2ef ./Core/Src/fatfs_sd.o
 .debug_abbrev  0x000002ef      0x3f3 ./Core/Src/main.o
 .debug_abbrev  0x000006e2      0x294 ./Core/Src/stm32f7xx_hal_msp.o
 .debug_abbrev  0x00000976      0x18a ./Core/Src/stm32f7xx_it.o
 .debug_abbrev  0x00000b00       0xbc ./Core/Src/sysmem.o
 .debug_abbrev  0x00000bbc      0x13b ./Core/Src/system_stm32f7xx.o
 .debug_abbrev  0x00000cf7       0x24 ./Core/Startup/startup_stm32f767zitx.o
 .debug_abbrev  0x00000d1b      0x213 ./Drivers/STM32F7xx_HAL_Driver/Src/stm32f7xx_hal.o
 .debug_abbrev  0x00000f2e      0x31e ./Drivers/STM32F7xx_HAL_Driver/Src/stm32f7xx_hal_cortex.o
 .debug_abbrev  0x0000124c      0x1fa ./Drivers/STM32F7xx_HAL_Driver/Src/stm32f7xx_hal_dac.o
 .debug_abbrev  0x00001446      0x1ef ./Drivers/STM32F7xx_HAL_Driver/Src/stm32f7xx_hal_dac_ex.o
 .debug_abbrev  0x00001635      0x264 ./Drivers/STM32F7xx_HAL_Driver/Src/stm32f7xx_hal_dma.o
 .debug_abbrev  0x00001899      0x1d4 ./Drivers/STM32F7xx_HAL_Driver/Src/stm32f7xx_hal_gpio.o
 .debug_abbrev  0x00001a6d      0x2de ./Drivers/STM32F7xx_HAL_Driver/Src/stm32f7xx_hal_rcc.o
 .debug_abbrev  0x00001d4b      0x1c9 ./Drivers/STM32F7xx_HAL_Driver/Src/stm32f7xx_hal_rcc_ex.o
 .debug_abbrev  0x00001f14      0x269 ./Drivers/STM32F7xx_HAL_Driver/Src/stm32f7xx_hal_spi.o
 .debug_abbrev  0x0000217d      0x278 ./Drivers/STM32F7xx_HAL_Driver/Src/stm32f7xx_hal_tim.o
 .debug_abbrev  0x000023f5      0x283 ./Drivers/STM32F7xx_HAL_Driver/Src/stm32f7xx_hal_tim_ex.o
 .debug_abbrev  0x00002678      0x2e6 ./Drivers/STM32F7xx_HAL_Driver/Src/stm32f7xx_hal_uart.o
 .debug_abbrev  0x0000295e      0x160 ./FATFS/App/fatfs.o
 .debug_abbrev  0x00002abe      0x144 ./FATFS/Target/user_diskio.o
 .debug_abbrev  0x00002c02      0x181 ./Middlewares/Third_Party/FatFs/src/diskio.o
 .debug_abbrev  0x00002d83      0x282 ./Middlewares/Third_Party/FatFs/src/ff.o
 .debug_abbrev  0x00003005      0x19f ./Middlewares/Third_Party/FatFs/src/ff_gen_drv.o

.debug_aranges  0x00000000     0x1428
 .debug_aranges
                0x00000000       0xa8 ./Core/Src/fatfs_sd.o
 .debug_aranges
                0x000000a8       0xa0 ./Core/Src/main.o
 .debug_aranges
                0x00000148       0x60 ./Core/Src/stm32f7xx_hal_msp.o
 .debug_aranges
                0x000001a8       0x78 ./Core/Src/stm32f7xx_it.o
 .debug_aranges
                0x00000220       0x20 ./Core/Src/sysmem.o
 .debug_aranges
                0x00000240       0x28 ./Core/Src/system_stm32f7xx.o
 .debug_aranges
                0x00000268       0x28 ./Core/Startup/startup_stm32f767zitx.o
 .debug_aranges
                0x00000290      0x110 ./Drivers/STM32F7xx_HAL_Driver/Src/stm32f7xx_hal.o
 .debug_aranges
                0x000003a0      0x128 ./Drivers/STM32F7xx_HAL_Driver/Src/stm32f7xx_hal_cortex.o
 .debug_aranges
                0x000004c8       0xc0 ./Drivers/STM32F7xx_HAL_Driver/Src/stm32f7xx_hal_dac.o
 .debug_aranges
                0x00000588       0x80 ./Drivers/STM32F7xx_HAL_Driver/Src/stm32f7xx_hal_dac_ex.o
 .debug_aranges
                0x00000608       0x90 ./Drivers/STM32F7xx_HAL_Driver/Src/stm32f7xx_hal_dma.o
 .debug_aranges
                0x00000698       0x58 ./Drivers/STM32F7xx_HAL_Driver/Src/stm32f7xx_hal_gpio.o
 .debug_aranges
                0x000006f0       0x88 ./Drivers/STM32F7xx_HAL_Driver/Src/stm32f7xx_hal_rcc.o
 .debug_aranges
                0x00000778       0x50 ./Drivers/STM32F7xx_HAL_Driver/Src/stm32f7xx_hal_rcc_ex.o
 .debug_aranges
                0x000007c8      0x1d8 ./Drivers/STM32F7xx_HAL_Driver/Src/stm32f7xx_hal_spi.o
 .debug_aranges
                0x000009a0      0x3e0 ./Drivers/STM32F7xx_HAL_Driver/Src/stm32f7xx_hal_tim.o
 .debug_aranges
                0x00000d80      0x180 ./Drivers/STM32F7xx_HAL_Driver/Src/stm32f7xx_hal_tim_ex.o
 .debug_aranges
                0x00000f00      0x230 ./Drivers/STM32F7xx_HAL_Driver/Src/stm32f7xx_hal_uart.o
 .debug_aranges
                0x00001130       0x28 ./FATFS/App/fatfs.o
 .debug_aranges
                0x00001158       0x40 ./FATFS/Target/user_diskio.o
 .debug_aranges
                0x00001198       0x48 ./Middlewares/Third_Party/FatFs/src/diskio.o
 .debug_aranges
                0x000011e0      0x208 ./Middlewares/Third_Party/FatFs/src/ff.o
 .debug_aranges
                0x000013e8       0x40 ./Middlewares/Third_Party/FatFs/src/ff_gen_drv.o

.debug_rnglists
                0x00000000      0xfbf
 .debug_rnglists
                0x00000000       0x80 ./Core/Src/fatfs_sd.o
 .debug_rnglists
                0x00000080       0x84 ./Core/Src/main.o
 .debug_rnglists
                0x00000104       0x46 ./Core/Src/stm32f7xx_hal_msp.o
 .debug_rnglists
                0x0000014a       0x55 ./Core/Src/stm32f7xx_it.o
 .debug_rnglists
                0x0000019f       0x13 ./Core/Src/sysmem.o
 .debug_rnglists
                0x000001b2       0x1a ./Core/Src/system_stm32f7xx.o
 .debug_rnglists
                0x000001cc       0x19 ./Core/Startup/startup_stm32f767zitx.o
 .debug_rnglists
                0x000001e5       0xc7 ./Drivers/STM32F7xx_HAL_Driver/Src/stm32f7xx_hal.o
 .debug_rnglists
                0x000002ac       0xda ./Drivers/STM32F7xx_HAL_Driver/Src/stm32f7xx_hal_cortex.o
 .debug_rnglists
                0x00000386       0x90 ./Drivers/STM32F7xx_HAL_Driver/Src/stm32f7xx_hal_dac.o
 .debug_rnglists
                0x00000416       0x5c ./Drivers/STM32F7xx_HAL_Driver/Src/stm32f7xx_hal_dac_ex.o
 .debug_rnglists
                0x00000472       0x70 ./Drivers/STM32F7xx_HAL_Driver/Src/stm32f7xx_hal_dma.o
 .debug_rnglists
                0x000004e2       0x3f ./Drivers/STM32F7xx_HAL_Driver/Src/stm32f7xx_hal_gpio.o
 .debug_rnglists
                0x00000521       0x67 ./Drivers/STM32F7xx_HAL_Driver/Src/stm32f7xx_hal_rcc.o
 .debug_rnglists
                0x00000588       0x3c ./Drivers/STM32F7xx_HAL_Driver/Src/stm32f7xx_hal_rcc_ex.o
 .debug_rnglists
                0x000005c4      0x178 ./Drivers/STM32F7xx_HAL_Driver/Src/stm32f7xx_hal_spi.o
 .debug_rnglists
                0x0000073c      0x328 ./Drivers/STM32F7xx_HAL_Driver/Src/stm32f7xx_hal_tim.o
 .debug_rnglists
                0x00000a64      0x138 ./Drivers/STM32F7xx_HAL_Driver/Src/stm32f7xx_hal_tim_ex.o
 .debug_rnglists
                0x00000b9c      0x1e0 ./Drivers/STM32F7xx_HAL_Driver/Src/stm32f7xx_hal_uart.o
 .debug_rnglists
                0x00000d7c       0x19 ./FATFS/App/fatfs.o
 .debug_rnglists
                0x00000d95       0x2b ./FATFS/Target/user_diskio.o
 .debug_rnglists
                0x00000dc0       0x31 ./Middlewares/Third_Party/FatFs/src/diskio.o
 .debug_rnglists
                0x00000df1      0x1a2 ./Middlewares/Third_Party/FatFs/src/ff.o
 .debug_rnglists
                0x00000f93       0x2c ./Middlewares/Third_Party/FatFs/src/ff_gen_drv.o

.debug_macro    0x00000000    0x2a4d3
 .debug_macro   0x00000000      0x23f ./Core/Src/fatfs_sd.o
 .debug_macro   0x0000023f      0xacc ./Core/Src/fatfs_sd.o
 .debug_macro   0x00000d0b      0x29f ./Core/Src/fatfs_sd.o
 .debug_macro   0x00000faa       0x2e ./Core/Src/fatfs_sd.o
 .debug_macro   0x00000fd8       0x3b ./Core/Src/fatfs_sd.o
 .debug_macro   0x00001013       0x22 ./Core/Src/fatfs_sd.o
 .debug_macro   0x00001035       0x8e ./Core/Src/fatfs_sd.o
 .debug_macro   0x000010c3       0x51 ./Core/Src/fatfs_sd.o
 .debug_macro   0x00001114      0x103 ./Core/Src/fatfs_sd.o
 .debug_macro   0x00001217       0x6a ./Core/Src/fatfs_sd.o
 .debug_macro   0x00001281      0x1df ./Core/Src/fatfs_sd.o
 .debug_macro   0x00001460       0x1c ./Core/Src/fatfs_sd.o
 .debug_macro   0x0000147c       0x22 ./Core/Src/fatfs_sd.o
 .debug_macro   0x0000149e       0xd9 ./Core/Src/fatfs_sd.o
 .debug_macro   0x00001577     0x12cd ./Core/Src/fatfs_sd.o
 .debug_macro   0x00002844      0x11f ./Core/Src/fatfs_sd.o
 .debug_macro   0x00002963       0x19 ./Core/Src/fatfs_sd.o
 .debug_macro   0x0000297c    0x1aa23 ./Core/Src/fatfs_sd.o
 .debug_macro   0x0001d39f       0x6d ./Core/Src/fatfs_sd.o
 .debug_macro   0x0001d40c     0x3765 ./Core/Src/fatfs_sd.o
 .debug_macro   0x00020b71      0x189 ./Core/Src/fatfs_sd.o
 .debug_macro   0x00020cfa       0x63 ./Core/Src/fatfs_sd.o
 .debug_macro   0x00020d5d     0x1add ./Core/Src/fatfs_sd.o
 .debug_macro   0x0002283a      0x6c4 ./Core/Src/fatfs_sd.o
 .debug_macro   0x00022efe      0x18b ./Core/Src/fatfs_sd.o
 .debug_macro   0x00023089      0x115 ./Core/Src/fatfs_sd.o
 .debug_macro   0x0002319e      0x26e ./Core/Src/fatfs_sd.o
 .debug_macro   0x0002340c       0xa5 ./Core/Src/fatfs_sd.o
 .debug_macro   0x000234b1      0x24f ./Core/Src/fatfs_sd.o
 .debug_macro   0x00023700       0x71 ./Core/Src/fatfs_sd.o
 .debug_macro   0x00023771       0x58 ./Core/Src/fatfs_sd.o
 .debug_macro   0x000237c9      0x236 ./Core/Src/fatfs_sd.o
 .debug_macro   0x000239ff      0x122 ./Core/Src/fatfs_sd.o
 .debug_macro   0x00023b21       0xa6 ./Core/Src/fatfs_sd.o
 .debug_macro   0x00023bc7      0x14e ./Core/Src/fatfs_sd.o
 .debug_macro   0x00023d15      0x3db ./Core/Src/fatfs_sd.o
 .debug_macro   0x000240f0       0x12 ./Core/Src/fatfs_sd.o
 .debug_macro   0x00024102      0x22c ./Core/Src/fatfs_sd.o
 .debug_macro   0x0002432e       0x61 ./Core/Src/fatfs_sd.o
 .debug_macro   0x0002438f       0xa5 ./Core/Src/fatfs_sd.o
 .debug_macro   0x00024434      0x12e ./Core/Src/fatfs_sd.o
 .debug_macro   0x00024562      0x108 ./Core/Src/fatfs_sd.o
 .debug_macro   0x0002466a       0x35 ./Core/Src/fatfs_sd.o
 .debug_macro   0x0002469f      0x2fe ./Core/Src/fatfs_sd.o
 .debug_macro   0x0002499d      0xa91 ./Core/Src/fatfs_sd.o
 .debug_macro   0x0002542e       0xa9 ./Core/Src/fatfs_sd.o
 .debug_macro   0x000254d7      0x5ba ./Core/Src/fatfs_sd.o
 .debug_macro   0x00025a91       0x44 ./Core/Src/fatfs_sd.o
 .debug_macro   0x00025ad5      0x15b ./Core/Src/fatfs_sd.o
 .debug_macro   0x00025c30       0x16 ./Core/Src/fatfs_sd.o
 .debug_macro   0x00025c46       0x7c ./Core/Src/fatfs_sd.o
 .debug_macro   0x00025cc2       0x9a ./Core/Src/fatfs_sd.o
 .debug_macro   0x00025d5c      0x3b7 ./Core/Src/main.o
 .debug_macro   0x00026113       0xeb ./Core/Src/main.o
 .debug_macro   0x000261fe       0x29 ./Core/Src/main.o
 .debug_macro   0x00026227       0x61 ./Core/Src/main.o
 .debug_macro   0x00026288       0x43 ./Core/Src/main.o
 .debug_macro   0x000262cb       0x34 ./Core/Src/main.o
 .debug_macro   0x000262ff       0x16 ./Core/Src/main.o
 .debug_macro   0x00026315       0x35 ./Core/Src/main.o
 .debug_macro   0x0002634a       0x16 ./Core/Src/main.o
 .debug_macro   0x00026360       0x43 ./Core/Src/main.o
 .debug_macro   0x000263a3       0x34 ./Core/Src/main.o
 .debug_macro   0x000263d7       0x10 ./Core/Src/main.o
 .debug_macro   0x000263e7       0x58 ./Core/Src/main.o
 .debug_macro   0x0002643f       0x8e ./Core/Src/main.o
 .debug_macro   0x000264cd       0x1c ./Core/Src/main.o
 .debug_macro   0x000264e9      0x177 ./Core/Src/main.o
 .debug_macro   0x00026660      0x369 ./Core/Src/main.o
 .debug_macro   0x000269c9       0x16 ./Core/Src/main.o
 .debug_macro   0x000269df       0x29 ./Core/Src/main.o
 .debug_macro   0x00026a08       0x12 ./Core/Src/main.o
 .debug_macro   0x00026a1a       0xe2 ./Core/Src/main.o
 .debug_macro   0x00026afc       0x8e ./Core/Src/main.o
 .debug_macro   0x00026b8a       0x1c ./Core/Src/main.o
 .debug_macro   0x00026ba6       0x10 ./Core/Src/main.o
 .debug_macro   0x00026bb6       0x1c ./Core/Src/main.o
 .debug_macro   0x00026bd2       0x16 ./Core/Src/main.o
 .debug_macro   0x00026be8      0x146 ./Core/Src/main.o
 .debug_macro   0x00026d2e       0x16 ./Core/Src/main.o
 .debug_macro   0x00026d44       0x20 ./Core/Src/main.o
 .debug_macro   0x00026d64      0x216 ./Core/Src/stm32f7xx_hal_msp.o
 .debug_macro   0x00026f7a      0x220 ./Core/Src/stm32f7xx_it.o
 .debug_macro   0x0002719a       0xff ./Core/Src/sysmem.o
 .debug_macro   0x00027299      0x23c ./Core/Src/sysmem.o
 .debug_macro   0x000274d5      0x20c ./Core/Src/system_stm32f7xx.o
 .debug_macro   0x000276e1      0x230 ./Drivers/STM32F7xx_HAL_Driver/Src/stm32f7xx_hal.o
 .debug_macro   0x00027911      0x20c ./Drivers/STM32F7xx_HAL_Driver/Src/stm32f7xx_hal_cortex.o
 .debug_macro   0x00027b1d      0x20d ./Drivers/STM32F7xx_HAL_Driver/Src/stm32f7xx_hal_dac.o
 .debug_macro   0x00027d2a      0x20c ./Drivers/STM32F7xx_HAL_Driver/Src/stm32f7xx_hal_dac_ex.o
 .debug_macro   0x00027f36      0x212 ./Drivers/STM32F7xx_HAL_Driver/Src/stm32f7xx_hal_dma.o
 .debug_macro   0x00028148      0x212 ./Drivers/STM32F7xx_HAL_Driver/Src/stm32f7xx_hal_gpio.o
 .debug_macro   0x0002835a      0x230 ./Drivers/STM32F7xx_HAL_Driver/Src/stm32f7xx_hal_rcc.o
 .debug_macro   0x0002858a      0x20c ./Drivers/STM32F7xx_HAL_Driver/Src/stm32f7xx_hal_rcc_ex.o
 .debug_macro   0x00028796      0x21b ./Drivers/STM32F7xx_HAL_Driver/Src/stm32f7xx_hal_spi.o
 .debug_macro   0x000289b1      0x20d ./Drivers/STM32F7xx_HAL_Driver/Src/stm32f7xx_hal_tim.o
 .debug_macro   0x00028bbe      0x20c ./Drivers/STM32F7xx_HAL_Driver/Src/stm32f7xx_hal_tim_ex.o
 .debug_macro   0x00028dca      0x229 ./Drivers/STM32F7xx_HAL_Driver/Src/stm32f7xx_hal_uart.o
 .debug_macro   0x00028ff3      0x33b ./FATFS/App/fatfs.o
 .debug_macro   0x0002932e      0x361 ./FATFS/Target/user_diskio.o
 .debug_macro   0x0002968f       0x10 ./FATFS/Target/user_diskio.o
 .debug_macro   0x0002969f       0x5d ./FATFS/Target/user_diskio.o
 .debug_macro   0x000296fc      0x328 ./Middlewares/Third_Party/FatFs/src/diskio.o
 .debug_macro   0x00029a24      0x72f ./Middlewares/Third_Party/FatFs/src/ff.o
 .debug_macro   0x0002a153       0x58 ./Middlewares/Third_Party/FatFs/src/ff.o
 .debug_macro   0x0002a1ab      0x328 ./Middlewares/Third_Party/FatFs/src/ff_gen_drv.o

.debug_line     0x00000000    0x1b349
 .debug_line    0x00000000      0xee7 ./Core/Src/fatfs_sd.o
 .debug_line    0x00000ee7      0xe6f ./Core/Src/main.o
 .debug_line    0x00001d56      0x92a ./Core/Src/stm32f7xx_hal_msp.o
 .debug_line    0x00002680      0x8de ./Core/Src/stm32f7xx_it.o
 .debug_line    0x00002f5e      0x579 ./Core/Src/sysmem.o
 .debug_line    0x000034d7      0x856 ./Core/Src/system_stm32f7xx.o
 .debug_line    0x00003d2d       0x7a ./Core/Startup/startup_stm32f767zitx.o
 .debug_line    0x00003da7      0xb26 ./Drivers/STM32F7xx_HAL_Driver/Src/stm32f7xx_hal.o
 .debug_line    0x000048cd      0xd98 ./Drivers/STM32F7xx_HAL_Driver/Src/stm32f7xx_hal_cortex.o
 .debug_line    0x00005665      0xc31 ./Drivers/STM32F7xx_HAL_Driver/Src/stm32f7xx_hal_dac.o
 .debug_line    0x00006296      0xa1c ./Drivers/STM32F7xx_HAL_Driver/Src/stm32f7xx_hal_dac_ex.o
 .debug_line    0x00006cb2     0x1045 ./Drivers/STM32F7xx_HAL_Driver/Src/stm32f7xx_hal_dma.o
 .debug_line    0x00007cf7      0xc7c ./Drivers/STM32F7xx_HAL_Driver/Src/stm32f7xx_hal_gpio.o
 .debug_line    0x00008973      0xf54 ./Drivers/STM32F7xx_HAL_Driver/Src/stm32f7xx_hal_rcc.o
 .debug_line    0x000098c7      0xf2d ./Drivers/STM32F7xx_HAL_Driver/Src/stm32f7xx_hal_rcc_ex.o
 .debug_line    0x0000a7f4     0x20c0 ./Drivers/STM32F7xx_HAL_Driver/Src/stm32f7xx_hal_spi.o
 .debug_line    0x0000c8b4     0x3db0 ./Drivers/STM32F7xx_HAL_Driver/Src/stm32f7xx_hal_tim.o
 .debug_line    0x00010664     0x1cbb ./Drivers/STM32F7xx_HAL_Driver/Src/stm32f7xx_hal_tim_ex.o
 .debug_line    0x0001231f     0x3267 ./Drivers/STM32F7xx_HAL_Driver/Src/stm32f7xx_hal_uart.o
 .debug_line    0x00015586      0x9c2 ./FATFS/App/fatfs.o
 .debug_line    0x00015f48      0xa26 ./FATFS/Target/user_diskio.o
 .debug_line    0x0001696e      0xa31 ./Middlewares/Third_Party/FatFs/src/diskio.o
 .debug_line    0x0001739f     0x355b ./Middlewares/Third_Party/FatFs/src/ff.o
 .debug_line    0x0001a8fa      0xa4f ./Middlewares/Third_Party/FatFs/src/ff_gen_drv.o

.debug_str      0x00000000   0x101117
 .debug_str     0x00000000    0xf6eae ./Core/Src/fatfs_sd.o
                              0xf7616 (size before relaxing)
 .debug_str     0x000f6eae     0x52c1 ./Core/Src/main.o
                              0xfc693 (size before relaxing)
 .debug_str     0x000fc16f      0x3c0 ./Core/Src/stm32f7xx_hal_msp.o
                              0xf82ca (size before relaxing)
 .debug_str     0x000fc52f      0x148 ./Core/Src/stm32f7xx_it.o
                              0xf7208 (size before relaxing)
 .debug_str     0x000fc677      0x4dc ./Core/Src/sysmem.o
                               0x60fd (size before relaxing)
 .debug_str     0x000fcb53      0x1a4 ./Core/Src/system_stm32f7xx.o
                              0xf6ed9 (size before relaxing)
 .debug_str     0x000fccf7       0x44 ./Core/Startup/startup_stm32f767zitx.o
                                 0x67 (size before relaxing)
 .debug_str     0x000fcd3b      0x420 ./Drivers/STM32F7xx_HAL_Driver/Src/stm32f7xx_hal.o
                              0xf7919 (size before relaxing)
 .debug_str     0x000fd15b      0x29f ./Drivers/STM32F7xx_HAL_Driver/Src/stm32f7xx_hal_cortex.o
                              0xf78fb (size before relaxing)
 .debug_str     0x000fd3fa      0x1d3 ./Drivers/STM32F7xx_HAL_Driver/Src/stm32f7xx_hal_dac.o
                              0xf7275 (size before relaxing)
 .debug_str     0x000fd5cd      0x11c ./Drivers/STM32F7xx_HAL_Driver/Src/stm32f7xx_hal_dac_ex.o
                              0xf7150 (size before relaxing)
 .debug_str     0x000fd6e9      0x2d2 ./Drivers/STM32F7xx_HAL_Driver/Src/stm32f7xx_hal_dma.o
                              0xf7218 (size before relaxing)
 .debug_str     0x000fd9bb       0xec ./Drivers/STM32F7xx_HAL_Driver/Src/stm32f7xx_hal_gpio.o
                              0xf6f97 (size before relaxing)
 .debug_str     0x000fdaa7      0x259 ./Drivers/STM32F7xx_HAL_Driver/Src/stm32f7xx_hal_rcc.o
                              0xf7254 (size before relaxing)
 .debug_str     0x000fdd00      0x147 ./Drivers/STM32F7xx_HAL_Driver/Src/stm32f7xx_hal_rcc_ex.o
                              0xf71b7 (size before relaxing)
 .debug_str     0x000fde47      0x56a ./Drivers/STM32F7xx_HAL_Driver/Src/stm32f7xx_hal_spi.o
                              0xf7719 (size before relaxing)
 .debug_str     0x000fe3b1      0xe66 ./Drivers/STM32F7xx_HAL_Driver/Src/stm32f7xx_hal_tim.o
                              0xf81fc (size before relaxing)