Archive member included to satisfy reference by file (symbol)

C:/ST/STM32CubeIDE_1.17.0/STM32CubeIDE/plugins/com.st.stm32cube.ide.mcu.externaltools.gnu-tools-for-stm32.12.3.rel1.win32_1.1.0.202410251130/tools/bin/../lib/gcc/arm-none-eabi/12.3.1/../../../../arm-none-eabi/lib/thumb/v7e-m+dp/hard\libc_nano.a(libc_a-exit.o)
                              C:/ST/STM32CubeIDE_1.17.0/STM32CubeIDE/plugins/com.st.stm32cube.ide.mcu.externaltools.gnu-tools-for-stm32.12.3.rel1.win32_1.1.0.202410251130/tools/bin/../lib/gcc/arm-none-eabi/12.3.1/../../../../arm-none-eabi/lib/thumb/v7e-m+dp/hard/crt0.o (exit)
C:/ST/STM32CubeIDE_1.17.0/STM32CubeIDE/plugins/com.st.stm32cube.ide.mcu.externaltools.gnu-tools-for-stm32.12.3.rel1.win32_1.1.0.202410251130/tools/bin/../lib/gcc/arm-none-eabi/12.3.1/../../../../arm-none-eabi/lib/thumb/v7e-m+dp/hard\libc_nano.a(libc_a-findfp.o)
                              C:/ST/STM32CubeIDE_1.17.0/STM32CubeIDE/plugins/com.st.stm32cube.ide.mcu.externaltools.gnu-tools-for-stm32.12.3.rel1.win32_1.1.0.202410251130/tools/bin/../lib/gcc/arm-none-eabi/12.3.1/../../../../arm-none-eabi/lib/thumb/v7e-m+dp/hard\libc_nano.a(libc_a-exit.o) (__stdio_exit_handler)
C:/ST/STM32CubeIDE_1.17.0/STM32CubeIDE/plugins/com.st.stm32cube.ide.mcu.externaltools.gnu-tools-for-stm32.12.3.rel1.win32_1.1.0.202410251130/tools/bin/../lib/gcc/arm-none-eabi/12.3.1/../../../../arm-none-eabi/lib/thumb/v7e-m+dp/hard\libc_nano.a(libc_a-fwalk.o)
                              C:/ST/STM32CubeIDE_1.17.0/STM32CubeIDE/plugins/com.st.stm32cube.ide.mcu.externaltools.gnu-tools-for-stm32.12.3.rel1.win32_1.1.0.202410251130/tools/bin/../lib/gcc/arm-none-eabi/12.3.1/../../../../arm-none-eabi/lib/thumb/v7e-m+dp/hard\libc_nano.a(libc_a-findfp.o) (_fwalk_sglue)
C:/ST/STM32CubeIDE_1.17.0/STM32CubeIDE/plugins/com.st.stm32cube.ide.mcu.externaltools.gnu-tools-for-stm32.12.3.rel1.win32_1.1.0.202410251130/tools/bin/../lib/gcc/arm-none-eabi/12.3.1/../../../../arm-none-eabi/lib/thumb/v7e-m+dp/hard\libc_nano.a(libc_a-stdio.o)
                              C:/ST/STM32CubeIDE_1.17.0/STM32CubeIDE/plugins/com.st.stm32cube.ide.mcu.externaltools.gnu-tools-for-stm32.12.3.rel1.win32_1.1.0.202410251130/tools/bin/../lib/gcc/arm-none-eabi/12.3.1/../../../../arm-none-eabi/lib/thumb/v7e-m+dp/hard\libc_nano.a(libc_a-findfp.o) (__sread)
C:/ST/STM32CubeIDE_1.17.0/STM32CubeIDE/plugins/com.st.stm32cube.ide.mcu.externaltools.gnu-tools-for-stm32.12.3.rel1.win32_1.1.0.202410251130/tools/bin/../lib/gcc/arm-none-eabi/12.3.1/../../../../arm-none-eabi/lib/thumb/v7e-m+dp/hard\libc_nano.a(libc_a-memset.o)
                              C:/ST/STM32CubeIDE_1.17.0/STM32CubeIDE/plugins/com.st.stm32cube.ide.mcu.externaltools.gnu-tools-for-stm32.12.3.rel1.win32_1.1.0.202410251130/tools/bin/../lib/gcc/arm-none-eabi/12.3.1/../../../../arm-none-eabi/lib/thumb/v7e-m+dp/hard/crt0.o (memset)
C:/ST/STM32CubeIDE_1.17.0/STM32CubeIDE/plugins/com.st.stm32cube.ide.mcu.externaltools.gnu-tools-for-stm32.12.3.rel1.win32_1.1.0.202410251130/tools/bin/../lib/gcc/arm-none-eabi/12.3.1/../../../../arm-none-eabi/lib/thumb/v7e-m+dp/hard\libc_nano.a(libc_a-closer.o)
                              C:/ST/STM32CubeIDE_1.17.0/STM32CubeIDE/plugins/com.st.stm32cube.ide.mcu.externaltools.gnu-tools-for-stm32.12.3.rel1.win32_1.1.0.202410251130/tools/bin/../lib/gcc/arm-none-eabi/12.3.1/../../../../arm-none-eabi/lib/thumb/v7e-m+dp/hard\libc_nano.a(libc_a-stdio.o) (_close_r)
C:/ST/STM32CubeIDE_1.17.0/STM32CubeIDE/plugins/com.st.stm32cube.ide.mcu.externaltools.gnu-tools-for-stm32.12.3.rel1.win32_1.1.0.202410251130/tools/bin/../lib/gcc/arm-none-eabi/12.3.1/../../../../arm-none-eabi/lib/thumb/v7e-m+dp/hard\libc_nano.a(libc_a-reent.o)
                              C:/ST/STM32CubeIDE_1.17.0/STM32CubeIDE/plugins/com.st.stm32cube.ide.mcu.externaltools.gnu-tools-for-stm32.12.3.rel1.win32_1.1.0.202410251130/tools/bin/../lib/gcc/arm-none-eabi/12.3.1/../../../../arm-none-eabi/lib/thumb/v7e-m+dp/hard\libc_nano.a(libc_a-closer.o) (errno)
C:/ST/STM32CubeIDE_1.17.0/STM32CubeIDE/plugins/com.st.stm32cube.ide.mcu.externaltools.gnu-tools-for-stm32.12.3.rel1.win32_1.1.0.202410251130/tools/bin/../lib/gcc/arm-none-eabi/12.3.1/../../../../arm-none-eabi/lib/thumb/v7e-m+dp/hard\libc_nano.a(libc_a-impure.o)
                              C:/ST/STM32CubeIDE_1.17.0/STM32CubeIDE/plugins/com.st.stm32cube.ide.mcu.externaltools.gnu-tools-for-stm32.12.3.rel1.win32_1.1.0.202410251130/tools/bin/../lib/gcc/arm-none-eabi/12.3.1/../../../../arm-none-eabi/lib/thumb/v7e-m+dp/hard\libc_nano.a(libc_a-reent.o) (_impure_ptr)
C:/ST/STM32CubeIDE_1.17.0/STM32CubeIDE/plugins/com.st.stm32cube.ide.mcu.externaltools.gnu-tools-for-stm32.12.3.rel1.win32_1.1.0.202410251130/tools/bin/../lib/gcc/arm-none-eabi/12.3.1/../../../../arm-none-eabi/lib/thumb/v7e-m+dp/hard\libc_nano.a(libc_a-lseekr.o)
[...]
Memory Configuration

Name             Origin             Length             Attributes
RAM              0x20000000         0x00080000         xrw
FLASH            0x08000000         0x00200000         xr
*default*        0x00000000         0xffffffff

Linker script and memory map

LOAD C:/ST/STM32CubeIDE_1.17.0/STM32CubeIDE/plugins/com.st.stm32cube.ide.mcu.externaltools.gnu-tools-for-stm32.12.3.rel1.win32_1.1.0.202410251130/tools/bin/../lib/gcc/arm-none-eabi/12.3.1/thumb/v7e-m+dp/hard/crti.o
LOAD C:/ST/STM32CubeIDE_1.17.0/STM32CubeIDE/plugins/com.st.stm32cube.ide.mcu.externaltools.gnu-tools-for-stm32.12.3.rel1.win32_1.1.0.202410251130/tools/bin/../lib/gcc/arm-none-eabi/12.3.1/thumb/v7e-m+dp/hard/crtbegin.o
LOAD C:/ST/STM32CubeIDE_1.17.0/STM32CubeIDE/plugins/com.st.stm32cube.ide.mcu.externaltools.gnu-tools-for-stm32.12.3.rel1.win32_1.1.0.202410251130/tools/bin/../lib/gcc/arm-none-eabi/12.3.1/../../../../arm-none-eabi/lib/thumb/v7e-m+dp/hard/crt0.o
LOAD ./Core/Src/TFPlayer.o
LOAD ./Core/Src/main.o
LOAD ./Core/Src/stm32f7xx_hal_msp.o
LOAD ./Core/Src/stm32f7xx_it.o
LOAD ./Core/Src/syscalls.o
LOAD ./Core/Src/sysmem.o
LOAD ./Core/Src/system_stm32f7xx.o
LOAD ./Core/Startup/startup_stm32f767zitx.o
LOAD ./Drivers/STM32F7xx_HAL_Driver/Src/stm32f7xx_hal.o
LOAD ./Drivers/STM32F7xx_HAL_Driver/Src/stm32f7xx_hal_adc.o
LOAD ./Drivers/STM32F7xx_HAL_Driver/Src/stm32f7xx_hal_adc_ex.o
LOAD ./Drivers/STM32F7xx_HAL_Driver/Src/stm32f7xx_hal_cortex.o
LOAD ./Drivers/STM32F7xx_HAL_Driver/Src/stm32f7xx_hal_dma.o
LOAD ./Drivers/STM32F7xx_HAL_Driver/Src/stm32f7xx_hal_dma_ex.o
LOAD ./Drivers/STM32F7xx_HAL_Driver/Src/stm32f7xx_hal_exti.o
LOAD ./Drivers/STM32F7xx_HAL_Driver/Src/stm32f7xx_hal_flash.o
LOAD ./Drivers/STM32F7xx_HAL_Driver/Src/stm32f7xx_hal_flash_ex.o
LOAD ./Drivers/STM32F7xx_HAL_Driver/Src/stm32f7xx_hal_gpio.o
LOAD ./Drivers/STM32F7xx_HAL_Driver/Src/stm32f7xx_hal_i2c.o
LOAD ./Drivers/STM32F7xx_HAL_Driver/Src/stm32f7xx_hal_i2c_ex.o
LOAD ./Drivers/STM32F7xx_HAL_Driver/Src/stm32f7xx_hal_pwr.o
LOAD ./Drivers/STM32F7xx_HAL_Driver/Src/stm32f7xx_hal_pwr_ex.o
LOAD ./Drivers/STM32F7xx_HAL_Driver/Src/stm32f7xx_hal_rcc.o
LOAD ./Drivers/STM32F7xx_HAL_Driver/Src/stm32f7xx_hal_rcc_ex.o
LOAD ./Drivers/STM32F7xx_HAL_Driver/Src/stm32f7xx_hal_tim.o
LOAD ./Drivers/STM32F7xx_HAL_Driver/Src/stm32f7xx_hal_tim_ex.o
LOAD ./Drivers/STM32F7xx_HAL_Driver/Src/stm32f7xx_hal_uart.o
LOAD ./Drivers/STM32F7xx_HAL_Driver/Src/stm32f7xx_hal_uart_ex.o
START GROUP
LOAD C:/ST/STM32CubeIDE_1.17.0/STM32CubeIDE/plugins/com.st.stm32cube.ide.mcu.externaltools.gnu-tools-for-stm32.12.3.rel1.win32_1.1.0.202410251130/tools/bin/../lib/gcc/arm-none-eabi/12.3.1/../../../../arm-none-eabi/lib/thumb/v7e-m+dp/hard\libc_nano.a
LOAD C:/ST/STM32CubeIDE_1.17.0/STM32CubeIDE/plugins/com.st.stm32cube.ide.mcu.externaltools.gnu-tools-for-stm32.12.3.rel1.win32_1.1.0.202410251130/tools/bin/../lib/gcc/arm-none-eabi/12.3.1/../../../../arm-none-eabi/lib/thumb/v7e-m+dp/hard\libm.a
END GROUP
START GROUP
LOAD C:/ST/STM32CubeIDE_1.17.0/STM32CubeIDE/plugins/com.st.stm32cube.ide.mcu.externaltools.gnu-tools-for-stm32.12.3.rel1.win32_1.1.0.202410251130/tools/bin/../lib/gcc/arm-none-eabi/12.3.1/thumb/v7e-m+dp/hard\libgcc.a
LOAD C:/ST/STM32CubeIDE_1.17.0/STM32CubeIDE/plugins/com.st.stm32cube.ide.mcu.externaltools.gnu-tools-for-stm32.12.3.rel1.win32_1.1.0.202410251130/tools/bin/../lib/gcc/arm-none-eabi/12.3.1/../../../../arm-none-eabi/lib/thumb/v7e-m+dp/hard\libc_nano.a
END GROUP
START GROUP
LOAD C:/ST/STM32CubeIDE_1.17.0/STM32CubeIDE/plugins/com.st.stm32cube.ide.mcu.externaltools.gnu-tools-for-stm32.12.3.rel1.win32_1.1.0.202410251130/tools/bin/../lib/gcc/arm-none-eabi/12.3.1/thumb/v7e-m+dp/hard\libgcc.a
LOAD C:/ST/STM32CubeIDE_1.17.0/STM32CubeIDE/plugins/com.st.stm32cube.ide.mcu.externaltools.gnu-tools-for-stm32.12.3.rel1.win32_1.1.0.202410251130/tools/bin/../lib/gcc/arm-none-eabi/12.3.1/../../../../arm-none-eabi/lib/thumb/v7e-m+dp/hard\libc_nano.a
LOAD C:/ST/STM32CubeIDE_1.17.0/STM32CubeIDE/plugins/com.st.stm32cube.ide.mcu.externaltools.gnu-tools-for-stm32.12.3.rel1.win32_1.1.0.202410251130/tools/bin/../lib/gcc/arm-none-eabi/12.3.1/../../../../arm-none-eabi/lib/thumb/v7e-m+dp/hard\libnosys.a
END GROUP
START GROUP
LOAD C:/ST/STM32CubeIDE_1.17.0/STM32CubeIDE/plugins/com.st.stm32cube.ide.mcu.externaltools.gnu-tools-for-stm32.12.3.rel1.win32_1.1.0.202410251130/tools/bin/../lib/gcc/arm-none-eabi/12.3.1/thumb/v7e-m+dp/hard\libgcc.a
LOAD C:/ST/STM32CubeIDE_1.17.0/STM32CubeIDE/plugins/com.st.stm32cube.ide.mcu.externaltools.gnu-tools-for-stm32.12.3.rel1.win32_1.1.0.202410251130/tools/bin/../lib/gcc/arm-none-eabi/12.3.1/../../../../arm-none-eabi/lib/thumb/v7e-m+dp/hard\libc_nano.a
LOAD C:/ST/STM32CubeIDE_1.17.0/STM32CubeIDE/plugins/com.st.stm32cube.ide.mcu.externaltools.gnu-tools-for-stm32.12.3.rel1.win32_1.1.0.202410251130/tools/bin/../lib/gcc/arm-none-eabi/12.3.1/../../../../arm-none-eabi/lib/thumb/v7e-m+dp/hard\libnosys.a
END GROUP
LOAD C:/ST/STM32CubeIDE_1.17.0/STM32CubeIDE/plugins/com.st.stm32cube.ide.mcu.externaltools.gnu-tools-for-stm32.12.3.rel1.win32_1.1.0.202410251130/tools/bin/../lib/gcc/arm-none-eabi/12.3.1/thumb/v7e-m+dp/hard/crtend.o
LOAD C:/ST/STM32CubeIDE_1.17.0/STM32CubeIDE/plugins/com.st.stm32cube.ide.mcu.externaltools.gnu-tools-for-stm32.12.3.rel1.win32_1.1.0.202410251130/tools/bin/../lib/gcc/arm-none-eabi/12.3.1/thumb/v7e-m+dp/hard/crtn.o
                0x20080000                        _estack = (ORIGIN (RAM) + LENGTH (RAM))
                0x00000200                        _Min_Heap_Size = 0x200
                0x00000400                        _Min_Stack_Size = 0x400

.isr_vector     0x08000000      0x1f8
                0x08000000                        . = ALIGN (0x4)
 *(.isr_vector)
 .isr_vector    0x08000000      0x1f8 ./Core/Startup/startup_stm32f767zitx.o
                0x08000000                g_pfnVectors
                0x080001f8                        . = ALIGN (0x4)

.text           0x080001f8     0x40f8
                0x080001f8                        . = ALIGN (0x4)
 *(.text)
 .text          0x080001f8       0x40 C:/ST/STM32CubeIDE_1.17.0/STM32CubeIDE/plugins/com.st.stm32cube.ide.mcu.externaltools.gnu-tools-for-stm32.12.3.rel1.win32_1.1.0.202410251130/tools/bin/../lib/gcc/arm-none-eabi/12.3.1/thumb/v7e-m+dp/hard/crtbegin.o
 .text          0x08000238       0x30 C:/ST/STM32CubeIDE_1.17.0/STM32CubeIDE/plugins/com.st.stm32cube.ide.mcu.externaltools.gnu-tools-for-stm32.12.3.rel1.win32_1.1.0.202410251130/tools/bin/../lib/gcc/arm-none-eabi/12.3.1/thumb/v7e-m+dp/hard\libgcc.a(_aeabi_uldivmod.o)
                0x08000238                __aeabi_uldivmod
 .text          0x08000268      0x2bc C:/ST/STM32CubeIDE_1.17.0/STM32CubeIDE/plugins/com.st.stm32cube.ide.mcu.externaltools.gnu-tools-for-stm32.12.3.rel1.win32_1.1.0.202410251130/tools/bin/../lib/gcc/arm-none-eabi/12.3.1/thumb/v7e-m+dp/hard\libgcc.a(_udivmoddi4.o)
                0x08000268                __udivmoddi4
 .text          0x08000524        0x4 C:/ST/STM32CubeIDE_1.17.0/STM32CubeIDE/plugins/com.st.stm32cube.ide.mcu.externaltools.gnu-tools-for-stm32.12.3.rel1.win32_1.1.0.202410251130/tools/bin/../lib/gcc/arm-none-eabi/12.3.1/thumb/v7e-m+dp/hard\libgcc.a(_dvmd_tls.o)
                0x08000524                __aeabi_idiv0
                0x08000524                __aeabi_ldiv0
 *(.text*)
 .text.TF_Send_Command
                0x08000528       0x90 ./Core/Src/TFPlayer.o
                0x08000528                TF_Send_Command
 .text.TF_Init  0x080005b8       0x1a ./Core/Src/TFPlayer.o
                0x080005b8                TF_Init
 .text.TF_Play  0x080005d2       0x1e ./Core/Src/TFPlayer.o
                0x080005d2                TF_Play
 .text.TF_Next  0x080005f0       0x12 ./Core/Src/TFPlayer.o
                0x080005f0                TF_Next
 .text.TF_Previous
                0x08000602       0x12 ./Core/Src/TFPlayer.o
                0x08000602                TF_Previous
 .text.TF_Pause
                0x08000614       0x12 ./Core/Src/TFPlayer.o
                0x08000614                TF_Pause
 .text.TF_Resume
                0x08000626       0x12 ./Core/Src/TFPlayer.o
                0x08000626                TF_Resume
 .text.HAL_ADC_ConvCpltCallback
                0x08000638       0x50 ./Core/Src/main.o
                0x08000638                HAL_ADC_ConvCpltCallback
 .text.main     0x08000688       0xf0 ./Core/Src/main.o
                0x08000688                main
 .text.SystemClock_Config
                0x08000778       0xdc ./Core/Src/main.o
                0x08000778                SystemClock_Config
 .text.MX_ADC1_Init
                0x08000854       0xa4 ./Core/Src/main.o
 .text.MX_TIM10_Init
                0x080008f8       0x48 ./Core/Src/main.o
 .text.MX_USART2_UART_Init
                0x08000940       0x60 ./Core/Src/main.o
 .text.MX_USART3_UART_Init
                0x080009a0       0x60 ./Core/Src/main.o
 .text.MX_GPIO_Init
                0x08000a00       0xb8 ./Core/Src/main.o
 .text.MPU_Config
                0x08000ab8       0x58 ./Core/Src/main.o
 .text.Error_Handler
                0x08000b10        0xc ./Core/Src/main.o
                0x08000b10                Error_Handler
 .text.HAL_MspInit
                0x08000b1c       0x48 ./Core/Src/stm32f7xx_hal_msp.o
                0x08000b1c                HAL_MspInit
 .text.HAL_ADC_MspInit
                0x08000b64       0x90 ./Core/Src/stm32f7xx_hal_msp.o
                0x08000b64                HAL_ADC_MspInit
 .text.HAL_TIM_Base_MspInit
                0x08000bf4       0x4c ./Core/Src/stm32f7xx_hal_msp.o
                0x08000bf4                HAL_TIM_Base_MspInit
 .text.HAL_UART_MspInit
                0x08000c40      0x144 ./Core/Src/stm32f7xx_hal_msp.o
                0x08000c40                HAL_UART_MspInit
 .text.NMI_Handler
                0x08000d84        0x8 ./Core/Src/stm32f7xx_it.o
                0x08000d84                NMI_Handler
 .text.HardFault_Handler
                0x08000d8c        0x8 ./Core/Src/stm32f7xx_it.o
                0x08000d8c                HardFault_Handler
 .text.MemManage_Handler
                0x08000d94        0x8 ./Core/Src/stm32f7xx_it.o
                0x08000d94                MemManage_Handler
 .text.BusFault_Handler
                0x08000d9c        0x8 ./Core/Src/stm32f7xx_it.o
                0x08000d9c                BusFault_Handler
 .text.UsageFault_Handler
                0x08000da4        0x8 ./Core/Src/stm32f7xx_it.o
                0x08000da4                UsageFault_Handler
 .text.SVC_Handler
                0x08000dac        0xe ./Core/Src/stm32f7xx_it.o
                0x08000dac                SVC_Handler
 .text.DebugMon_Handler
                0x08000dba        0xe ./Core/Src/stm32f7xx_it.o
                0x08000dba                DebugMon_Handler
 .text.PendSV_Handler
                0x08000dc8        0xe ./Core/Src/stm32f7xx_it.o
                0x08000dc8                PendSV_Handler
 .text.SysTick_Handler
                0x08000dd6        0xc ./Core/Src/stm32f7xx_it.o
                0x08000dd6                SysTick_Handler
 *fill*         0x08000de2        0x2 
 .text.ADC_IRQHandler
                0x08000de4       0x14 ./Core/Src/stm32f7xx_it.o
                0x08000de4                ADC_IRQHandler
 .text.TIM1_UP_TIM10_IRQHandler
                0x08000df8       0x14 ./Core/Src/stm32f7xx_it.o
                0x08000df8                TIM1_UP_TIM10_IRQHandler
 .text.SystemInit
                0x08000e0c       0x24 ./Core/Src/system_stm32f7xx.o
                0x08000e0c                SystemInit
 .text.Reset_Handler
                0x08000e30       0x50 ./Core/Startup/startup_stm32f767zitx.o
                0x08000e30                Reset_Handler
 .text.Default_Handler
                0x08000e80        0x2 ./Core/Startup/startup_stm32f767zitx.o
                0x08000e80                RTC_Alarm_IRQHandler
                0x08000e80                EXTI2_IRQHandler
                0x08000e80                TIM8_CC_IRQHandler
                0x08000e80                UART8_IRQHandler
                0x08000e80                SPI4_IRQHandler
                0x08000e80                TIM1_CC_IRQHandler
                0x08000e80                DMA2_Stream5_IRQHandler
                0x08000e80                JPEG_IRQHandler
                0x08000e80                DMA1_Stream5_IRQHandler
                0x08000e80                CAN3_RX1_IRQHandler
                0x08000e80                PVD_IRQHandler
                0x08000e80                TAMP_STAMP_IRQHandler
                0x08000e80                CAN2_RX1_IRQHandler
                0x08000e80                EXTI3_IRQHandler
                0x08000e80                TIM8_TRG_COM_TIM14_IRQHandler
                0x08000e80                DFSDM1_FLT1_IRQHandler
                0x08000e80                TIM8_UP_TIM13_IRQHandler
                0x08000e80                I2C3_ER_IRQHandler
                0x08000e80                DFSDM1_FLT2_IRQHandler
                0x08000e80                EXTI0_IRQHandler
                0x08000e80                I2C2_EV_IRQHandler
                0x08000e80                DMA1_Stream2_IRQHandler
                0x08000e80                CAN1_RX0_IRQHandler
                0x08000e80                FPU_IRQHandler
                0x08000e80                OTG_HS_WKUP_IRQHandler
                0x08000e80                CAN3_SCE_IRQHandler
                0x08000e80                LTDC_ER_IRQHandler
                0x08000e80                CAN2_SCE_IRQHandler
                0x08000e80                DMA2_Stream2_IRQHandler
                0x08000e80                SPI1_IRQHandler
                0x08000e80                TIM6_DAC_IRQHandler
                0x08000e80                TIM1_BRK_TIM9_IRQHandler
                0x08000e80                DCMI_IRQHandler
                0x08000e80                CAN2_RX0_IRQHandler
                0x08000e80                DMA2_Stream3_IRQHandler
                0x08000e80                SAI2_IRQHandler
                0x08000e80                DFSDM1_FLT3_IRQHandler
                0x08000e80                USART6_IRQHandler
                0x08000e80                CAN3_RX0_IRQHandler
                0x08000e80                USART3_IRQHandler
                0x08000e80                CAN1_RX1_IRQHandler
                0x08000e80                UART5_IRQHandler
                0x08000e80                DMA2_Stream0_IRQHandler
                0x08000e80                TIM4_IRQHandler
                0x08000e80                QUADSPI_IRQHandler
                0x08000e80                I2C1_EV_IRQHandler
                0x08000e80                DMA1_Stream6_IRQHandler
                0x08000e80                DMA1_Stream1_IRQHandler
                0x08000e80                UART4_IRQHandler
                0x08000e80                TIM3_IRQHandler
                0x08000e80                RCC_IRQHandler
                0x08000e80                TIM8_BRK_TIM12_IRQHandler
                0x08000e80                Default_Handler
                0x08000e80                CEC_IRQHandler
                0x08000e80                EXTI15_10_IRQHandler
                0x08000e80                DMA1_Stream7_IRQHandler
                0x08000e80                SPI5_IRQHandler
                0x08000e80                TIM7_IRQHandler
                0x08000e80                SDMMC1_IRQHandler
                0x08000e80                CAN2_TX_IRQHandler
                0x08000e80                TIM5_IRQHandler
                0x08000e80                DMA2_Stream7_IRQHandler
                0x08000e80                I2C3_EV_IRQHandler
                0x08000e80                EXTI9_5_IRQHandler
                0x08000e80                RTC_WKUP_IRQHandler
                0x08000e80                LTDC_IRQHandler
                0x08000e80                ETH_WKUP_IRQHandler
                0x08000e80                SPDIF_RX_IRQHandler
                0x08000e80                SPI2_IRQHandler
                0x08000e80                OTG_HS_EP1_IN_IRQHandler
                0x08000e80                DMA1_Stream0_IRQHandler
                0x08000e80                CAN1_TX_IRQHandler
                0x08000e80                EXTI4_IRQHandler
                0x08000e80                RNG_IRQHandler
                0x08000e80                ETH_IRQHandler
                0x08000e80                OTG_HS_EP1_OUT_IRQHandler
                0x08000e80                WWDG_IRQHandler
                0x08000e80                SPI6_IRQHandler
                0x08000e80                MDIOS_IRQHandler
                0x08000e80                I2C4_EV_IRQHandler
                0x08000e80                CAN3_TX_IRQHandler
                0x08000e80                TIM2_IRQHandler
                0x08000e80                OTG_FS_WKUP_IRQHandler
                0x08000e80                TIM1_TRG_COM_TIM11_IRQHandler
                0x08000e80                OTG_HS_IRQHandler
                0x08000e80                DMA2D_IRQHandler
                0x08000e80                EXTI1_IRQHandler
                0x08000e80                SDMMC2_IRQHandler
                0x08000e80                UART7_IRQHandler
                0x08000e80                USART2_IRQHandler
                0x08000e80                DFSDM1_FLT0_IRQHandler
                0x08000e80                I2C2_ER_IRQHandler
                0x08000e80                DMA2_Stream1_IRQHandler
                0x08000e80                CAN1_SCE_IRQHandler
                0x08000e80                FLASH_IRQHandler
                0x08000e80                DMA2_Stream4_IRQHandler
                0x08000e80                USART1_IRQHandler
                0x08000e80                OTG_FS_IRQHandler
                0x08000e80                SPI3_IRQHandler
                0x08000e80                DMA1_Stream4_IRQHandler
                0x08000e80                I2C1_ER_IRQHandler
                0x08000e80                FMC_IRQHandler
                0x08000e80                LPTIM1_IRQHandler
                0x08000e80                I2C4_ER_IRQHandler
                0x08000e80                DMA2_Stream6_IRQHandler
                0x08000e80                SAI1_IRQHandler
                0x08000e80                DMA1_Stream3_IRQHandler
 .text.HAL_Init
                0x08000e82       0x1a ./Drivers/STM32F7xx_HAL_Driver/Src/stm32f7xx_hal.o
                0x08000e82                HAL_Init
 .text.HAL_InitTick
                0x08000e9c       0x60 ./Drivers/STM32F7xx_HAL_Driver/Src/stm32f7xx_hal.o
                0x08000e9c                HAL_InitTick
 .text.HAL_IncTick
                0x08000efc       0x28 ./Drivers/STM32F7xx_HAL_Driver/Src/stm32f7xx_hal.o
                0x08000efc                HAL_IncTick
 .text.HAL_GetTick
                0x08000f24       0x18 ./Drivers/STM32F7xx_HAL_Driver/Src/stm32f7xx_hal.o
                0x08000f24                HAL_GetTick
 .text.HAL_Delay
                0x08000f3c       0x48 ./Drivers/STM32F7xx_HAL_Driver/Src/stm32f7xx_hal.o
                0x08000f3c                HAL_Delay
 .text.HAL_ADC_Init
                0x08000f84       0x88 ./Drivers/STM32F7xx_HAL_Driver/Src/stm32f7xx_hal_adc.o
                0x08000f84                HAL_ADC_Init
 .text.HAL_ADC_Start_IT
                0x0800100c      0x1b0 ./Drivers/STM32F7xx_HAL_Driver/Src/stm32f7xx_hal_adc.o
                0x0800100c                HAL_ADC_Start_IT
 .text.HAL_ADC_IRQHandler
                0x080011bc      0x220 ./Drivers/STM32F7xx_HAL_Driver/Src/stm32f7xx_hal_adc.o
                0x080011bc                HAL_ADC_IRQHandler
 .text.HAL_ADC_GetValue
                0x080013dc       0x1a ./Drivers/STM32F7xx_HAL_Driver/Src/stm32f7xx_hal_adc.o
                0x080013dc                HAL_ADC_GetValue
 .text.HAL_ADC_LevelOutOfWindowCallback
                0x080013f6       0x14 ./Drivers/STM32F7xx_HAL_Driver/Src/stm32f7xx_hal_adc.o
                0x080013f6                HAL_ADC_LevelOutOfWindowCallback
 .text.HAL_ADC_ErrorCallback
                0x0800140a       0x14 ./Drivers/STM32F7xx_HAL_Driver/Src/stm32f7xx_hal_adc.o
                0x0800140a                HAL_ADC_ErrorCallback
 *fill*         0x0800141e        0x2 
 .text.HAL_ADC_ConfigChannel
                0x08001420      0x2ac ./Drivers/STM32F7xx_HAL_Driver/Src/stm32f7xx_hal_adc.o
                0x08001420                HAL_ADC_ConfigChannel
 .text.ADC_Init
                0x080016cc      0x1f4 ./Drivers/STM32F7xx_HAL_Driver/Src/stm32f7xx_hal_adc.o
 .text.HAL_ADCEx_InjectedConvCpltCallback
                0x080018c0       0x14 ./Drivers/STM32F7xx_HAL_Driver/Src/stm32f7xx_hal_adc_ex.o
                0x080018c0                HAL_ADCEx_InjectedConvCpltCallback
 .text.__NVIC_SetPriorityGrouping
                0x080018d4       0x48 ./Drivers/STM32F7xx_HAL_Driver/Src/stm32f7xx_hal_cortex.o
 .text.__NVIC_GetPriorityGrouping
                0x0800191c       0x1c ./Drivers/STM32F7xx_HAL_Driver/Src/stm32f7xx_hal_cortex.o
 .text.__NVIC_EnableIRQ
                0x08001938       0x3c ./Drivers/STM32F7xx_HAL_Driver/Src/stm32f7xx_hal_cortex.o
 .text.__NVIC_SetPriority
                0x08001974       0x54 ./Drivers/STM32F7xx_HAL_Driver/Src/stm32f7xx_hal_cortex.o
 .text.NVIC_EncodePriority
                0x080019c8       0x66 ./Drivers/STM32F7xx_HAL_Driver/Src/stm32f7xx_hal_cortex.o
 *fill*         0x08001a2e        0x2 
 .text.SysTick_Config
                0x08001a30       0x44 ./Drivers/STM32F7xx_HAL_Driver/Src/stm32f7xx_hal_cortex.o
 .text.HAL_NVIC_SetPriorityGrouping
                0x08001a74       0x16 ./Drivers/STM32F7xx_HAL_Driver/Src/stm32f7xx_hal_cortex.o
                0x08001a74                HAL_NVIC_SetPriorityGrouping
 .text.HAL_NVIC_SetPriority
                0x08001a8a       0x38 ./Drivers/STM32F7xx_HAL_Driver/Src/stm32f7xx_hal_cortex.o
                0x08001a8a                HAL_NVIC_SetPriority
 .text.HAL_NVIC_EnableIRQ
                0x08001ac2       0x1c ./Drivers/STM32F7xx_HAL_Driver/Src/stm32f7xx_hal_cortex.o
                0x08001ac2                HAL_NVIC_EnableIRQ
 .text.HAL_SYSTICK_Config
                0x08001ade       0x18 ./Drivers/STM32F7xx_HAL_Driver/Src/stm32f7xx_hal_cortex.o
                0x08001ade                HAL_SYSTICK_Config
 *fill*         0x08001af6        0x2 
 .text.HAL_MPU_Disable
                0x08001af8       0x30 ./Drivers/STM32F7xx_HAL_Driver/Src/stm32f7xx_hal_cortex.o
                0x08001af8                HAL_MPU_Disable
 .text.HAL_MPU_Enable
                0x08001b28       0x40 ./Drivers/STM32F7xx_HAL_Driver/Src/stm32f7xx_hal_cortex.o
                0x08001b28                HAL_MPU_Enable
 .text.HAL_MPU_ConfigRegion
                0x08001b68       0x80 ./Drivers/STM32F7xx_HAL_Driver/Src/stm32f7xx_hal_cortex.o
                0x08001b68                HAL_MPU_ConfigRegion
 .text.HAL_GPIO_Init
                0x08001be8      0x358 ./Drivers/STM32F7xx_HAL_Driver/Src/stm32f7xx_hal_gpio.o
                0x08001be8                HAL_GPIO_Init
 .text.HAL_GPIO_WritePin
                0x08001f40       0x32 ./Drivers/STM32F7xx_HAL_Driver/Src/stm32f7xx_hal_gpio.o
                0x08001f40                HAL_GPIO_WritePin
 *fill*         0x08001f72        0x2 
 .text.HAL_PWREx_EnableOverDrive
                0x08001f74       0xa0 ./Drivers/STM32F7xx_HAL_Driver/Src/stm32f7xx_hal_pwr_ex.o
                0x08001f74                HAL_PWREx_EnableOverDrive
 .text.HAL_RCC_OscConfig
                0x08002014      0x55c ./Drivers/STM32F7xx_HAL_Driver/Src/stm32f7xx_hal_rcc.o
                0x08002014                HAL_RCC_OscConfig
 .text.HAL_RCC_ClockConfig
                0x08002570      0x1d8 ./Drivers/STM32F7xx_HAL_Driver/Src/stm32f7xx_hal_rcc.o
                0x08002570                HAL_RCC_ClockConfig
 .text.HAL_RCC_GetSysClockFreq
                0x08002748      0x18c ./Drivers/STM32F7xx_HAL_Driver/Src/stm32f7xx_hal_rcc.o
                0x08002748                HAL_RCC_GetSysClockFreq
 .text.HAL_RCC_GetHCLKFreq
                0x080028d4       0x18 ./Drivers/STM32F7xx_HAL_Driver/Src/stm32f7xx_hal_rcc.o
                0x080028d4                HAL_RCC_GetHCLKFreq
 .text.HAL_RCC_GetPCLK1Freq
                0x080028ec       0x28 ./Drivers/STM32F7xx_HAL_Driver/Src/stm32f7xx_hal_rcc.o
                0x080028ec                HAL_RCC_GetPCLK1Freq
 .text.HAL_RCC_GetPCLK2Freq
                0x08002914       0x28 ./Drivers/STM32F7xx_HAL_Driver/Src/stm32f7xx_hal_rcc.o
                0x08002914                HAL_RCC_GetPCLK2Freq
 .text.HAL_RCCEx_PeriphCLKConfig
                0x0800293c      0x850 ./Drivers/STM32F7xx_HAL_Driver/Src/stm32f7xx_hal_rcc_ex.o
                0x0800293c                HAL_RCCEx_PeriphCLKConfig
 .text.HAL_TIM_Base_Init
                0x0800318c       0xae ./Drivers/STM32F7xx_HAL_Driver/Src/stm32f7xx_hal_tim.o
                0x0800318c                HAL_TIM_Base_Init
 .text.HAL_TIM_IRQHandler
                0x0800323a      0x20e ./Drivers/STM32F7xx_HAL_Driver/Src/stm32f7xx_hal_tim.o
                0x0800323a                HAL_TIM_IRQHandler
 .text.HAL_TIM_PeriodElapsedCallback
                0x08003448       0x14 ./Drivers/STM32F7xx_HAL_Driver/Src/stm32f7xx_hal_tim.o
                0x08003448                HAL_TIM_PeriodElapsedCallback
 .text.HAL_TIM_OC_DelayElapsedCallback
                0x0800345c       0x14 ./Drivers/STM32F7xx_HAL_Driver/Src/stm32f7xx_hal_tim.o
                0x0800345c                HAL_TIM_OC_DelayElapsedCallback
 .text.HAL_TIM_IC_CaptureCallback
                0x08003470       0x14 ./Drivers/STM32F7xx_HAL_Driver/Src/stm32f7xx_hal_tim.o
                0x08003470                HAL_TIM_IC_CaptureCallback
 .text.HAL_TIM_PWM_PulseFinishedCallback
                0x08003484       0x14 ./Drivers/STM32F7xx_HAL_Driver/Src/stm32f7xx_hal_tim.o
                0x08003484                HAL_TIM_PWM_PulseFinishedCallback
 .text.HAL_TIM_TriggerCallback
                0x08003498       0x14 ./Drivers/STM32F7xx_HAL_Driver/Src/stm32f7xx_hal_tim.o
                0x08003498                HAL_TIM_TriggerCallback
 .text.TIM_Base_SetConfig
                0x080034ac      0x158 ./Drivers/STM32F7xx_HAL_Driver/Src/stm32f7xx_hal_tim.o
                0x080034ac                TIM_Base_SetConfig
 .text.HAL_TIMEx_CommutCallback
                0x08003604       0x14 ./Drivers/STM32F7xx_HAL_Driver/Src/stm32f7xx_hal_tim_ex.o
                0x08003604                HAL_TIMEx_CommutCallback
 .text.HAL_TIMEx_BreakCallback
                0x08003618       0x14 ./Drivers/STM32F7xx_HAL_Driver/Src/stm32f7xx_hal_tim_ex.o
                0x08003618                HAL_TIMEx_BreakCallback
 .text.HAL_TIMEx_Break2Callback
                0x0800362c       0x14 ./Drivers/STM32F7xx_HAL_Driver/Src/stm32f7xx_hal_tim_ex.o
                0x0800362c                HAL_TIMEx_Break2Callback
 .text.HAL_UART_Init
                0x08003640       0x9c ./Drivers/STM32F7xx_HAL_Driver/Src/stm32f7xx_hal_uart.o
                0x08003640                HAL_UART_Init
 .text.HAL_UART_Transmit
                0x080036dc      0x112 ./Drivers/STM32F7xx_HAL_Driver/Src/stm32f7xx_hal_uart.o
                0x080036dc                HAL_UART_Transmit
 .text.HAL_UART_Receive
                0x080037ee      0x190 ./Drivers/STM32F7xx_HAL_Driver/Src/stm32f7xx_hal_uart.o
                0x080037ee                HAL_UART_Receive
 *fill*         0x0800397e        0x2 
 .text.UART_SetConfig
                0x08003980      0x4c8 ./Drivers/STM32F7xx_HAL_Driver/Src/stm32f7xx_hal_uart.o
                0x08003980                UART_SetConfig
 .text.UART_AdvFeatureConfig
                0x08003e48      0x144 ./Drivers/STM32F7xx_HAL_Driver/Src/stm32f7xx_hal_uart.o
                0x08003e48                UART_AdvFeatureConfig
 .text.UART_CheckIdleState
                0x08003f8c      0x150 ./Drivers/STM32F7xx_HAL_Driver/Src/stm32f7xx_hal_uart.o
                0x08003f8c                UART_CheckIdleState
 .text.UART_WaitOnFlagUntilTimeout
                0x080040dc       0xda ./Drivers/STM32F7xx_HAL_Driver/Src/stm32f7xx_hal_uart.o
                0x080040dc                UART_WaitOnFlagUntilTimeout
 .text.UART_EndRxTransfer
                0x080041b6       0xc8 ./Drivers/STM32F7xx_HAL_Driver/Src/stm32f7xx_hal_uart.o
 .text.memset   0x0800427e       0x10 C:/ST/STM32CubeIDE_1.17.0/STM32CubeIDE/plugins/com.st.stm32cube.ide.mcu.externaltools.gnu-tools-for-stm32.12.3.rel1.win32_1.1.0.202410251130/tools/bin/../lib/gcc/arm-none-eabi/12.3.1/../../../../arm-none-eabi/lib/thumb/v7e-m+dp/hard\libc_nano.a(libc_a-memset.o)
                0x0800427e                memset
 *fill*         0x0800428e        0x2 
 .text.__libc_init_array
                0x08004290       0x48 C:/ST/STM32CubeIDE_1.17.0/STM32CubeIDE/plugins/com.st.stm32cube.ide.mcu.externaltools.gnu-tools-for-stm32.12.3.rel1.win32_1.1.0.202410251130/tools/bin/../lib/gcc/arm-none-eabi/12.3.1/../../../../arm-none-eabi/lib/thumb/v7e-m+dp/hard\libc_nano.a(libc_a-init.o)
                0x08004290                __libc_init_array
 *(.glue_7)
 .glue_7        0x080042d8        0x0 linker stubs
 *(.glue_7t)
 .glue_7t       0x080042d8        0x0 linker stubs
 *(.eh_frame)
 .eh_frame      0x080042d8        0x0 C:/ST/STM32CubeIDE_1.17.0/STM32CubeIDE/plugins/com.st.stm32cube.ide.mcu.externaltools.gnu-tools-for-stm32.12.3.rel1.win32_1.1.0.202410251130/tools/bin/../lib/gcc/arm-none-eabi/12.3.1/thumb/v7e-m+dp/hard/crtbegin.o
 *(.init)
 .init          0x080042d8        0x4 C:/ST/STM32CubeIDE_1.17.0/STM32CubeIDE/plugins/com.st.stm32cube.ide.mcu.externaltools.gnu-tools-for-stm32.12.3.rel1.win32_1.1.0.202410251130/tools/bin/../lib/gcc/arm-none-eabi/12.3.1/thumb/v7e-m+dp/hard/crti.o
                0x080042d8                _init
 .init          0x080042dc        0x8 C:/ST/STM32CubeIDE_1.17.0/STM32CubeIDE/plugins/com.st.stm32cube.ide.mcu.externaltools.gnu-tools-for-stm32.12.3.rel1.win32_1.1.0.202410251130/tools/bin/../lib/gcc/arm-none-eabi/12.3.1/thumb/v7e-m+dp/hard/crtn.o
 *(.fini)
 .fini          0x080042e4        0x4 C:/ST/STM32CubeIDE_1.17.0/STM32CubeIDE/plugins/com.st.stm32cube.ide.mcu.externaltools.gnu-tools-for-stm32.12.3.rel1.win32_1.1.0.202410251130/tools/bin/../lib/gcc/arm-none-eabi/12.3.1/thumb/v7e-m+dp/hard/crti.o
                0x080042e4                _fini
 .fini          0x080042e8        0x8 C:/ST/STM32CubeIDE_1.17.0/STM32CubeIDE/plugins/com.st.stm32cube.ide.mcu.externaltools.gnu-tools-for-stm32.12.3.rel1.win32_1.1.0.202410251130/tools/bin/../lib/gcc/arm-none-eabi/12.3.1/thumb/v7e-m+dp/hard/crtn.o
                0x080042f0                        . = ALIGN (0x4)
                0x080042f0                        _etext = .

.vfp11_veneer   0x080042f0        0x0
 .vfp11_veneer  0x080042f0        0x0 linker stubs

.v4_bx          0x080042f0        0x0
 .v4_bx         0x080042f0        0x0 linker stubs

.iplt           0x080042f0        0x0
 .iplt          0x080042f0        0x0 C:/ST/STM32CubeIDE_1.17.0/STM32CubeIDE/plugins/com.st.stm32cube.ide.mcu.externaltools.gnu-tools-for-stm32.12.3.rel1.win32_1.1.0.202410251130/tools/bin/../lib/gcc/arm-none-eabi/12.3.1/thumb/v7e-m+dp/hard/crtbegin.o

.rodata         0x080042f0       0x20
                0x080042f0                        . = ALIGN (0x4)
 *(.rodata)
 .rodata        0x080042f0        0x7 ./Core/Src/main.o
 *(.rodata*)
 *fill*         0x080042f7        0x1 
 .rodata.AHBPrescTable
                0x080042f8       0x10 ./Core/Src/system_stm32f7xx.o
                0x080042f8                AHBPrescTable
 .rodata.APBPrescTable
                0x08004308        0x8 ./Core/Src/system_stm32f7xx.o
                0x08004308                APBPrescTable
                0x08004310                        . = ALIGN (0x4)

.ARM.extab      0x08004310        0x0
                0x08004310                        . = ALIGN (0x4)
 *(.ARM.extab* .gnu.linkonce.armextab.*)
                0x08004310                        . = ALIGN (0x4)

.ARM            0x08004310        0x8
                0x08004310                        . = ALIGN (0x4)
                0x08004310                        __exidx_start = .
 *(.ARM.exidx*)
 .ARM.exidx     0x08004310        0x8 C:/ST/STM32CubeIDE_1.17.0/STM32CubeIDE/plugins/com.st.stm32cube.ide.mcu.externaltools.gnu-tools-for-stm32.12.3.rel1.win32_1.1.0.202410251130/tools/bin/../lib/gcc/arm-none-eabi/12.3.1/thumb/v7e-m+dp/hard\libgcc.a(_udivmoddi4.o)
                0x08004318                        __exidx_end = .
                0x08004318                        . = ALIGN (0x4)

.preinit_array  0x08004318        0x0
                0x08004318                        . = ALIGN (0x4)
                0x08004318                        PROVIDE (__preinit_array_start = .)
 *(.preinit_array*)
                0x08004318                        PROVIDE (__preinit_array_end = .)
                0x08004318                        . = ALIGN (0x4)

.init_array     0x08004318        0x4
                0x08004318                        . = ALIGN (0x4)
                0x08004318                        PROVIDE (__init_array_start = .)
 *(SORT_BY_NAME(.init_array.*))
 *(.init_array*)
 .init_array    0x08004318        0x4 C:/ST/STM32CubeIDE_1.17.0/STM32CubeIDE/plugins/com.st.stm32cube.ide.mcu.externaltools.gnu-tools-for-stm32.12.3.rel1.win32_1.1.0.202410251130/tools/bin/../lib/gcc/arm-none-eabi/12.3.1/thumb/v7e-m+dp/hard/crtbegin.o
                0x0800431c                        PROVIDE (__init_array_end = .)
                0x0800431c                        . = ALIGN (0x4)

.fini_array     0x0800431c        0x4
                0x0800431c                        . = ALIGN (0x4)
                [!provide]                        PROVIDE (__fini_array_start = .)
 *(SORT_BY_NAME(.fini_array.*))
 *(.fini_array*)
 .fini_array    0x0800431c        0x4 C:/ST/STM32CubeIDE_1.17.0/STM32CubeIDE/plugins/com.st.stm32cube.ide.mcu.externaltools.gnu-tools-for-stm32.12.3.rel1.win32_1.1.0.202410251130/tools/bin/../lib/gcc/arm-none-eabi/12.3.1/thumb/v7e-m+dp/hard/crtbegin.o
                [!provide]                        PROVIDE (__fini_array_end = .)
                0x08004320                        . = ALIGN (0x4)
                0x08004320                        _sidata = LOADADDR (.data)

.rel.dyn        0x08004320        0x0
 .rel.iplt      0x08004320        0x0 C:/ST/STM32CubeIDE_1.17.0/STM32CubeIDE/plugins/com.st.stm32cube.ide.mcu.externaltools.gnu-tools-for-stm32.12.3.rel1.win32_1.1.0.202410251130/tools/bin/../lib/gcc/arm-none-eabi/12.3.1/thumb/v7e-m+dp/hard/crtbegin.o

.data           0x20000000        0xc load address 0x08004320
                0x20000000                        . = ALIGN (0x4)
                0x20000000                        _sdata = .
 *(.data)
 *(.data*)
 .data.SystemCoreClock
                0x20000000        0x4 ./Core/Src/system_stm32f7xx.o
                0x20000000                SystemCoreClock
 .data.uwTickPrio
                0x20000004        0x4 ./Drivers/STM32F7xx_HAL_Driver/Src/stm32f7xx_hal.o
                0x20000004                uwTickPrio
 .data.uwTickFreq
                0x20000008        0x1 ./Drivers/STM32F7xx_HAL_Driver/Src/stm32f7xx_hal.o
                0x20000008                uwTickFreq
 *(.RamFunc)
 *(.RamFunc*)
                0x2000000c                        . = ALIGN (0x4)
 *fill*         0x20000009        0x3 
                0x2000000c                        _edata = .

.igot.plt       0x2000000c        0x0 load address 0x0800432c
 .igot.plt      0x2000000c        0x0 C:/ST/STM32CubeIDE_1.17.0/STM32CubeIDE/plugins/com.st.stm32cube.ide.mcu.externaltools.gnu-tools-for-stm32.12.3.rel1.win32_1.1.0.202410251130/tools/bin/../lib/gcc/arm-none-eabi/12.3.1/thumb/v7e-m+dp/hard/crtbegin.o
                0x2000000c                        . = ALIGN (0x4)

.bss            0x2000000c      0x1d0 load address 0x0800432c
                0x2000000c                        _sbss = .
                0x2000000c                        __bss_start__ = _sbss
 *(.bss)
 .bss           0x2000000c       0x1c C:/ST/STM32CubeIDE_1.17.0/STM32CubeIDE/plugins/com.st.stm32cube.ide.mcu.externaltools.gnu-tools-for-stm32.12.3.rel1.win32_1.1.0.202410251130/tools/bin/../lib/gcc/arm-none-eabi/12.3.1/thumb/v7e-m+dp/hard/crtbegin.o
 *(.bss*)
 .bss.CheckSum  0x20000028        0x2 ./Core/Src/TFPlayer.o
                0x20000028                CheckSum
 *fill*         0x2000002a        0x2 
 .bss.adc_val   0x2000002c        0x4 ./Core/Src/main.o
                0x2000002c                adc_val
 .bss.volume    0x20000030        0x1 ./Core/Src/main.o
                0x20000030                volume
 .bss.rx_buffer
                0x20000031        0x1 ./Core/Src/main.o
                0x20000031                rx_buffer
 *fill*         0x20000032        0x2 
 .bss.hadc1     0x20000034       0x48 ./Core/Src/main.o
                0x20000034                hadc1
 .bss.htim10    0x2000007c       0x4c ./Core/Src/main.o
                0x2000007c                htim10
 .bss.huart2    0x200000c8       0x88 ./Core/Src/main.o
                0x200000c8                huart2
 .bss.huart3    0x20000150       0x88 ./Core/Src/main.o
                0x20000150                huart3
 .bss.uwTick    0x200001d8        0x4 ./Drivers/STM32F7xx_HAL_Driver/Src/stm32f7xx_hal.o
                0x200001d8                uwTick
 *(COMMON)
                0x200001dc                        . = ALIGN (0x4)
                0x200001dc                        _ebss = .
                0x200001dc                        __bss_end__ = _ebss

._user_heap_stack
                0x200001dc      0x604 load address 0x0800432c
                0x200001e0                        . = ALIGN (0x8)
 *fill*         0x200001dc        0x4 
                [!provide]                        PROVIDE (end = .)
                0x200001e0                        PROVIDE (_end = .)
                0x200003e0                        . = (. + _Min_Heap_Size)
 *fill*         0x200001e0      0x200 
                0x200007e0                        . = (. + _Min_Stack_Size)
 *fill*         0x200003e0      0x400 
                0x200007e0                        . = ALIGN (0x8)

/DISCARD/
 libc.a(*)
 libm.a(*)
 libgcc.a(*)

.ARM.attributes
                0x00000000       0x2e
 *(.ARM.attributes)
 .ARM.attributes
                0x00000000       0x20 C:/ST/STM32CubeIDE_1.17.0/STM32CubeIDE/plugins/com.st.stm32cube.ide.mcu.externaltools.gnu-tools-for-stm32.12.3.rel1.win32_1.1.0.202410251130/tools/bin/../lib/gcc/arm-none-eabi/12.3.1/thumb/v7e-m+dp/hard/crti.o
 .ARM.attributes
                0x00000020       0x32 C:/ST/STM32CubeIDE_1.17.0/STM32CubeIDE/plugins/com.st.stm32cube.ide.mcu.externaltools.gnu-tools-for-stm32.12.3.rel1.win32_1.1.0.202410251130/tools/bin/../lib/gcc/arm-none-eabi/12.3.1/thumb/v7e-m+dp/hard/crtbegin.o
 .ARM.attributes
                0x00000052       0x32 ./Core/Src/TFPlayer.o
 .ARM.attributes
                0x00000084       0x32 ./Core/Src/main.o
 .ARM.attributes
                0x000000b6       0x32 ./Core/Src/stm32f7xx_hal_msp.o
 .ARM.attributes
                0x000000e8       0x32 ./Core/Src/stm32f7xx_it.o
 .ARM.attributes
                0x0000011a       0x32 ./Core/Src/system_stm32f7xx.o
 .ARM.attributes
                0x0000014c       0x21 ./Core/Startup/startup_stm32f767zitx.o
 .ARM.attributes
                0x0000016d       0x32 ./Drivers/STM32F7xx_HAL_Driver/Src/stm32f7xx_hal.o
 .ARM.attributes
                0x0000019f       0x32 ./Drivers/STM32F7xx_HAL_Driver/Src/stm32f7xx_hal_adc.o
 .ARM.attributes
                0x000001d1       0x32 ./Drivers/STM32F7xx_HAL_Driver/Src/stm32f7xx_hal_adc_ex.o
 .ARM.attributes
                0x00000203       0x32 ./Drivers/STM32F7xx_HAL_Driver/Src/stm32f7xx_hal_cortex.o
 .ARM.attributes
                0x00000235       0x32 ./Drivers/STM32F7xx_HAL_Driver/Src/stm32f7xx_hal_gpio.o
 .ARM.attributes
                0x00000267       0x32 ./Drivers/STM32F7xx_HAL_Driver/Src/stm32f7xx_hal_pwr_ex.o
 .ARM.attributes
                0x00000299       0x32 ./Drivers/STM32F7xx_HAL_Driver/Src/stm32f7xx_hal_rcc.o
 .ARM.attributes
                0x000002cb       0x32 ./Drivers/STM32F7xx_HAL_Driver/Src/stm32f7xx_hal_rcc_ex.o
 .ARM.attributes
                0x000002fd       0x32 ./Drivers/STM32F7xx_HAL_Driver/Src/stm32f7xx_hal_tim.o
 .ARM.attributes
                0x0000032f       0x32 ./Drivers/STM32F7xx_HAL_Driver/Src/stm32f7xx_hal_tim_ex.o
 .ARM.attributes
                0x00000361       0x32 ./Drivers/STM32F7xx_HAL_Driver/Src/stm32f7xx_hal_uart.o
 .ARM.attributes
                0x00000393       0x32 C:/ST/STM32CubeIDE_1.17.0/STM32CubeIDE/plugins/com.st.stm32cube.ide.mcu.externaltools.gnu-tools-for-stm32.12.3.rel1.win32_1.1.0.202410251130/tools/bin/../lib/gcc/arm-none-eabi/12.3.1/../../../../arm-none-eabi/lib/thumb/v7e-m+dp/hard\libc_nano.a(libc_a-memset.o)
 .ARM.attributes
                0x000003c5       0x32 C:/ST/STM32CubeIDE_1.17.0/STM32CubeIDE/plugins/com.st.stm32cube.ide.mcu.externaltools.gnu-tools-for-stm32.12.3.rel1.win32_1.1.0.202410251130/tools/bin/../lib/gcc/arm-none-eabi/12.3.1/../../../../arm-none-eabi/lib/thumb/v7e-m+dp/hard\libc_nano.a(libc_a-init.o)
 .ARM.attributes
                0x000003f7       0x20 C:/ST/STM32CubeIDE_1.17.0/STM32CubeIDE/plugins/com.st.stm32cube.ide.mcu.externaltools.gnu-tools-for-stm32.12.3.rel1.win32_1.1.0.202410251130/tools/bin/../lib/gcc/arm-none-eabi/12.3.1/thumb/v7e-m+dp/hard\libgcc.a(_aeabi_uldivmod.o)
 .ARM.attributes
                0x00000417       0x32 C:/ST/STM32CubeIDE_1.17.0/STM32CubeIDE/plugins/com.st.stm32cube.ide.mcu.externaltools.gnu-tools-for-stm32.12.3.rel1.win32_1.1.0.202410251130/tools/bin/../lib/gcc/arm-none-eabi/12.3.1/thumb/v7e-m+dp/hard\libgcc.a(_udivmoddi4.o)
 .ARM.attributes
                0x00000449       0x20 C:/ST/STM32CubeIDE_1.17.0/STM32CubeIDE/plugins/com.st.stm32cube.ide.mcu.externaltools.gnu-tools-for-stm32.12.3.rel1.win32_1.1.0.202410251130/tools/bin/../lib/gcc/arm-none-eabi/12.3.1/thumb/v7e-m+dp/hard\libgcc.a(_dvmd_tls.o)
 .ARM.attributes
                0x00000469       0x20 C:/ST/STM32CubeIDE_1.17.0/STM32CubeIDE/plugins/com.st.stm32cube.ide.mcu.externaltools.gnu-tools-for-stm32.12.3.rel1.win32_1.1.0.202410251130/tools/bin/../lib/gcc/arm-none-eabi/12.3.1/thumb/v7e-m+dp/hard/crtn.o
OUTPUT(tfplay.elf elf32-littlearm)
LOAD linker stubs
LOAD C:/ST/STM32CubeIDE_1.17.0/STM32CubeIDE/plugins/com.st.stm32cube.ide.mcu.externaltools.gnu-tools-for-stm32.12.3.rel1.win32_1.1.0.202410251130/tools/bin/../lib/gcc/arm-none-eabi/12.3.1/../../../../arm-none-eabi/lib/thumb/v7e-m+dp/hard\libc.a
LOAD C:/ST/STM32CubeIDE_1.17.0/STM32CubeIDE/plugins/com.st.stm32cube.ide.mcu.externaltools.gnu-tools-for-stm32.12.3.rel1.win32_1.1.0.202410251130/tools/bin/../lib/gcc/arm-none-eabi/12.3.1/../../../../arm-none-eabi/lib/thumb/v7e-m+dp/hard\libm.a
LOAD C:/ST/STM32CubeIDE_1.17.0/STM32CubeIDE/plugins/com.st.stm32cube.ide.mcu.externaltools.gnu-tools-for-stm32.12.3.rel1.win32_1.1.0.202410251130/tools/bin/../lib/gcc/arm-none-eabi/12.3.1/thumb/v7e-m+dp/hard\libgcc.a

.debug_info     0x00000000    0x113e1
 .debug_info    0x00000000      0x7d5 ./Core/Src/TFPlayer.o
 .debug_info    0x000007d5     0x165b ./Core/Src/main.o
 .debug_info    0x00001e30     0x170b ./Core/Src/stm32f7xx_hal_msp.o
 .debug_info    0x0000353b      0x9c9 ./Core/Src/stm32f7xx_it.o
 .debug_info    0x00003f04      0x6ed ./Core/Src/system_stm32f7xx.o
 .debug_info    0x000045f1       0x30 ./Core/Startup/startup_stm32f767zitx.o
 .debug_info    0x00004621      0xa4c ./Drivers/STM32F7xx_HAL_Driver/Src/stm32f7xx_hal.o
 .debug_info    0x0000506d      0xc83 ./Drivers/STM32F7xx_HAL_Driver/Src/stm32f7xx_hal_adc.o
 .debug_info    0x00005cf0      0xaed ./Drivers/STM32F7xx_HAL_Driver/Src/stm32f7xx_hal_adc_ex.o
 .debug_info    0x000067dd      0xfc0 ./Drivers/STM32F7xx_HAL_Driver/Src/stm32f7xx_hal_cortex.o
 .debug_info    0x0000779d      0x6f3 ./Drivers/STM32F7xx_HAL_Driver/Src/stm32f7xx_hal_gpio.o
 .debug_info    0x00007e90      0x8cd ./Drivers/STM32F7xx_HAL_Driver/Src/stm32f7xx_hal_pwr_ex.o
 .debug_info    0x0000875d      0x937 ./Drivers/STM32F7xx_HAL_Driver/Src/stm32f7xx_hal_rcc.o
 .debug_info    0x00009094      0x6e1 ./Drivers/STM32F7xx_HAL_Driver/Src/stm32f7xx_hal_rcc_ex.o
 .debug_info    0x00009775     0x2ad5 ./Drivers/STM32F7xx_HAL_Driver/Src/stm32f7xx_hal_tim.o
 .debug_info    0x0000c24a     0x16bb ./Drivers/STM32F7xx_HAL_Driver/Src/stm32f7xx_hal_tim_ex.o
 .debug_info    0x0000d905     0x3adc ./Drivers/STM32F7xx_HAL_Driver/Src/stm32f7xx_hal_uart.o

.debug_abbrev   0x00000000     0x246e
 .debug_abbrev  0x00000000      0x1d1 ./Core/Src/TFPlayer.o
 .debug_abbrev  0x000001d1      0x32c ./Core/Src/main.o
 .debug_abbrev  0x000004fd      0x247 ./Core/Src/stm32f7xx_hal_msp.o
 .debug_abbrev  0x00000744      0x1a7 ./Core/Src/stm32f7xx_it.o
 .debug_abbrev  0x000008eb      0x13b ./Core/Src/system_stm32f7xx.o
 .debug_abbrev  0x00000a26       0x24 ./Core/Startup/startup_stm32f767zitx.o
 .debug_abbrev  0x00000a4a      0x213 ./Drivers/STM32F7xx_HAL_Driver/Src/stm32f7xx_hal.o
 .debug_abbrev  0x00000c5d      0x252 ./Drivers/STM32F7xx_HAL_Driver/Src/stm32f7xx_hal_adc.o
 .debug_abbrev  0x00000eaf      0x270 ./Drivers/STM32F7xx_HAL_Driver/Src/stm32f7xx_hal_adc_ex.o
 .debug_abbrev  0x0000111f      0x31e ./Drivers/STM32F7xx_HAL_Driver/Src/stm32f7xx_hal_cortex.o
 .debug_abbrev  0x0000143d      0x1d4 ./Drivers/STM32F7xx_HAL_Driver/Src/stm32f7xx_hal_gpio.o
 .debug_abbrev  0x00001611      0x1d5 ./Drivers/STM32F7xx_HAL_Driver/Src/stm32f7xx_hal_pwr_ex.o
 .debug_abbrev  0x000017e6      0x2de ./Drivers/STM32F7xx_HAL_Driver/Src/stm32f7xx_hal_rcc.o
 .debug_abbrev  0x00001ac4      0x1c9 ./Drivers/STM32F7xx_HAL_Driver/Src/stm32f7xx_hal_rcc_ex.o
 .debug_abbrev  0x00001c8d      0x278 ./Drivers/STM32F7xx_HAL_Driver/Src/stm32f7xx_hal_tim.o
 .debug_abbrev  0x00001f05      0x283 ./Drivers/STM32F7xx_HAL_Driver/Src/stm32f7xx_hal_tim_ex.o
 .debug_abbrev  0x00002188      0x2e6 ./Drivers/STM32F7xx_HAL_Driver/Src/stm32f7xx_hal_uart.o

.debug_aranges  0x00000000      0xec8
 .debug_aranges
                0x00000000       0x58 ./Core/Src/TFPlayer.o
 .debug_aranges
                0x00000058       0x70 ./Core/Src/main.o
 .debug_aranges
                0x000000c8       0x50 ./Core/Src/stm32f7xx_hal_msp.o
 .debug_aranges
                0x00000118       0x70 ./Core/Src/stm32f7xx_it.o
 .debug_aranges
                0x00000188       0x28 ./Core/Src/system_stm32f7xx.o
 .debug_aranges
                0x000001b0       0x28 ./Core/Startup/startup_stm32f767zitx.o
 .debug_aranges
                0x000001d8      0x110 ./Drivers/STM32F7xx_HAL_Driver/Src/stm32f7xx_hal.o
 .debug_aranges
                0x000002e8       0xe8 ./Drivers/STM32F7xx_HAL_Driver/Src/stm32f7xx_hal_adc.o
 .debug_aranges
                0x000003d0       0x90 ./Drivers/STM32F7xx_HAL_Driver/Src/stm32f7xx_hal_adc_ex.o
 .debug_aranges
                0x00000460      0x128 ./Drivers/STM32F7xx_HAL_Driver/Src/stm32f7xx_hal_cortex.o
 .debug_aranges
                0x00000588       0x58 ./Drivers/STM32F7xx_HAL_Driver/Src/stm32f7xx_hal_gpio.o
 .debug_aranges
                0x000005e0       0x80 ./Drivers/STM32F7xx_HAL_Driver/Src/stm32f7xx_hal_pwr_ex.o
 .debug_aranges
                0x00000660       0x88 ./Drivers/STM32F7xx_HAL_Driver/Src/stm32f7xx_hal_rcc.o
 .debug_aranges
                0x000006e8       0x50 ./Drivers/STM32F7xx_HAL_Driver/Src/stm32f7xx_hal_rcc_ex.o
 .debug_aranges
                0x00000738      0x3e0 ./Drivers/STM32F7xx_HAL_Driver/Src/stm32f7xx_hal_tim.o
 .debug_aranges
                0x00000b18      0x180 ./Drivers/STM32F7xx_HAL_Driver/Src/stm32f7xx_hal_tim_ex.o
 .debug_aranges
                0x00000c98      0x230 ./Drivers/STM32F7xx_HAL_Driver/Src/stm32f7xx_hal_uart.o

.debug_rnglists
                0x00000000      0xb94
 .debug_rnglists
                0x00000000       0x3e ./Core/Src/TFPlayer.o
 .debug_rnglists
                0x0000003e       0x53 ./Core/Src/main.o
 .debug_rnglists
                0x00000091       0x39 ./Core/Src/stm32f7xx_hal_msp.o
 .debug_rnglists
                0x000000ca       0x4f ./Core/Src/stm32f7xx_it.o
 .debug_rnglists
                0x00000119       0x1a ./Core/Src/system_stm32f7xx.o
 .debug_rnglists
                0x00000133       0x19 ./Core/Startup/startup_stm32f767zitx.o
 .debug_rnglists
                0x0000014c       0xc7 ./Drivers/STM32F7xx_HAL_Driver/Src/stm32f7xx_hal.o
 .debug_rnglists
                0x00000213       0xb5 ./Drivers/STM32F7xx_HAL_Driver/Src/stm32f7xx_hal_adc.o
 .debug_rnglists
                0x000002c8       0x71 ./Drivers/STM32F7xx_HAL_Driver/Src/stm32f7xx_hal_adc_ex.o
 .debug_rnglists
                0x00000339       0xda ./Drivers/STM32F7xx_HAL_Driver/Src/stm32f7xx_hal_cortex.o
 .debug_rnglists
                0x00000413       0x3f ./Drivers/STM32F7xx_HAL_Driver/Src/stm32f7xx_hal_gpio.o
 .debug_rnglists
                0x00000452       0x5f ./Drivers/STM32F7xx_HAL_Driver/Src/stm32f7xx_hal_pwr_ex.o
 .debug_rnglists
                0x000004b1       0x67 ./Drivers/STM32F7xx_HAL_Driver/Src/stm32f7xx_hal_rcc.o
 .debug_rnglists
                0x00000518       0x3c ./Drivers/STM32F7xx_HAL_Driver/Src/stm32f7xx_hal_rcc_ex.o
 .debug_rnglists
                0x00000554      0x328 ./Drivers/STM32F7xx_HAL_Driver/Src/stm32f7xx_hal_tim.o
 .debug_rnglists
                0x0000087c      0x138 ./Drivers/STM32F7xx_HAL_Driver/Src/stm32f7xx_hal_tim_ex.o
 .debug_rnglists
                0x000009b4      0x1e0 ./Drivers/STM32F7xx_HAL_Driver/Src/stm32f7xx_hal_uart.o

.debug_macro    0x00000000    0x28951
 .debug_macro   0x00000000      0x2e1 ./Core/Src/TFPlayer.o
 .debug_macro   0x000002e1      0xacc ./Core/Src/TFPlayer.o
 .debug_macro   0x00000dad       0x22 ./Core/Src/TFPlayer.o
 .debug_macro   0x00000dcf       0x5b ./Core/Src/TFPlayer.o
 .debug_macro   0x00000e2a       0x29 ./Core/Src/TFPlayer.o
 .debug_macro   0x00000e53       0x94 ./Core/Src/TFPlayer.o
 .debug_macro   0x00000ee7       0x43 ./Core/Src/TFPlayer.o
 .debug_macro   0x00000f2a       0x34 ./Core/Src/TFPlayer.o
 .debug_macro   0x00000f5e       0x16 ./Core/Src/TFPlayer.o
 .debug_macro   0x00000f74       0x57 ./Core/Src/TFPlayer.o
 .debug_macro   0x00000fcb       0x9e ./Core/Src/TFPlayer.o
 .debug_macro   0x00001069      0x369 ./Core/Src/TFPlayer.o
 .debug_macro   0x000013d2      0x10b ./Core/Src/TFPlayer.o
 .debug_macro   0x000014dd       0x10 ./Core/Src/TFPlayer.o
 .debug_macro   0x000014ed       0x16 ./Core/Src/TFPlayer.o
 .debug_macro   0x00001503       0x43 ./Core/Src/TFPlayer.o
 .debug_macro   0x00001546       0x34 ./Core/Src/TFPlayer.o
 .debug_macro   0x0000157a       0x10 ./Core/Src/TFPlayer.o
 .debug_macro   0x0000158a       0x58 ./Core/Src/TFPlayer.o
 .debug_macro   0x000015e2       0x8e ./Core/Src/TFPlayer.o
 .debug_macro   0x00001670       0x1c ./Core/Src/TFPlayer.o
 .debug_macro   0x0000168c      0x177 ./Core/Src/TFPlayer.o
 .debug_macro   0x00001803       0x16 ./Core/Src/TFPlayer.o
 .debug_macro   0x00001819       0x16 ./Core/Src/TFPlayer.o
 .debug_macro   0x0000182f      0x146 ./Core/Src/TFPlayer.o
 .debug_macro   0x00001975      0x103 ./Core/Src/TFPlayer.o
 .debug_macro   0x00001a78       0x6a ./Core/Src/TFPlayer.o
 .debug_macro   0x00001ae2      0x1df ./Core/Src/TFPlayer.o
 .debug_macro   0x00001cc1       0x5e ./Core/Src/TFPlayer.o
 .debug_macro   0x00001d1f      0x299 ./Core/Src/TFPlayer.o
 .debug_macro   0x00001fb8       0x2e ./Core/Src/TFPlayer.o
 .debug_macro   0x00001fe6       0x3b ./Core/Src/TFPlayer.o
 .debug_macro   0x00002021       0x1c ./Core/Src/TFPlayer.o
 .debug_macro   0x0000203d       0x22 ./Core/Src/TFPlayer.o
 .debug_macro   0x0000205f       0xd9 ./Core/Src/TFPlayer.o
 .debug_macro   0x00002138     0x12cd ./Core/Src/TFPlayer.o
 .debug_macro   0x00003405      0x11f ./Core/Src/TFPlayer.o
 .debug_macro   0x00003524       0x19 ./Core/Src/TFPlayer.o
 .debug_macro   0x0000353d    0x1aa23 ./Core/Src/TFPlayer.o
 .debug_macro   0x0001df60       0x6d ./Core/Src/TFPlayer.o
 .debug_macro   0x0001dfcd     0x3765 ./Core/Src/TFPlayer.o
 .debug_macro   0x00021732       0x5d ./Core/Src/TFPlayer.o
 .debug_macro   0x0002178f     0x1add ./Core/Src/TFPlayer.o
 .debug_macro   0x0002326c      0x6c4 ./Core/Src/TFPlayer.o
 .debug_macro   0x00023930      0x18b ./Core/Src/TFPlayer.o
 .debug_macro   0x00023abb      0x115 ./Core/Src/TFPlayer.o
 .debug_macro   0x00023bd0      0x26e ./Core/Src/TFPlayer.o
 .debug_macro   0x00023e3e       0xa5 ./Core/Src/TFPlayer.o
 .debug_macro   0x00023ee3      0x24f ./Core/Src/TFPlayer.o
 .debug_macro   0x00024132       0x71 ./Core/Src/TFPlayer.o
 .debug_macro   0x000241a3       0x58 ./Core/Src/TFPlayer.o
 .debug_macro   0x000241fb      0x236 ./Core/Src/TFPlayer.o
 .debug_macro   0x00024431      0x416 ./Core/Src/TFPlayer.o
 .debug_macro   0x00024847      0x153 ./Core/Src/TFPlayer.o
 .debug_macro   0x0002499a      0x107 ./Core/Src/TFPlayer.o
 .debug_macro   0x00024aa1      0x14e ./Core/Src/TFPlayer.o
 .debug_macro   0x00024bef      0x3db ./Core/Src/TFPlayer.o
 .debug_macro   0x00024fca       0x12 ./Core/Src/TFPlayer.o
 .debug_macro   0x00024fdc      0x22c ./Core/Src/TFPlayer.o
 .debug_macro   0x00025208       0x61 ./Core/Src/TFPlayer.o
 .debug_macro   0x00025269       0xa5 ./Core/Src/TFPlayer.o
 .debug_macro   0x0002530e      0x12e ./Core/Src/TFPlayer.o
 .debug_macro   0x0002543c      0x108 ./Core/Src/TFPlayer.o
 .debug_macro   0x00025544       0x35 ./Core/Src/TFPlayer.o
 .debug_macro   0x00025579      0xa91 ./Core/Src/TFPlayer.o
 .debug_macro   0x0002600a       0xa9 ./Core/Src/TFPlayer.o
 .debug_macro   0x000260b3      0x5ba ./Core/Src/TFPlayer.o
 .debug_macro   0x0002666d       0x44 ./Core/Src/TFPlayer.o
 .debug_macro   0x000266b1      0x15b ./Core/Src/TFPlayer.o
 .debug_macro   0x0002680c      0x20f ./Core/Src/main.o
 .debug_macro   0x00026a1b       0x8e ./Core/Src/main.o
 .debug_macro   0x00026aa9       0x51 ./Core/Src/main.o
 .debug_macro   0x00026afa      0x189 ./Core/Src/main.o
 .debug_macro   0x00026c83       0x63 ./Core/Src/main.o
 .debug_macro   0x00026ce6      0x206 ./Core/Src/stm32f7xx_hal_msp.o
 .debug_macro   0x00026eec      0x210 ./Core/Src/stm32f7xx_it.o
 .debug_macro   0x000270fc      0x1fc ./Core/Src/system_stm32f7xx.o
 .debug_macro   0x000272f8      0x220 ./Drivers/STM32F7xx_HAL_Driver/Src/stm32f7xx_hal.o
 .debug_macro   0x00027518      0x1fd ./Drivers/STM32F7xx_HAL_Driver/Src/stm32f7xx_hal_adc.o
 .debug_macro   0x00027715      0x1fc ./Drivers/STM32F7xx_HAL_Driver/Src/stm32f7xx_hal_adc_ex.o
 .debug_macro   0x00027911      0x1fc ./Drivers/STM32F7xx_HAL_Driver/Src/stm32f7xx_hal_cortex.o
 .debug_macro   0x00027b0d      0x202 ./Drivers/STM32F7xx_HAL_Driver/Src/stm32f7xx_hal_gpio.o
 .debug_macro   0x00027d0f      0x214 ./Drivers/STM32F7xx_HAL_Driver/Src/stm32f7xx_hal_pwr_ex.o
 .debug_macro   0x00027f23      0x220 ./Drivers/STM32F7xx_HAL_Driver/Src/stm32f7xx_hal_rcc.o
 .debug_macro   0x00028143      0x1fc ./Drivers/STM32F7xx_HAL_Driver/Src/stm32f7xx_hal_rcc_ex.o
 .debug_macro   0x0002833f      0x1fd ./Drivers/STM32F7xx_HAL_Driver/Src/stm32f7xx_hal_tim.o
 .debug_macro   0x0002853c      0x1fc ./Drivers/STM32F7xx_HAL_Driver/Src/stm32f7xx_hal_tim_ex.o
 .debug_macro   0x00028738      0x219 ./Drivers/STM32F7xx_HAL_Driver/Src/stm32f7xx_hal_uart.o

.debug_line     0x00000000    0x12970
 .debug_line    0x00000000      0x9a7 ./Core/Src/TFPlayer.o
 .debug_line    0x000009a7      0xa20 ./Core/Src/main.o
 .debug_line    0x000013c7      0x8c6 ./Core/Src/stm32f7xx_hal_msp.o
 .debug_line    0x00001c8d      0x895 ./Core/Src/stm32f7xx_it.o
 .debug_line    0x00002522      0x825 ./Core/Src/system_stm32f7xx.o
 .debug_line    0x00002d47       0x7a ./Core/Startup/startup_stm32f767zitx.o
 .debug_line    0x00002dc1      0xaf5 ./Drivers/STM32F7xx_HAL_Driver/Src/stm32f7xx_hal.o
 .debug_line    0x000038b6     0x12fd ./Drivers/STM32F7xx_HAL_Driver/Src/stm32f7xx_hal_adc.o
 .debug_line    0x00004bb3      0xf64 ./Drivers/STM32F7xx_HAL_Driver/Src/stm32f7xx_hal_adc_ex.o
 .debug_line    0x00005b17      0xd67 ./Drivers/STM32F7xx_HAL_Driver/Src/stm32f7xx_hal_cortex.o
 .debug_line    0x0000687e      0xc4b ./Drivers/STM32F7xx_HAL_Driver/Src/stm32f7xx_hal_gpio.o
 .debug_line    0x000074c9      0xa49 ./Drivers/STM32F7xx_HAL_Driver/Src/stm32f7xx_hal_pwr_ex.o
 .debug_line    0x00007f12      0xf23 ./Drivers/STM32F7xx_HAL_Driver/Src/stm32f7xx_hal_rcc.o
 .debug_line    0x00008e35      0xefc ./Drivers/STM32F7xx_HAL_Driver/Src/stm32f7xx_hal_rcc_ex.o
 .debug_line    0x00009d31     0x3d7f ./Drivers/STM32F7xx_HAL_Driver/Src/stm32f7xx_hal_tim.o
 .debug_line    0x0000dab0     0x1c8a ./Drivers/STM32F7xx_HAL_Driver/Src/stm32f7xx_hal_tim_ex.o
 .debug_line    0x0000f73a     0x3236 ./Drivers/STM32F7xx_HAL_Driver/Src/stm32f7xx_hal_uart.o

.debug_str      0x00000000   0x100873
 .debug_str     0x00000000    0xfc2ec ./Core/Src/TFPlayer.o
                              0xfca17 (size before relaxing)
 .debug_str     0x000fc2ec      0x94a ./Core/Src/main.o
                              0xf9d2d (size before relaxing)
 .debug_str     0x000fcc36      0x9d9 ./Core/Src/stm32f7xx_hal_msp.o
                              0xfa1ce (size before relaxing)
 .debug_str     0x000fd60f      0x108 ./Core/Src/stm32f7xx_it.o
                              0xf948c (size before relaxing)
 .debug_str     0x000fd717      0x1a4 ./Core/Src/system_stm32f7xx.o
                              0xf8f44 (size before relaxing)
 .debug_str     0x000fd8bb       0x44 ./Core/Startup/startup_stm32f767zitx.o
                                 0x6c (size before relaxing)
 .debug_str     0x000fd8ff      0x42a ./Drivers/STM32F7xx_HAL_Driver/Src/stm32f7xx_hal.o
                              0xf9984 (size before relaxing)
 .debug_str     0x000fdd29      0x265 ./Drivers/STM32F7xx_HAL_Driver/Src/stm32f7xx_hal_adc.o
                              0xf943d (size before relaxing)
 .debug_str     0x000fdf8e      0x2df ./Drivers/STM32F7xx_HAL_Driver/Src/stm32f7xx_hal_adc_ex.o
                              0xf9491 (size before relaxing)
 .debug_str     0x000fe26d      0x2a9 ./Drivers/STM32F7xx_HAL_Driver/Src/stm32f7xx_hal_cortex.o
                              0xf9966 (size before relaxing)
 .debug_str     0x000fe516      0x105 ./Drivers/STM32F7xx_HAL_Driver/Src/stm32f7xx_hal_gpio.o
                              0xf9002 (size before relaxing)
 .debug_str     0x000fe61b      0x1d1 ./Drivers/STM32F7xx_HAL_Driver/Src/stm32f7xx_hal_pwr_ex.o
                              0xf91b3 (size before relaxing)
 .debug_str     0x000fe7ec      0x260 ./Drivers/STM32F7xx_HAL_Driver/Src/stm32f7xx_hal_rcc.o
                              0xf92bf (size before relaxing)
 .debug_str     0x000fea4c      0x147 ./Drivers/STM32F7xx_HAL_Driver/Src/stm32f7xx_hal_rcc_ex.o
                              0xf9222 (size before relaxing)
 .debug_str     0x000feb93      0xe90 ./Drivers/STM32F7xx_HAL_Driver/Src/stm32f7xx_hal_tim.o
                              0xfa267 (size before relaxing)
 .debug_str     0x000ffa23      0x5ff ./Drivers/STM32F7xx_HAL_Driver/Src/stm32f7xx_hal_tim_ex.o
                              0xf9b6d (size before relaxing)
 .debug_str     0x00100022      0x851 ./Drivers/STM32F7xx_HAL_Driver/Src/stm32f7xx_hal_uart.o
                              0xf9c0d (size before relaxing)

.comment        0x00000000       0x43
 .comment       0x00000000       0x43 ./Core/Src/TFPlayer.o
                                 0x44 (size before relaxing)
 .comment       0x00000043       0x44 ./Core/Src/main.o
 .comment       0x00000043       0x44 ./Core/Src/stm32f7xx_hal_msp.o
 .comment       0x00000043       0x44 ./Core/Src/stm32f7xx_it.o
 .comment       0x00000043       0x44 ./Core/Src/system_stm32f7xx.o
 .comment       0x00000043       0x44 ./Drivers/STM32F7xx_HAL_Driver/Src/stm32f7xx_hal.o
 .comment       0x00000043       0x44 ./Drivers/STM32F7xx_HAL_Driver/Src/stm32f7xx_hal_adc.o
 .comment       0x00000043       0x44 ./Drivers/STM32F7xx_HAL_Driver/Src/stm32f7xx_hal_adc_ex.o
 .comment       0x00000043       0x44 ./Drivers/STM32F7xx_HAL_Driver/Src/stm32f7xx_hal_cortex.o
 .comment       0x00000043       0x44 ./Drivers/STM32F7xx_HAL_Driver/Src/stm32f7xx_hal_gpio.o
 .comment       0x00000043       0x44 ./Drivers/STM32F7xx_HAL_Driver/Src/stm32f7xx_hal_pwr_ex.o
 .comment       0x00000043       0x44 ./Drivers/STM32F7xx_HAL_Driver/Src/stm32f7xx_hal_rcc.o
 .comment       0x00000043       0x44 ./Drivers/STM32F7xx_HAL_Driver/Src/stm32f7xx_hal_rcc_ex.o
 .comment       0x00000043       0x44 ./Drivers/STM32F7xx_HAL_Driver/Src/stm32f7xx_hal_tim.o
 .comment       0x00000043       0x44 ./Drivers/STM32F7xx_HAL_Driver/Src/stm32f7xx_hal_tim_ex.o
 .comment       0x00000043       0x44 ./Drivers/STM32F7xx_HAL_Driver/Src/stm32f7xx_hal_uart.o

.debug_frame    0x00000000     0x3df4
 .debug_frame   0x00000000      0x108 ./Core/Src/TFPlayer.o
 .debug_frame   0x00000108      0x174 ./Core/Src/main.o
 .debug_frame   0x0000027c      0x110 ./Core/Src/stm32f7xx_hal_msp.o
 .debug_frame   0x0000038c      0x13c ./Core/Src/stm32f7xx_it.o
 .debug_frame   0x000004c8       0x58 ./Core/Src/system_stm32f7xx.o
 .debug_frame   0x00000520      0x3f4 ./Drivers/STM32F7xx_HAL_Driver/Src/stm32f7xx_hal.o
 .debug_frame   0x00000914      0x3fc ./Drivers/STM32F7xx_HAL_Driver/Src/stm32f7xx_hal_adc.o
 .debug_frame   0x00000d10      0x250 ./Drivers/STM32F7xx_HAL_Driver/Src/stm32f7xx_hal_adc_ex.o
 .debug_frame   0x00000f60      0x4e8 ./Drivers/STM32F7xx_HAL_Driver/Src/stm32f7xx_hal_cortex.o
 .debug_frame   0x00001448      0x14c ./Drivers/STM32F7xx_HAL_Driver/Src/stm32f7xx_hal_gpio.o
 .debug_frame   0x00001594      0x1c8 ./Drivers/STM32F7xx_HAL_Driver/Src/stm32f7xx_hal_pwr_ex.o
 .debug_frame   0x0000175c      0x1f8 ./Drivers/STM32F7xx_HAL_Driver/Src/stm32f7xx_hal_rcc.o
 .debug_frame   0x00001954      0x118 ./Drivers/STM32F7xx_HAL_Driver/Src/stm32f7xx_hal_rcc_ex.o
 .debug_frame   0x00001a6c     0x121c ./Drivers/STM32F7xx_HAL_Driver/Src/stm32f7xx_hal_tim.o
 .debug_frame   0x00002c88      0x6b0 ./Drivers/STM32F7xx_HAL_Driver/Src/stm32f7xx_hal_tim_ex.o
 .debug_frame   0x00003338      0xa10 ./Drivers/STM32F7xx_HAL_Driver/Src/stm32f7xx_hal_uart.o
 .debug_frame   0x00003d48       0x20 C:/ST/STM32CubeIDE_1.17.0/STM32CubeIDE/plugins/com.st.stm32cube.ide.mcu.externaltools.gnu-tools-for-stm32.12.3.rel1.win32_1.1.0.202410251130/tools/bin/../lib/gcc/arm-none-eabi/12.3.1/../../../../arm-none-eabi/lib/thumb/v7e-m+dp/hard\libc_nano.a(libc_a-memset.o)
 .debug_frame   0x00003d68       0x2c C:/ST/STM32CubeIDE_1.17.0/STM32CubeIDE/plugins/com.st.stm32cube.ide.mcu.externaltools.gnu-tools-for-stm32.12.3.rel1.win32_1.1.0.202410251130/tools/bin/../lib/gcc/arm-none-eabi/12.3.1/../../../../arm-none-eabi/lib/thumb/v7e-m+dp/hard\libc_nano.a(libc_a-init.o)
 .debug_frame   0x00003d94       0x2c C:/ST/STM32CubeIDE_1.17.0/STM32CubeIDE/plugins/com.st.stm32cube.ide.mcu.externaltools.gnu-tools-for-stm32.12.3.rel1.win32_1.1.0.202410251130/tools/bin/../lib/gcc/arm-none-eabi/12.3.1/thumb/v7e-m+dp/hard\libgcc.a(_aeabi_uldivmod.o)
 .debug_frame   0x00003dc0       0x34 C:/ST/STM32CubeIDE_1.17.0/STM32CubeIDE/plugins/com.st.stm32cube.ide.mcu.externaltools.gnu-tools-for-stm32.12.3.rel1.win32_1.1.0.202410251130/tools/bin/../lib/gcc/arm-none-eabi/12.3.1/thumb/v7e-m+dp/hard\libgcc.a(_udivmoddi4.o)

.debug_line_str
                0x00000000       0x50
 .debug_line_str
                0x00000000       0x50 ./Core/Startup/startup_stm32f767zitx.o
