../Core/Src/main.c:89:1:setSampleRate	24	static
../Core/Src/main.c:104:1:val2Dac8	24	static
../Core/Src/main.c:111:1:val2Dac16	16	static
../Core/Src/main.c:119:1:prepareDACBuffer_8Bit	48	static
../Core/Src/main.c:135:1:prepareDACBuffer_16Bit	48	static
../Core/Src/main.c:151:1:outputSamples	64	static,ignoring_inline_asm
../Core/Src/main.c:201:1:isSupprtedWavFile	16	static
../Core/Src/main.c:216:1:playWavFile	632	static
../Core/Src/main.c:252:6:readTextFileAndSendToUART	712	static
../Core/Src/main.c:290:5:main	648	static
../Core/Src/main.c:381:6:SystemClock_Config	88	static
../Core/Src/main.c:429:13:MX_DAC_Init	16	static
../Core/Src/main.c:469:13:MX_SDMMC1_SD_Init	4	static
../Core/Src/main.c:497:13:MX_TIM4_Init	40	static
../Core/Src/main.c:542:13:MX_USART3_UART_Init	8	static
../Core/Src/main.c:575:13:MX_DMA_Init	16	static
../Core/Src/main.c:593:13:MX_GPIO_Init	24	static
../Core/Src/main.c:608:6:HAL_DAC_ConvCpltCallbackCh1	16	static
../Core/Src/main.c:618:6:Error_Handler	4	static,ignoring_inline_asm
