../Core/Src/main.c:132:6:Convert_16bit_to_12bit	24	static
../Core/Src/main.c:145:9:open_wav_file	24	static
../Core/Src/main.c:193:6:list_files	16	static
../Core/Src/main.c:233:6:play_wav_file	16	static
../Core/Src/main.c:248:6:Play_WAV	24	static
../Core/Src/main.c:298:6:HAL_DAC_ConvCpltCallbackCh1	16	static
../Core/Src/main.c:304:6:play_audio	8	static
../Core/Src/main.c:332:5:main	8	static
../Core/Src/main.c:434:6:SystemClock_Config	88	static
../Core/Src/main.c:482:13:MX_DAC_Init	16	static
../Core/Src/main.c:529:13:MX_SPI1_Init	8	static
../Core/Src/main.c:569:13:MX_TIM6_Init	24	static
../Core/Src/main.c:607:13:MX_USART3_UART_Init	8	static
../Core/Src/main.c:640:13:MX_DMA_Init	16	static
../Core/Src/main.c:658:13:MX_GPIO_Init	48	static
../Core/Src/main.c:710:6:MPU_Config	24	static
../Core/Src/main.c:741:6:Error_Handler	4	static,ignoring_inline_asm
