../Core/Src/main.c:86:6:HAL_GPIO_EXTI_Callback	24	static
../Core/Src/main.c:114:5:main	8	static
../Core/Src/main.c:181:6:SystemClock_Config	88	static
../Core/Src/main.c:233:13:MX_ADC1_Init	24	static
../Core/Src/main.c:285:13:MX_DAC_Init	16	static
../Core/Src/main.c:327:13:MX_SPI1_Init	8	static
../Core/Src/main.c:367:13:MX_TIM6_Init	24	static
../Core/Src/main.c:405:13:MX_USART3_UART_Init	8	static
../Core/Src/main.c:438:13:MX_DMA_Init	16	static
../Core/Src/main.c:460:13:MX_GPIO_Init	48	static
../Core/Src/main.c:503:6:MPU_Config	24	static
../Core/Src/main.c:534:6:Error_Handler	4	static,ignoring_inline_asm
