../Core/Src/main.c:67:6:HAL_TIM_PeriodElaspedCallback	16	static
../Core/Src/main.c:72:6:HAL_ADC_ConvCpltCallback	16	static
../Core/Src/main.c:87:5:main	16	static
../Core/Src/main.c:174:6:SystemClock_Config	88	static
../Core/Src/main.c:229:13:MX_ADC1_Init	24	static
../Core/Src/main.c:281:13:MX_TIM10_Init	8	static
../Core/Src/main.c:312:13:MX_USART2_UART_Init	8	static
../Core/Src/main.c:347:13:MX_USART3_UART_Init	8	static
../Core/Src/main.c:382:13:MX_GPIO_Init	40	static
../Core/Src/main.c:419:6:MPU_Config	24	static
../Core/Src/main.c:450:6:Error_Handler	4	static,ignoring_inline_asm
