07:05:09 **** Incremental Build of configuration Debug for project tfplay ****
make -j12 all 
arm-none-eabi-gcc "../Core/Src/main.c" -mcpu=cortex-m7 -std=gnu11 -g3 -DDEBUG -DUSE_HAL_DRIVER -DSTM32F767xx -c -I../Core/Inc -I../Drivers/STM32F7xx_HAL_Driver/Inc -I../Drivers/STM32F7xx_HAL_Driver/Inc/Legacy -I../Drivers/CMSIS/Device/ST/STM32F7xx/Include -I../Drivers/CMSIS/Include -O0 -ffunction-sections -fdata-sections -Wall -fstack-usage -fcyclomatic-complexity -MMD -MP -MF"Core/Src/main.d" -MT"Core/Src/main.o" --specs=nano.specs -mfpu=fpv5-d16 -mfloat-abi=hard -mthumb -o "Core/Src/main.o"
../Core/Src/main.c: In function 'main':
../Core/Src/main.c:125:3: warning: implicit declaration of function 'TF_Play' [-Wimplicit-function-declaration]
  125 |   TF_Play(1);
      |   ^~~~~~~
arm-none-eabi-gcc -o "tfplay.elf" @"objects.list"   -mcpu=cortex-m7 -T"D:\STM32\Assiment\Tfplayer\tfplay\STM32F767ZITX_FLASH.ld" --specs=nosys.specs -Wl,-Map="tfplay.map" -Wl,--gc-sections -static --specs=nano.specs -mfpu=fpv5-d16 -mfloat-abi=hard -mthumb -Wl,--start-group -lc -lm -Wl,--end-group
Finished building target: tfplay.elf
 
arm-none-eabi-size  tfplay.elf 
arm-none-eabi-objdump -h -S tfplay.elf  > "tfplay.list"
   text	   data	    bss	    dec	    hex	filename
  17184	     12	   2004	  19200	   4b00	tfplay.elf
Finished building: default.size.stdout
 
Finished building: tfplay.list
 

07:05:10 Build Finished. 0 errors, 1 warnings. (took 586ms)

