23:08:41 **** Build of configuration Debug for project sound_dac ****
make -j12 all 
arm-none-eabi-gcc "../Drivers/STM32F7xx_HAL_Driver/Src/stm32f7xx_hal.c" -mcpu=cortex-m7 -std=gnu11 -g3 -DDEBUG -DUSE_HAL_DRIVER -DSTM32F767xx -c -I../Core/Inc -I../Drivers/STM32F7xx_HAL_Driver/Inc -I../Drivers/STM32F7xx_HAL_Driver/Inc/Legacy -I../Drivers/CMSIS/Device/ST/STM32F7xx/Include -I../Drivers/CMSIS/Include -O0 -ffunction-sections -fdata-sections -Wall -fstack-usage -fcyclomatic-complexity -MMD -MP -MF"Drivers/STM32F7xx_HAL_Driver/Src/stm32f7xx_hal.d" -MT"Drivers/STM32F7xx_HAL_Driver/Src/stm32f7xx_hal.o" --specs=nano.specs -mfpu=fpv5-d16 -mfloat-abi=hard -mthumb -o "Drivers/STM32F7xx_HAL_Driver/Src/stm32f7xx_hal.o"
arm-none-eabi-gcc "../Drivers/STM32F7xx_HAL_Driver/Src/stm32f7xx_hal_cortex.c" -mcpu=cortex-m7 -std=gnu11 -g3 -DDEBUG -DUSE_HAL_DRIVER -DSTM32F767xx -c -I../Core/Inc -I../Drivers/STM32F7xx_HAL_Driver/Inc -I../Drivers/STM32F7xx_HAL_Driver/Inc/Legacy -I../Drivers/CMSIS/Device/ST/STM32F7xx/Include -I../Drivers/CMSIS/Include -O0 -ffunction-sections -fdata-sections -Wall -fstack-usage -fcyclomatic-complexity -MMD -MP -MF"Drivers/STM32F7xx_HAL_Driver/Src/stm32f7xx_hal_cortex.d" -MT"Drivers/STM32F7xx_HAL_Driver/Src/stm32f7xx_hal_cortex.o" --specs=nano.specs -mfpu=fpv5-d16 -mfloat-abi=hard -mthumb -o "Drivers/STM32F7xx_HAL_Driver/Src/stm32f7xx_hal_cortex.o"
arm-none-eabi-gcc "../Drivers/STM32F7xx_HAL_Driver/Src/stm32f7xx_hal_dac.c" -mcpu=cortex-m7 -std=gnu11 -g3 -DDEBUG -DUSE_HAL_DRIVER -DSTM32F767xx -c -I../Core/Inc -I../Drivers/STM32F7xx_HAL_Driver/Inc -I../Drivers/STM32F7xx_HAL_Driver/Inc/Legacy -I../Drivers/CMSIS/Device/ST/STM32F7xx/Include -I../Drivers/CMSIS/Include -O0 -ffunction-sections -fdata-sections -Wall -fstack-usage -fcyclomatic-complexity -MMD -MP -MF"Drivers/STM32F7xx_HAL_Driver/Src/stm32f7xx_hal_dac.d" -MT"Drivers/STM32F7xx_HAL_Driver/Src/stm32f7xx_hal_dac.o" --specs=nano.specs -mfpu=fpv5-d16 -mfloat-abi=hard -mthumb -o "Drivers/STM32F7xx_HAL_Driver/Src/stm32f7xx_hal_dac.o"
arm-none-eabi-gcc "../Drivers/STM32F7xx_HAL_Driver/Src/stm32f7xx_hal_dac_ex.c" -mcpu=cortex-m7 -std=gnu11 -g3 -DDEBUG -DUSE_HAL_DRIVER -DSTM32F767xx -c -I../Core/Inc -I../Drivers/STM32F7xx_HAL_Driver/Inc -I../Drivers/STM32F7xx_HAL_Driver/Inc/Legacy -I../Drivers/CMSIS/Device/ST/STM32F7xx/Include -I../Drivers/CMSIS/Include -O0 -ffunction-sections -fdata-sections -Wall -fstack-usage -fcyclomatic-complexity -MMD -MP -MF"Drivers/STM32F7xx_HAL_Driver/Src/stm32f7xx_hal_dac_ex.d" -MT"Drivers/STM32F7xx_HAL_Driver/Src/stm32f7xx_hal_dac_ex.o" --specs=nano.specs -mfpu=fpv5-d16 -mfloat-abi=hard -mthumb -o "Drivers/STM32F7xx_HAL_Driver/Src/stm32f7xx_hal_dac_ex.o"
arm-none-eabi-gcc "../Drivers/STM32F7xx_HAL_Driver/Src/stm32f7xx_hal_dma.c" -mcpu=cortex-m7 -std=gnu11 -g3 -DDEBUG -DUSE_HAL_DRIVER -DSTM32F767xx -c -I../Core/Inc -I../Drivers/STM32F7xx_HAL_Driver/Inc -I../Drivers/STM32F7xx_HAL_Driver/Inc/Legacy -I../Drivers/CMSIS/Device/ST/STM32F7xx/Include -I../Drivers/CMSIS/Include -O0 -ffunction-sections -fdata-sections -Wall -fstack-usage -fcyclomatic-complexity -MMD -MP -MF"Drivers/STM32F7xx_HAL_Driver/Src/stm32f7xx_hal_dma.d" -MT"Drivers/STM32F7xx_HAL_Driver/Src/stm32f7xx_hal_dma.o" --specs=nano.specs -mfpu=fpv5-d16 -mfloat-abi=hard -mthumb -o "Drivers/STM32F7xx_HAL_Driver/Src/stm32f7xx_hal_dma.o"
arm-none-eabi-gcc "../Drivers/STM32F7xx_HAL_Driver/Src/stm32f7xx_hal_dma_ex.c" -mcpu=cortex-m7 -std=gnu11 -g3 -DDEBUG -DUSE_HAL_DRIVER -DSTM32F767xx -c -I../Core/Inc -I../Drivers/STM32F7xx_HAL_Driver/Inc -I../Drivers/STM32F7xx_HAL_Driver/Inc/Legacy -I../Drivers/CMSIS/Device/ST/STM32F7xx/Include -I../Drivers/CMSIS/Include -O0 -ffunction-sections -fdata-sections -Wall -fstack-usage -fcyclomatic-complexity -MMD -MP -MF"Drivers/STM32F7xx_HAL_Driver/Src/stm32f7xx_hal_dma_ex.d" -MT"Drivers/STM32F7xx_HAL_Driver/Src/stm32f7xx_hal_dma_ex.o" --specs=nano.specs -mfpu=fpv5-d16 -mfloat-abi=hard -mthumb -o "Drivers/STM32F7xx_HAL_Driver/Src/stm32f7xx_hal_dma_ex.o"
arm-none-eabi-gcc "../Drivers/STM32F7xx_HAL_Driver/Src/stm32f7xx_hal_exti.c" -mcpu=cortex-m7 -std=gnu11 -g3 -DDEBUG -DUSE_HAL_DRIVER -DSTM32F767xx -c -I../Core/Inc -I../Drivers/STM32F7xx_HAL_Driver/Inc -I../Drivers/STM32F7xx_HAL_Driver/Inc/Legacy -I../Drivers/CMSIS/Device/ST/STM32F7xx/Include -I../Drivers/CMSIS/Include -O0 -ffunction-sections -fdata-sections -Wall -fstack-usage -fcyclomatic-complexity -MMD -MP -MF"Drivers/STM32F7xx_HAL_Driver/Src/stm32f7xx_hal_exti.d" -MT"Drivers/STM32F7xx_HAL_Driver/Src/stm32f7xx_hal_exti.o" --specs=nano.specs -mfpu=fpv5-d16 -mfloat-abi=hard -mthumb -o "Drivers/STM32F7xx_HAL_Driver/Src/stm32f7xx_hal_exti.o"
arm-none-eabi-gcc "../Drivers/STM32F7xx_HAL_Driver/Src/stm32f7xx_hal_flash.c" -mcpu=cortex-m7 -std=gnu11 -g3 -DDEBUG -DUSE_HAL_DRIVER -DSTM32F767xx -c -I../Core/Inc -I../Drivers/STM32F7xx_HAL_Driver/Inc -I../Drivers/STM32F7xx_HAL_Driver/Inc/Legacy -I../Drivers/CMSIS/Device/ST/STM32F7xx/Include -I../Drivers/CMSIS/Include -O0 -ffunction-sections -fdata-sections -Wall -fstack-usage -fcyclomatic-complexity -MMD -MP -MF"Drivers/STM32F7xx_HAL_Driver/Src/stm32f7xx_hal_flash.d" -MT"Drivers/STM32F7xx_HAL_Driver/Src/stm32f7xx_hal_flash.o" --specs=nano.specs -mfpu=fpv5-d16 -mfloat-abi=hard -mthumb -o "Drivers/STM32F7xx_HAL_Driver/Src/stm32f7xx_hal_flash.o"
arm-none-eabi-gcc "../Drivers/STM32F7xx_HAL_Driver/Src/stm32f7xx_hal_flash_ex.c" -mcpu=cortex-m7 -std=gnu11 -g3 -DDEBUG -DUSE_HAL_DRIVER -DSTM32F767xx -c -I../Core/Inc -I../Drivers/STM32F7xx_HAL_Driver/Inc -I../Drivers/STM32F7xx_HAL_Driver/Inc/Legacy -I../Drivers/CMSIS/Device/ST/STM32F7xx/Include -I../Drivers/CMSIS/Include -O0 -ffunction-sections -fdata-sections -Wall -fstack-usage -fcyclomatic-complexity -MMD -MP -MF"Drivers/STM32F7xx_HAL_Driver/Src/stm32f7xx_hal_flash_ex.d" -MT"Drivers/STM32F7xx_HAL_Driver/Src/stm32f7xx_hal_flash_ex.o" --specs=nano.specs -mfpu=fpv5-d16 -mfloat-abi=hard -mthumb -o "Drivers/STM32F7xx_HAL_Driver/Src/stm32f7xx_hal_flash_ex.o"
arm-none-eabi-gcc "../Drivers/STM32F7xx_HAL_Driver/Src/stm32f7xx_hal_gpio.c" -mcpu=cortex-m7 -std=gnu11 -g3 -DDEBUG -DUSE_HAL_DRIVER -DSTM32F767xx -c -I../Core/Inc -I../Drivers/STM32F7xx_HAL_Driver/Inc -I../Drivers/STM32F7xx_HAL_Driver/Inc/Legacy -I../Drivers/CMSIS/Device/ST/STM32F7xx/Include -I../Drivers/CMSIS/Include -O0 -ffunction-sections -fdata-sections -Wall -fstack-usage -fcyclomatic-complexity -MMD -MP -MF"Drivers/STM32F7xx_HAL_Driver/Src/stm32f7xx_hal_gpio.d" -MT"Drivers/STM32F7xx_HAL_Driver/Src/stm32f7xx_hal_gpio.o" --specs=nano.specs -mfpu=fpv5-d16 -mfloat-abi=hard -mthumb -o "Drivers/STM32F7xx_HAL_Driver/Src/stm32f7xx_hal_gpio.o"
arm-none-eabi-gcc "../Drivers/STM32F7xx_HAL_Driver/Src/stm32f7xx_hal_i2c.c" -mcpu=cortex-m7 -std=gnu11 -g3 -DDEBUG -DUSE_HAL_DRIVER -DSTM32F767xx -c -I../Core/Inc -I../Drivers/STM32F7xx_HAL_Driver/Inc -I../Drivers/STM32F7xx_HAL_Driver/Inc/Legacy -I../Drivers/CMSIS/Device/ST/STM32F7xx/Include -I../Drivers/CMSIS/Include -O0 -ffunction-sections -fdata-sections -Wall -fstack-usage -fcyclomatic-complexity -MMD -MP -MF"Drivers/STM32F7xx_HAL_Driver/Src/stm32f7xx_hal_i2c.d" -MT"Drivers/STM32F7xx_HAL_Driver/Src/stm32f7xx_hal_i2c.o" --specs=nano.specs -mfpu=fpv5-d16 -mfloat-abi=hard -mthumb -o "Drivers/STM32F7xx_HAL_Driver/Src/stm32f7xx_hal_i2c.o"
arm-none-eabi-gcc "../Drivers/STM32F7xx_HAL_Driver/Src/stm32f7xx_hal_i2c_ex.c" -mcpu=cortex-m7 -std=gnu11 -g3 -DDEBUG -DUSE_HAL_DRIVER -DSTM32F767xx -c -I../Core/Inc -I../Drivers/STM32F7xx_HAL_Driver/Inc -I../Drivers/STM32F7xx_HAL_Driver/Inc/Legacy -I../Drivers/CMSIS/Device/ST/STM32F7xx/Include -I../Drivers/CMSIS/Include -O0 -ffunction-sections -fdata-sections -Wall -fstack-usage -fcyclomatic-complexity -MMD -MP -MF"Drivers/STM32F7xx_HAL_Driver/Src/stm32f7xx_hal_i2c_ex.d" -MT"Drivers/STM32F7xx_HAL_Driver/Src/stm32f7xx_hal_i2c_ex.o" --specs=nano.specs -mfpu=fpv5-d16 -mfloat-abi=hard -mthumb -o "Drivers/STM32F7xx_HAL_Driver/Src/stm32f7xx_hal_i2c_ex.o"
arm-none-eabi-gcc "../Drivers/STM32F7xx_HAL_Driver/Src/stm32f7xx_hal_pwr.c" -mcpu=cortex-m7 -std=gnu11 -g3 -DDEBUG -DUSE_HAL_DRIVER -DSTM32F767xx -c -I../Core/Inc -I../Drivers/STM32F7xx_HAL_Driver/Inc -I../Drivers/STM32F7xx_HAL_Driver/Inc/Legacy -I../Drivers/CMSIS/Device/ST/STM32F7xx/Include -I../Drivers/CMSIS/Include -O0 -ffunction-sections -fdata-sections -Wall -fstack-usage -fcyclomatic-complexity -MMD -MP -MF"Drivers/STM32F7xx_HAL_Driver/Src/stm32f7xx_hal_pwr.d" -MT"Drivers/STM32F7xx_HAL_Driver/Src/stm32f7xx_hal_pwr.o" --specs=nano.specs -mfpu=fpv5-d16 -mfloat-abi=hard -mthumb -o "Drivers/STM32F7xx_HAL_Driver/Src/stm32f7xx_hal_pwr.o"
arm-none-eabi-gcc "../Drivers/STM32F7xx_HAL_Driver/Src/stm32f7xx_hal_pwr_ex.c" -mcpu=cortex-m7 -std=gnu11 -g3 -DDEBUG -DUSE_HAL_DRIVER -DSTM32F767xx -c -I../Core/Inc -I../Drivers/STM32F7xx_HAL_Driver/Inc -I../Drivers/STM32F7xx_HAL_Driver/Inc/Legacy -I../Drivers/CMSIS/Device/ST/STM32F7xx/Include -I../Drivers/CMSIS/Include -O0 -ffunction-sections -fdata-sections -Wall -fstack-usage -fcyclomatic-complexity -MMD -MP -MF"Drivers/STM32F7xx_HAL_Driver/Src/stm32f7xx_hal_pwr_ex.d" -MT"Drivers/STM32F7xx_HAL_Driver/Src/stm32f7xx_hal_pwr_ex.o" --specs=nano.specs -mfpu=fpv5-d16 -mfloat-abi=hard -mthumb -o "Drivers/STM32F7xx_HAL_Driver/Src/stm32f7xx_hal_pwr_ex.o"
arm-none-eabi-gcc "../Drivers/STM32F7xx_HAL_Driver/Src/stm32f7xx_hal_rcc.c" -mcpu=cortex-m7 -std=gnu11 -g3 -DDEBUG -DUSE_HAL_DRIVER -DSTM32F767xx -c -I../Core/Inc -I../Drivers/STM32F7xx_HAL_Driver/Inc -I../Drivers/STM32F7xx_HAL_Driver/Inc/Legacy -I../Drivers/CMSIS/Device/ST/STM32F7xx/Include -I../Drivers/CMSIS/Include -O0 -ffunction-sections -fdata-sections -Wall -fstack-usage -fcyclomatic-complexity -MMD -MP -MF"Drivers/STM32F7xx_HAL_Driver/Src/stm32f7xx_hal_rcc.d" -MT"Drivers/STM32F7xx_HAL_Driver/Src/stm32f7xx_hal_rcc.o" --specs=nano.specs -mfpu=fpv5-d16 -mfloat-abi=hard -mthumb -o "Drivers/STM32F7xx_HAL_Driver/Src/stm32f7xx_hal_rcc.o"
arm-none-eabi-gcc "../Drivers/STM32F7xx_HAL_Driver/Src/stm32f7xx_hal_rcc_ex.c" -mcpu=cortex-m7 -std=gnu11 -g3 -DDEBUG -DUSE_HAL_DRIVER -DSTM32F767xx -c -I../Core/Inc -I../Drivers/STM32F7xx_HAL_Driver/Inc -I../Drivers/STM32F7xx_HAL_Driver/Inc/Legacy -I../Drivers/CMSIS/Device/ST/STM32F7xx/Include -I../Drivers/CMSIS/Include -O0 -ffunction-sections -fdata-sections -Wall -fstack-usage -fcyclomatic-complexity -MMD -MP -MF"Drivers/STM32F7xx_HAL_Driver/Src/stm32f7xx_hal_rcc_ex.d" -MT"Drivers/STM32F7xx_HAL_Driver/Src/stm32f7xx_hal_rcc_ex.o" --specs=nano.specs -mfpu=fpv5-d16 -mfloat-abi=hard -mthumb -o "Drivers/STM32F7xx_HAL_Driver/Src/stm32f7xx_hal_rcc_ex.o"
arm-none-eabi-gcc "../Drivers/STM32F7xx_HAL_Driver/Src/stm32f7xx_hal_tim.c" -mcpu=cortex-m7 -std=gnu11 -g3 -DDEBUG -DUSE_HAL_DRIVER -DSTM32F767xx -c -I../Core/Inc -I../Drivers/STM32F7xx_HAL_Driver/Inc -I../Drivers/STM32F7xx_HAL_Driver/Inc/Legacy -I../Drivers/CMSIS/Device/ST/STM32F7xx/Include -I../Drivers/CMSIS/Include -O0 -ffunction-sections -fdata-sections -Wall -fstack-usage -fcyclomatic-complexity -MMD -MP -MF"Drivers/STM32F7xx_HAL_Driver/Src/stm32f7xx_hal_tim.d" -MT"Drivers/STM32F7xx_HAL_Driver/Src/stm32f7xx_hal_tim.o" --specs=nano.specs -mfpu=fpv5-d16 -mfloat-abi=hard -mthumb -o "Drivers/STM32F7xx_HAL_Driver/Src/stm32f7xx_hal_tim.o"
arm-none-eabi-gcc "../Drivers/STM32F7xx_HAL_Driver/Src/stm32f7xx_hal_tim_ex.c" -mcpu=cortex-m7 -std=gnu11 -g3 -DDEBUG -DUSE_HAL_DRIVER -DSTM32F767xx -c -I../Core/Inc -I../Drivers/STM32F7xx_HAL_Driver/Inc -I../Drivers/STM32F7xx_HAL_Driver/Inc/Legacy -I../Drivers/CMSIS/Device/ST/STM32F7xx/Include -I../Drivers/CMSIS/Include -O0 -ffunction-sections -fdata-sections -Wall -fstack-usage -fcyclomatic-complexity -MMD -MP -MF"Drivers/STM32F7xx_HAL_Driver/Src/stm32f7xx_hal_tim_ex.d" -MT"Drivers/STM32F7xx_HAL_Driver/Src/stm32f7xx_hal_tim_ex.o" --specs=nano.specs -mfpu=fpv5-d16 -mfloat-abi=hard -mthumb -o "Drivers/STM32F7xx_HAL_Driver/Src/stm32f7xx_hal_tim_ex.o"
arm-none-eabi-gcc -mcpu=cortex-m7 -g3 -DDEBUG -c -x assembler-with-cpp -MMD -MP -MF"Core/Startup/startup_stm32f767zitx.d" -MT"Core/Startup/startup_stm32f767zitx.o" --specs=nano.specs -mfpu=fpv5-d16 -mfloat-abi=hard -mthumb -o "Core/Startup/startup_stm32f767zitx.o" "../Core/Startup/startup_stm32f767zitx.s"
arm-none-eabi-gcc "../Core/Src/main.c" -mcpu=cortex-m7 -std=gnu11 -g3 -DDEBUG -DUSE_HAL_DRIVER -DSTM32F767xx -c -I../Core/Inc -I../Drivers/STM32F7xx_HAL_Driver/Inc -I../Drivers/STM32F7xx_HAL_Driver/Inc/Legacy -I../Drivers/CMSIS/Device/ST/STM32F7xx/Include -I../Drivers/CMSIS/Include -O0 -ffunction-sections -fdata-sections -Wall -fstack-usage -fcyclomatic-complexity -MMD -MP -MF"Core/Src/main.d" -MT"Core/Src/main.o" --specs=nano.specs -mfpu=fpv5-d16 -mfloat-abi=hard -mthumb -o "Core/Src/main.o"
arm-none-eabi-gcc "../Core/Src/stm32f7xx_hal_msp.c" -mcpu=cortex-m7 -std=gnu11 -g3 -DDEBUG -DUSE_HAL_DRIVER -DSTM32F767xx -c -I../Core/Inc -I../Drivers/STM32F7xx_HAL_Driver/Inc -I../Drivers/STM32F7xx_HAL_Driver/Inc/Legacy -I../Drivers/CMSIS/Device/ST/STM32F7xx/Include -I../Drivers/CMSIS/Include -O0 -ffunction-sections -fdata-sections -Wall -fstack-usage -fcyclomatic-complexity -MMD -MP -MF"Core/Src/stm32f7xx_hal_msp.d" -MT"Core/Src/stm32f7xx_hal_msp.o" --specs=nano.specs -mfpu=fpv5-d16 -mfloat-abi=hard -mthumb -o "Core/Src/stm32f7xx_hal_msp.o"
arm-none-eabi-gcc "../Core/Src/stm32f7xx_it.c" -mcpu=cortex-m7 -std=gnu11 -g3 -DDEBUG -DUSE_HAL_DRIVER -DSTM32F767xx -c -I../Core/Inc -I../Drivers/STM32F7xx_HAL_Driver/Inc -I../Drivers/STM32F7xx_HAL_Driver/Inc/Legacy -I../Drivers/CMSIS/Device/ST/STM32F7xx/Include -I../Drivers/CMSIS/Include -O0 -ffunction-sections -fdata-sections -Wall -fstack-usage -fcyclomatic-complexity -MMD -MP -MF"Core/Src/stm32f7xx_it.d" -MT"Core/Src/stm32f7xx_it.o" --specs=nano.specs -mfpu=fpv5-d16 -mfloat-abi=hard -mthumb -o "Core/Src/stm32f7xx_it.o"
arm-none-eabi-gcc "../Core/Src/syscalls.c" -mcpu=cortex-m7 -std=gnu11 -g3 -DDEBUG -DUSE_HAL_DRIVER -DSTM32F767xx -c -I../Core/Inc -I../Drivers/STM32F7xx_HAL_Driver/Inc -I../Drivers/STM32F7xx_HAL_Driver/Inc/Legacy -I../Drivers/CMSIS/Device/ST/STM32F7xx/Include -I../Drivers/CMSIS/Include -O0 -ffunction-sections -fdata-sections -Wall -fstack-usage -fcyclomatic-complexity -MMD -MP -MF"Core/Src/syscalls.d" -MT"Core/Src/syscalls.o" --specs=nano.specs -mfpu=fpv5-d16 -mfloat-abi=hard -mthumb -o "Core/Src/syscalls.o"
arm-none-eabi-gcc "../Core/Src/sysmem.c" -mcpu=cortex-m7 -std=gnu11 -g3 -DDEBUG -DUSE_HAL_DRIVER -DSTM32F767xx -c -I../Core/Inc -I../Drivers/STM32F7xx_HAL_Driver/Inc -I../Drivers/STM32F7xx_HAL_Driver/Inc/Legacy -I../Drivers/CMSIS/Device/ST/STM32F7xx/Include -I../Drivers/CMSIS/Include -O0 -ffunction-sections -fdata-sections -Wall -fstack-usage -fcyclomatic-complexity -MMD -MP -MF"Core/Src/sysmem.d" -MT"Core/Src/sysmem.o" --specs=nano.specs -mfpu=fpv5-d16 -mfloat-abi=hard -mthumb -o "Core/Src/sysmem.o"
arm-none-eabi-gcc "../Core/Src/system_stm32f7xx.c" -mcpu=cortex-m7 -std=gnu11 -g3 -DDEBUG -DUSE_HAL_DRIVER -DSTM32F767xx -c -I../Core/Inc -I../Drivers/STM32F7xx_HAL_Driver/Inc -I../Drivers/STM32F7xx_HAL_Driver/Inc/Legacy -I../Drivers/CMSIS/Device/ST/STM32F7xx/Include -I../Drivers/CMSIS/Include -O0 -ffunction-sections -fdata-sections -Wall -fstack-usage -fcyclomatic-complexity -MMD -MP -MF"Core/Src/system_stm32f7xx.d" -MT"Core/Src/system_stm32f7xx.o" --specs=nano.specs -mfpu=fpv5-d16 -mfloat-abi=hard -mthumb -o "Core/Src/system_stm32f7xx.o"
arm-none-eabi-gcc -o "sound_dac.elf" @"objects.list"   -mcpu=cortex-m7 -T"D:\STM32\Assiment\pam8403\sound_dac\STM32F767ZITX_FLASH.ld" --specs=nosys.specs -Wl,-Map="sound_dac.map" -Wl,--gc-sections -static --specs=nano.specs -mfpu=fpv5-d16 -mfloat-abi=hard -mthumb -Wl,--start-group -lc -lm -Wl,--end-group
Finished building target: sound_dac.elf
 
arm-none-eabi-size  sound_dac.elf 
arm-none-eabi-objdump -h -S sound_dac.elf  > "sound_dac.list"
   text	   data	    bss	    dec	    hex	filename
  11064	     12	   1668	  12744	   31c8	sound_dac.elf
Finished building: default.size.stdout
 
Finished building: sound_dac.list
 
23:09:00 **** Incremental Build of configuration Debug for project sound_dac ****
make -j12 all 
arm-none-eabi-gcc "../Core/Src/main.c" -mcpu=cortex-m7 -std=gnu11 -g3 -DDEBUG -DUSE_HAL_DRIVER -DSTM32F767xx -c -I../Core/Inc -I../Drivers/STM32F7xx_HAL_Driver/Inc -I../Drivers/STM32F7xx_HAL_Driver/Inc/Legacy -I../Drivers/CMSIS/Device/ST/STM32F7xx/Include -I../Drivers/CMSIS/Include -O0 -ffunction-sections -fdata-sections -Wall -fstack-usage -fcyclomatic-complexity -MMD -MP -MF"Core/Src/main.d" -MT"Core/Src/main.o" --specs=nano.specs -mfpu=fpv5-d16 -mfloat-abi=hard -mthumb -o "Core/Src/main.o"
arm-none-eabi-gcc -o "sound_dac.elf" @"objects.list"   -mcpu=cortex-m7 -T"D:\STM32\Assiment\pam8403\sound_dac\STM32F767ZITX_FLASH.ld" --specs=nosys.specs -Wl,-Map="sound_dac.map" -Wl,--gc-sections -static --specs=nano.specs -mfpu=fpv5-d16 -mfloat-abi=hard -mthumb -Wl,--start-group -lc -lm -Wl,--end-group
Finished building target: sound_dac.elf
 
arm-none-eabi-size  sound_dac.elf 
arm-none-eabi-objdump -h -S sound_dac.elf  > "sound_dac.list"
   text	   data	    bss	    dec	    hex	filename
  11500	     12	   1668	  13180	   337c	sound_dac.elf
Finished building: default.size.stdout
 
Finished building: sound_dac.list
 
23:17:33 **** Incremental Build of configuration Debug for project sound_dac ****
make -j12 all 
arm-none-eabi-size  sound_dac.elf 
   text	   data	    bss	    dec	    hex	filename
  11500	     12	   1668	  13180	   337c	sound_dac.elf
Finished building: default.size.stdout
 
23:46:09 **** Incremental Build of configuration Debug for project sound_dac ****
make -j12 all 
arm-none-eabi-gcc "../Core/Src/main.c" -mcpu=cortex-m7 -std=gnu11 -g3 -DDEBUG -DUSE_HAL_DRIVER -DSTM32F767xx -c -I../Core/Inc -I../Drivers/STM32F7xx_HAL_Driver/Inc -I../Drivers/STM32F7xx_HAL_Driver/Inc/Legacy -I../Drivers/CMSIS/Device/ST/STM32F7xx/Include -I../Drivers/CMSIS/Include -O0 -ffunction-sections -fdata-sections -Wall -fstack-usage -fcyclomatic-complexity -MMD -MP -MF"Core/Src/main.d" -MT"Core/Src/main.o" --specs=nano.specs -mfpu=fpv5-d16 -mfloat-abi=hard -mthumb -o "Core/Src/main.o"
../Core/Src/main.c: In function 'Play_Audio':
../Core/Src/main.c:71:13: warning: implicit declaration of function 'HAL_DelayMicroseconds' [-Wimplicit-function-declaration]
   71 |             HAL_DelayMicroseconds(1000000 / SAMPLE_RATE);  // ควบคุมอัตราเล่นเสียง
      |             ^~~~~~~~~~~~~~~~~~~~~
arm-none-eabi-gcc -o "sound_dac.elf" @"objects.list"   -mcpu=cortex-m7 -T"D:\STM32\Assiment\pam8403\sound_dac\STM32F767ZITX_FLASH.ld" --specs=nosys.specs -Wl,-Map="sound_dac.map" -Wl,--gc-sections -static --specs=nano.specs -mfpu=fpv5-d16 -mfloat-abi=hard -mthumb -Wl,--start-group -lc -lm -Wl,--end-group
C:/ST/STM32CubeIDE_1.17.0/STM32CubeIDE/plugins/com.st.stm32cube.ide.mcu.externaltools.gnu-tools-for-stm32.12.3.rel1.win32_1.1.0.202410251130/tools/bin/../lib/gcc/arm-none-eabi/12.3.1/../../../../arm-none-eabi/bin/ld.exe: ./Core/Src/main.o: in function `Play_Audio':
D:/STM32/Assiment/pam8403/sound_dac/Debug/../Core/Src/main.c:71: undefined reference to `HAL_DelayMicroseconds'
collect2.exe: error: ld returned 1 exit status
make: *** [makefile:64: sound_dac.elf] Error 1
"make -j12 all" terminated with exit code 2. Build might be incomplete.
23:48:00 **** Incremental Build of configuration Debug for project sound_dac ****
make -j12 all 
arm-none-eabi-gcc "../Core/Src/main.c" -mcpu=cortex-m7 -std=gnu11 -g3 -DDEBUG -DUSE_HAL_DRIVER -DSTM32F767xx -c -I../Core/Inc -I../Drivers/STM32F7xx_HAL_Driver/Inc -I../Drivers/STM32F7xx_HAL_Driver/Inc/Legacy -I../Drivers/CMSIS/Device/ST/STM32F7xx/Include -I../Drivers/CMSIS/Include -O0 -ffunction-sections -fdata-sections -Wall -fstack-usage -fcyclomatic-complexity -MMD -MP -MF"Core/Src/main.d" -MT"Core/Src/main.o" --specs=nano.specs -mfpu=fpv5-d16 -mfloat-abi=hard -mthumb -o "Core/Src/main.o"
arm-none-eabi-gcc -o "sound_dac.elf" @"objects.list"   -mcpu=cortex-m7 -T"D:\STM32\Assiment\pam8403\sound_dac\STM32F767ZITX_FLASH.ld" --specs=nosys.specs -Wl,-Map="sound_dac.map" -Wl,--gc-sections -static --specs=nano.specs -mfpu=fpv5-d16 -mfloat-abi=hard -mthumb -Wl,--start-group -lc -lm -Wl,--end-group
Finished building target: sound_dac.elf
 
arm-none-eabi-size  sound_dac.elf 
arm-none-eabi-objdump -h -S sound_dac.elf  > "sound_dac.list"
   text	   data	    bss	    dec	    hex	filename
  22404	     12	   1668	  24084	   5e14	sound_dac.elf
Finished building: default.size.stdout
 
Finished building: sound_dac.list
 
23:49:33 **** Incremental Build of configuration Debug for project sound_dac ****
make -j12 all 
arm-none-eabi-size  sound_dac.elf 
   text	   data	    bss	    dec	    hex	filename
  22404	     12	   1668	  24084	   5e14	sound_dac.elf
Finished building: default.size.stdout
 
00:02:10 **** Incremental Build of configuration Debug for project sound_dac ****
make -j12 all 
arm-none-eabi-size  sound_dac.elf 
   text	   data	    bss	    dec	    hex	filename
  22404	     12	   1668	  24084	   5e14	sound_dac.elf
Finished building: default.size.stdout
 
00:05:05 **** Incremental Build of configuration Debug for project sound_dac ****
make -j12 all 
arm-none-eabi-gcc "../Core/Src/main.c" -mcpu=cortex-m7 -std=gnu11 -g3 -DDEBUG -DUSE_HAL_DRIVER -DSTM32F767xx -c -I../Core/Inc -I../Drivers/STM32F7xx_HAL_Driver/Inc -I../Drivers/STM32F7xx_HAL_Driver/Inc/Legacy -I../Drivers/CMSIS/Device/ST/STM32F7xx/Include -I../Drivers/CMSIS/Include -O0 -ffunction-sections -fdata-sections -Wall -fstack-usage -fcyclomatic-complexity -MMD -MP -MF"Core/Src/main.d" -MT"Core/Src/main.o" --specs=nano.specs -mfpu=fpv5-d16 -mfloat-abi=hard -mthumb -o "Core/Src/main.o"
arm-none-eabi-gcc -o "sound_dac.elf" @"objects.list"   -mcpu=cortex-m7 -T"D:\STM32\Assiment\pam8403\sound_dac\STM32F767ZITX_FLASH.ld" --specs=nosys.specs -Wl,-Map="sound_dac.map" -Wl,--gc-sections -static --specs=nano.specs -mfpu=fpv5-d16 -mfloat-abi=hard -mthumb -Wl,--start-group -lc -lm -Wl,--end-group
Finished building target: sound_dac.elf
 
arm-none-eabi-size  sound_dac.elf 
arm-none-eabi-objdump -h -S sound_dac.elf  > "sound_dac.list"
   text	   data	    bss	    dec	    hex	filename
  22412	     12	   1668	  24092	   5e1c	sound_dac.elf
Finished building: default.size.stdout
 
Finished building: sound_dac.list
 
00:05:07 **** Incremental Build of configuration Debug for project sound_dac ****
make -j12 all 
arm-none-eabi-size  sound_dac.elf 
   text	   data	    bss	    dec	    hex	filename
  22412	     12	   1668	  24092	   5e1c	sound_dac.elf
Finished building: default.size.stdout
 
00:06:06 **** Incremental Build of configuration Debug for project sound_dac ****
make -j12 all 
arm-none-eabi-size  sound_dac.elf 
   text	   data	    bss	    dec	    hex	filename
  22412	     12	   1668	  24092	   5e1c	sound_dac.elf
Finished building: default.size.stdout
 
00:16:49 **** Incremental Build of configuration Debug for project sound_dac ****
make -j12 all 
arm-none-eabi-gcc "../Core/Src/main.c" -mcpu=cortex-m7 -std=gnu11 -g3 -DDEBUG -DUSE_HAL_DRIVER -DSTM32F767xx -c -I../Core/Inc -I../Drivers/STM32F7xx_HAL_Driver/Inc -I../Drivers/STM32F7xx_HAL_Driver/Inc/Legacy -I../Drivers/CMSIS/Device/ST/STM32F7xx/Include -I../Drivers/CMSIS/Include -O0 -ffunction-sections -fdata-sections -Wall -fstack-usage -fcyclomatic-complexity -MMD -MP -MF"Core/Src/main.d" -MT"Core/Src/main.o" --specs=nano.specs -mfpu=fpv5-d16 -mfloat-abi=hard -mthumb -o "Core/Src/main.o"
arm-none-eabi-gcc -o "sound_dac.elf" @"objects.list"   -mcpu=cortex-m7 -T"D:\STM32\Assiment\pam8403\sound_dac\STM32F767ZITX_FLASH.ld" --specs=nosys.specs -Wl,-Map="sound_dac.map" -Wl,--gc-sections -static --specs=nano.specs -mfpu=fpv5-d16 -mfloat-abi=hard -mthumb -Wl,--start-group -lc -lm -Wl,--end-group
Finished building target: sound_dac.elf
 
arm-none-eabi-size  sound_dac.elf 
arm-none-eabi-objdump -h -S sound_dac.elf  > "sound_dac.list"
   text	   data	    bss	    dec	    hex	filename
  22448	     12	   1668	  24128	   5e40	sound_dac.elf
Finished building: default.size.stdout
 
Finished building: sound_dac.list
 
00:16:56 **** Incremental Build of configuration Debug for project sound_dac ****
make -j12 all 
arm-none-eabi-gcc "../Core/Src/main.c" -mcpu=cortex-m7 -std=gnu11 -g3 -DDEBUG -DUSE_HAL_DRIVER -DSTM32F767xx -c -I../Core/Inc -I../Drivers/STM32F7xx_HAL_Driver/Inc -I../Drivers/STM32F7xx_HAL_Driver/Inc/Legacy -I../Drivers/CMSIS/Device/ST/STM32F7xx/Include -I../Drivers/CMSIS/Include -O0 -ffunction-sections -fdata-sections -Wall -fstack-usage -fcyclomatic-complexity -MMD -MP -MF"Core/Src/main.d" -MT"Core/Src/main.o" --specs=nano.specs -mfpu=fpv5-d16 -mfloat-abi=hard -mthumb -o "Core/Src/main.o"
arm-none-eabi-gcc -o "sound_dac.elf" @"objects.list"   -mcpu=cortex-m7 -T"D:\STM32\Assiment\pam8403\sound_dac\STM32F767ZITX_FLASH.ld" --specs=nosys.specs -Wl,-Map="sound_dac.map" -Wl,--gc-sections -static --specs=nano.specs -mfpu=fpv5-d16 -mfloat-abi=hard -mthumb -Wl,--start-group -lc -lm -Wl,--end-group
Finished building target: sound_dac.elf
 
arm-none-eabi-size  sound_dac.elf 
arm-none-eabi-objdump -h -S sound_dac.elf  > "sound_dac.list"
   text	   data	    bss	    dec	    hex	filename
  22436	     12	   1668	  24116	   5e34	sound_dac.elf
Finished building: default.size.stdout
 
Finished building: sound_dac.list
 
00:17:08 **** Incremental Build of configuration Debug for project sound_dac ****
make -j12 all 
arm-none-eabi-gcc "../Core/Src/main.c" -mcpu=cortex-m7 -std=gnu11 -g3 -DDEBUG -DUSE_HAL_DRIVER -DSTM32F767xx -c -I../Core/Inc -I../Drivers/STM32F7xx_HAL_Driver/Inc -I../Drivers/STM32F7xx_HAL_Driver/Inc/Legacy -I../Drivers/CMSIS/Device/ST/STM32F7xx/Include -I../Drivers/CMSIS/Include -O0 -ffunction-sections -fdata-sections -Wall -fstack-usage -fcyclomatic-complexity -MMD -MP -MF"Core/Src/main.d" -MT"Core/Src/main.o" --specs=nano.specs -mfpu=fpv5-d16 -mfloat-abi=hard -mthumb -o "Core/Src/main.o"
arm-none-eabi-gcc -o "sound_dac.elf" @"objects.list"   -mcpu=cortex-m7 -T"D:\STM32\Assiment\pam8403\sound_dac\STM32F767ZITX_FLASH.ld" --specs=nosys.specs -Wl,-Map="sound_dac.map" -Wl,--gc-sections -static --specs=nano.specs -mfpu=fpv5-d16 -mfloat-abi=hard -mthumb -Wl,--start-group -lc -lm -Wl,--end-group
Finished building target: sound_dac.elf
 
arm-none-eabi-size  sound_dac.elf 
arm-none-eabi-objdump -h -S sound_dac.elf  > "sound_dac.list"
   text	   data	    bss	    dec	    hex	filename
  22428	     12	   1668	  24108	   5e2c	sound_dac.elf
Finished building: default.size.stdout
 
Finished building: sound_dac.list
 
00:21:34 **** Incremental Build of configuration Debug for project sound_dac ****
make -j12 all 
arm-none-eabi-gcc "../Core/Src/main.c" -mcpu=cortex-m7 -std=gnu11 -g3 -DDEBUG -DUSE_HAL_DRIVER -DSTM32F767xx -c -I../Core/Inc -I../Drivers/STM32F7xx_HAL_Driver/Inc -I../Drivers/STM32F7xx_HAL_Driver/Inc/Legacy -I../Drivers/CMSIS/Device/ST/STM32F7xx/Include -I../Drivers/CMSIS/Include -O0 -ffunction-sections -fdata-sections -Wall -fstack-usage -fcyclomatic-complexity -MMD -MP -MF"Core/Src/main.d" -MT"Core/Src/main.o" --specs=nano.specs -mfpu=fpv5-d16 -mfloat-abi=hard -mthumb -o "Core/Src/main.o"
../Core/Src/main.c:29: warning: "SAMPLE_RATE" redefined
   29 | #define SAMPLE_RATE 44100   // อัตราการเล่น (44100 Hz, ตัวอย่างนี้ใช้ 44.1kHz)
      | 
In file included from ../Core/Src/main.c:24:
../Core/Inc/audio_samples.h:4: note: this is the location of the previous definition
    4 | #define SAMPLE_RATE 8000
      | 
../Core/Src/main.c:32:16: error: conflicting types for 'audio_samples'; have 'int16_t[]' {aka 'short int[]'}
   32 | extern int16_t audio_samples[];  // อาร์เรย์ของข้อมูล PCM ที่แปลงมาจากไฟล์ WAV
      |                ^~~~~~~~~~~~~
../Core/Inc/audio_samples.h:5:16: note: previous definition of 'audio_samples' with type 'const uint16_t[5468]' {aka 'const short unsigned int[5468]'}
    5 | const uint16_t audio_samples[5468] = {
      |                ^~~~~~~~~~~~~
make: *** [Core/Src/subdir.mk:34: Core/Src/main.o] Error 1
"make -j12 all" terminated with exit code 2. Build might be incomplete.
00:21:40 **** Incremental Build of configuration Debug for project sound_dac ****
make -j12 all 
arm-none-eabi-gcc "../Core/Src/main.c" -mcpu=cortex-m7 -std=gnu11 -g3 -DDEBUG -DUSE_HAL_DRIVER -DSTM32F767xx -c -I../Core/Inc -I../Drivers/STM32F7xx_HAL_Driver/Inc -I../Drivers/STM32F7xx_HAL_Driver/Inc/Legacy -I../Drivers/CMSIS/Device/ST/STM32F7xx/Include -I../Drivers/CMSIS/Include -O0 -ffunction-sections -fdata-sections -Wall -fstack-usage -fcyclomatic-complexity -MMD -MP -MF"Core/Src/main.d" -MT"Core/Src/main.o" --specs=nano.specs -mfpu=fpv5-d16 -mfloat-abi=hard -mthumb -o "Core/Src/main.o"
../Core/Src/main.c:29: warning: "SAMPLE_RATE" redefined
   29 | #define SAMPLE_RATE 44100   // อัตราการเล่น (44100 Hz, ตัวอย่างนี้ใช้ 44.1kHz)
      | 
In file included from ../Core/Src/main.c:24:
../Core/Inc/audio_samples.h:4: note: this is the location of the previous definition
    4 | #define SAMPLE_RATE 8000
      | 
../Core/Src/main.c:32:16: error: conflicting types for 'audio_samples'; have 'int16_t[]' {aka 'short int[]'}
   32 | extern int16_t audio_samples[];  // อาร์เรย์ของข้อมูล PCM ที่แปลงมาจากไฟล์ WAV
      |                ^~~~~~~~~~~~~
../Core/Inc/audio_samples.h:5:16: note: previous definition of 'audio_samples' with type 'const uint16_t[5468]' {aka 'const short unsigned int[5468]'}
    5 | const uint16_t audio_samples[5468] = {
      |                ^~~~~~~~~~~~~
make: *** [Core/Src/subdir.mk:34: Core/Src/main.o] Error 1
"make -j12 all" terminated with exit code 2. Build might be incomplete.
00:21:47 **** Incremental Build of configuration Debug for project sound_dac ****
make -j12 all 
arm-none-eabi-gcc "../Core/Src/main.c" -mcpu=cortex-m7 -std=gnu11 -g3 -DDEBUG -DUSE_HAL_DRIVER -DSTM32F767xx -c -I../Core/Inc -I../Drivers/STM32F7xx_HAL_Driver/Inc -I../Drivers/STM32F7xx_HAL_Driver/Inc/Legacy -I../Drivers/CMSIS/Device/ST/STM32F7xx/Include -I../Drivers/CMSIS/Include -O0 -ffunction-sections -fdata-sections -Wall -fstack-usage -fcyclomatic-complexity -MMD -MP -MF"Core/Src/main.d" -MT"Core/Src/main.o" --specs=nano.specs -mfpu=fpv5-d16 -mfloat-abi=hard -mthumb -o "Core/Src/main.o"
../Core/Src/main.c:29: warning: "SAMPLE_RATE" redefined
   29 | #define SAMPLE_RATE 44100   // อัตราการเล่น (44100 Hz, ตัวอย่างนี้ใช้ 44.1kHz)
      | 
In file included from ../Core/Src/main.c:24:
../Core/Inc/audio_samples.h:4: note: this is the location of the previous definition
    4 | #define SAMPLE_RATE 8000
      | 
../Core/Src/main.c: In function 'Play_Audio':
../Core/Src/main.c:76:21: error: 'audio_samples_length' undeclared (first use in this function); did you mean 'audio_samples'?
   76 |         if (index < audio_samples_length) {
      |                     ^~~~~~~~~~~~~~~~~~~~
      |                     audio_samples
../Core/Src/main.c:76:21: note: each undeclared identifier is reported only once for each function it appears in
make: *** [Core/Src/subdir.mk:34: Core/Src/main.o] Error 1
"make -j12 all" terminated with exit code 2. Build might be incomplete.
00:23:57 **** Incremental Build of configuration Debug for project sound_dac ****
make -j12 all 
arm-none-eabi-gcc "../Core/Src/main.c" -mcpu=cortex-m7 -std=gnu11 -g3 -DDEBUG -DUSE_HAL_DRIVER -DSTM32F767xx -c -I../Core/Inc -I../Drivers/STM32F7xx_HAL_Driver/Inc -I../Drivers/STM32F7xx_HAL_Driver/Inc/Legacy -I../Drivers/CMSIS/Device/ST/STM32F7xx/Include -I../Drivers/CMSIS/Include -O0 -ffunction-sections -fdata-sections -Wall -fstack-usage -fcyclomatic-complexity -MMD -MP -MF"Core/Src/main.d" -MT"Core/Src/main.o" --specs=nano.specs -mfpu=fpv5-d16 -mfloat-abi=hard -mthumb -o "Core/Src/main.o"
../Core/Src/main.c:29: warning: "SAMPLE_RATE" redefined
   29 | #define SAMPLE_RATE 44100   // อัตราการเล่น (44100 Hz, ตัวอย่างนี้ใช้ 44.1kHz)
      | 
In file included from ../Core/Src/main.c:24:
../Core/Inc/audio_samples.h:4: note: this is the location of the previous definition
    4 | #define SAMPLE_RATE 8000
      | 
arm-none-eabi-gcc -o "sound_dac.elf" @"objects.list"   -mcpu=cortex-m7 -T"D:\STM32\Assiment\pam8403\sound_dac\STM32F767ZITX_FLASH.ld" --specs=nosys.specs -Wl,-Map="sound_dac.map" -Wl,--gc-sections -static --specs=nano.specs -mfpu=fpv5-d16 -mfloat-abi=hard -mthumb -Wl,--start-group -lc -lm -Wl,--end-group
Finished building target: sound_dac.elf
 
arm-none-eabi-size  sound_dac.elf 
arm-none-eabi-objdump -h -S sound_dac.elf  > "sound_dac.list"
   text	   data	    bss	    dec	    hex	filename
  22228	     12	   1668	  23908	   5d64	sound_dac.elf
Finished building: default.size.stdout
 
Finished building: sound_dac.list
 
00:29:31 **** Incremental Build of configuration Debug for project sound_dac ****
make -j12 all 
arm-none-eabi-gcc "../Core/Src/main.c" -mcpu=cortex-m7 -std=gnu11 -g3 -DDEBUG -DUSE_HAL_DRIVER -DSTM32F767xx -c -I../Core/Inc -I../Drivers/STM32F7xx_HAL_Driver/Inc -I../Drivers/STM32F7xx_HAL_Driver/Inc/Legacy -I../Drivers/CMSIS/Device/ST/STM32F7xx/Include -I../Drivers/CMSIS/Include -O0 -ffunction-sections -fdata-sections -Wall -fstack-usage -fcyclomatic-complexity -MMD -MP -MF"Core/Src/main.d" -MT"Core/Src/main.o" --specs=nano.specs -mfpu=fpv5-d16 -mfloat-abi=hard -mthumb -o "Core/Src/main.o"
In file included from ../Core/Src/main.c:24:
../Core/Inc/audio_samples.h:6:6: error: expected ']' before numeric constant
    6 | [1901 1901], [1901 1901], [1901 1901], [1901 1901], [1901 1901], [1901 1901], [1901 1901], [1901 1901], [1901 1901], [1901 1901],
      |      ^~~~~
      |      ]
../Core/Inc/audio_samples.h:6:12: error: expected expression before ',' token
    6 | [1901 1901], [1901 1901], [1901 1901], [1901 1901], [1901 1901], [1901 1901], [1901 1901], [1901 1901], [1901 1901], [1901 1901],
      |            ^
make: *** [Core/Src/subdir.mk:34: Core/Src/main.o] Error 1
"make -j12 all" terminated with exit code 2. Build might be incomplete.
00:57:19 **** Incremental Build of configuration Debug for project sound_dac ****
make -j12 all 
arm-none-eabi-gcc "../Core/Src/main.c" -mcpu=cortex-m7 -std=gnu11 -g3 -DDEBUG -DUSE_HAL_DRIVER -DSTM32F767xx -c -I../Core/Inc -I../Drivers/STM32F7xx_HAL_Driver/Inc -I../Drivers/STM32F7xx_HAL_Driver/Inc/Legacy -I../Drivers/CMSIS/Device/ST/STM32F7xx/Include -I../Drivers/CMSIS/Include -O0 -ffunction-sections -fdata-sections -Wall -fstack-usage -fcyclomatic-complexity -MMD -MP -MF"Core/Src/main.d" -MT"Core/Src/main.o" --specs=nano.specs -mfpu=fpv5-d16 -mfloat-abi=hard -mthumb -o "Core/Src/main.o"
../Core/Src/main.c:29: warning: "SAMPLE_RATE" redefined
   29 | #define SAMPLE_RATE 44100   // อัตราการเล่น (44100 Hz, ตัวอย่างนี้ใช้ 44.1kHz)
      | 
In file included from ../Core/Src/main.c:24:
../Core/Inc/audio_samples.h:4: note: this is the location of the previous definition
    4 | #define SAMPLE_RATE 8000
      | 
arm-none-eabi-gcc -o "sound_dac.elf" @"objects.list"   -mcpu=cortex-m7 -T"D:\STM32\Assiment\pam8403\sound_dac\STM32F767ZITX_FLASH.ld" --specs=nosys.specs -Wl,-Map="sound_dac.map" -Wl,--gc-sections -static --specs=nano.specs -mfpu=fpv5-d16 -mfloat-abi=hard -mthumb -Wl,--start-group -lc -lm -Wl,--end-group
Finished building target: sound_dac.elf
 
arm-none-eabi-size  sound_dac.elf 
arm-none-eabi-objdump -h -S sound_dac.elf  > "sound_dac.list"
   text	   data	    bss	    dec	    hex	filename
  22228	     12	   1668	  23908	   5d64	sound_dac.elf
Finished building: default.size.stdout
 
Finished building: sound_dac.list
 
00:57:51 **** Incremental Build of configuration Debug for project sound_dac ****
make -j12 all 
arm-none-eabi-size  sound_dac.elf 
   text	   data	    bss	    dec	    hex	filename
  22228	     12	   1668	  23908	   5d64	sound_dac.elf
Finished building: default.size.stdout
 
01:00:26 **** Incremental Build of configuration Debug for project sound_dac ****
make -j12 all 
arm-none-eabi-size  sound_dac.elf 
   text	   data	    bss	    dec	    hex	filename
  22228	     12	   1668	  23908	   5d64	sound_dac.elf
Finished building: default.size.stdout
 
01:25:47 **** Incremental Build of configuration Debug for project sound_dac ****
make -j12 all 
arm-none-eabi-gcc "../Core/Src/main.c" -mcpu=cortex-m7 -std=gnu11 -g3 -DDEBUG -DUSE_HAL_DRIVER -DSTM32F767xx -c -I../Core/Inc -I../Drivers/STM32F7xx_HAL_Driver/Inc -I../Drivers/STM32F7xx_HAL_Driver/Inc/Legacy -I../Drivers/CMSIS/Device/ST/STM32F7xx/Include -I../Drivers/CMSIS/Include -O0 -ffunction-sections -fdata-sections -Wall -fstack-usage -fcyclomatic-complexity -MMD -MP -MF"Core/Src/main.d" -MT"Core/Src/main.o" --specs=nano.specs -mfpu=fpv5-d16 -mfloat-abi=hard -mthumb -o "Core/Src/main.o"
arm-none-eabi-gcc "../Core/Src/stm32f7xx_hal_msp.c" -mcpu=cortex-m7 -std=gnu11 -g3 -DDEBUG -DUSE_HAL_DRIVER -DSTM32F767xx -c -I../Core/Inc -I../Drivers/STM32F7xx_HAL_Driver/Inc -I../Drivers/STM32F7xx_HAL_Driver/Inc/Legacy -I../Drivers/CMSIS/Device/ST/STM32F7xx/Include -I../Drivers/CMSIS/Include -O0 -ffunction-sections -fdata-sections -Wall -fstack-usage -fcyclomatic-complexity -MMD -MP -MF"Core/Src/stm32f7xx_hal_msp.d" -MT"Core/Src/stm32f7xx_hal_msp.o" --specs=nano.specs -mfpu=fpv5-d16 -mfloat-abi=hard -mthumb -o "Core/Src/stm32f7xx_hal_msp.o"
../Core/Src/main.c:29: warning: "SAMPLE_RATE" redefined
   29 | #define SAMPLE_RATE 44100   // อัตราการเล่น (44100 Hz, ตัวอย่างนี้ใช้ 44.1kHz)
      | 
In file included from ../Core/Src/main.c:24:
../Core/Inc/audio_samples.h:4: note: this is the location of the previous definition
    4 | #define SAMPLE_RATE 8000
      | 
../Core/Src/main.c: In function 'MX_DAC_Init':
../Core/Src/main.c:206:10: warning: implicit declaration of function '__HAL_RCC_DAC1_CLK_ENABLE' [-Wimplicit-function-declaration]
  206 |          __HAL_RCC_DAC1_CLK_ENABLE();
      |          ^~~~~~~~~~~~~~~~~~~~~~~~~
arm-none-eabi-gcc -o "sound_dac.elf" @"objects.list"   -mcpu=cortex-m7 -T"D:\STM32\Assiment\pam8403\sound_dac\STM32F767ZITX_FLASH.ld" --specs=nosys.specs -Wl,-Map="sound_dac.map" -Wl,--gc-sections -static --specs=nano.specs -mfpu=fpv5-d16 -mfloat-abi=hard -mthumb -Wl,--start-group -lc -lm -Wl,--end-group
C:/ST/STM32CubeIDE_1.17.0/STM32CubeIDE/plugins/com.st.stm32cube.ide.mcu.externaltools.gnu-tools-for-stm32.12.3.rel1.win32_1.1.0.202410251130/tools/bin/../lib/gcc/arm-none-eabi/12.3.1/../../../../arm-none-eabi/bin/ld.exe: ./Core/Src/main.o: in function `MX_DAC_Init':
D:/STM32/Assiment/pam8403/sound_dac/Debug/../Core/Src/main.c:206: undefined reference to `__HAL_RCC_DAC1_CLK_ENABLE'
collect2.exe: error: ld returned 1 exit status
make: *** [makefile:64: sound_dac.elf] Error 1
"make -j12 all" terminated with exit code 2. Build might be incomplete.
01:26:09 **** Incremental Build of configuration Debug for project sound_dac ****
make -j12 all 
arm-none-eabi-gcc "../Core/Src/main.c" -mcpu=cortex-m7 -std=gnu11 -g3 -DDEBUG -DUSE_HAL_DRIVER -DSTM32F767xx -c -I../Core/Inc -I../Drivers/STM32F7xx_HAL_Driver/Inc -I../Drivers/STM32F7xx_HAL_Driver/Inc/Legacy -I../Drivers/CMSIS/Device/ST/STM32F7xx/Include -I../Drivers/CMSIS/Include -O0 -ffunction-sections -fdata-sections -Wall -fstack-usage -fcyclomatic-complexity -MMD -MP -MF"Core/Src/main.d" -MT"Core/Src/main.o" --specs=nano.specs -mfpu=fpv5-d16 -mfloat-abi=hard -mthumb -o "Core/Src/main.o"
../Core/Src/main.c:29: warning: "SAMPLE_RATE" redefined
   29 | #define SAMPLE_RATE 44100   // อัตราการเล่น (44100 Hz, ตัวอย่างนี้ใช้ 44.1kHz)
      | 
In file included from ../Core/Src/main.c:24:
../Core/Inc/audio_samples.h:4: note: this is the location of the previous definition
    4 | #define SAMPLE_RATE 8000
      | 
../Core/Src/main.c: In function 'MX_DAC_Init':
../Core/Src/main.c:206:10: warning: implicit declaration of function '__HAL_RCC_DAC1_CLK_ENABLE' [-Wimplicit-function-declaration]
  206 |          __HAL_RCC_DAC1_CLK_ENABLE();
      |          ^~~~~~~~~~~~~~~~~~~~~~~~~
arm-none-eabi-gcc -o "sound_dac.elf" @"objects.list"   -mcpu=cortex-m7 -T"D:\STM32\Assiment\pam8403\sound_dac\STM32F767ZITX_FLASH.ld" --specs=nosys.specs -Wl,-Map="sound_dac.map" -Wl,--gc-sections -static --specs=nano.specs -mfpu=fpv5-d16 -mfloat-abi=hard -mthumb -Wl,--start-group -lc -lm -Wl,--end-group
C:/ST/STM32CubeIDE_1.17.0/STM32CubeIDE/plugins/com.st.stm32cube.ide.mcu.externaltools.gnu-tools-for-stm32.12.3.rel1.win32_1.1.0.202410251130/tools/bin/../lib/gcc/arm-none-eabi/12.3.1/../../../../arm-none-eabi/bin/ld.exe: ./Core/Src/main.o: in function `MX_DAC_Init':
D:/STM32/Assiment/pam8403/sound_dac/Debug/../Core/Src/main.c:206: undefined reference to `__HAL_RCC_DAC1_CLK_ENABLE'
collect2.exe: error: ld returned 1 exit status
make: *** [makefile:64: sound_dac.elf] Error 1
"make -j12 all" terminated with exit code 2. Build might be incomplete.
01:26:25 **** Incremental Build of configuration Debug for project sound_dac ****
make -j12 all 
arm-none-eabi-gcc "../Core/Src/main.c" -mcpu=cortex-m7 -std=gnu11 -g3 -DDEBUG -DUSE_HAL_DRIVER -DSTM32F767xx -c -I../Core/Inc -I../Drivers/STM32F7xx_HAL_Driver/Inc -I../Drivers/STM32F7xx_HAL_Driver/Inc/Legacy -I../Drivers/CMSIS/Device/ST/STM32F7xx/Include -I../Drivers/CMSIS/Include -O0 -ffunction-sections -fdata-sections -Wall -fstack-usage -fcyclomatic-complexity -MMD -MP -MF"Core/Src/main.d" -MT"Core/Src/main.o" --specs=nano.specs -mfpu=fpv5-d16 -mfloat-abi=hard -mthumb -o "Core/Src/main.o"
../Core/Src/main.c:29: warning: "SAMPLE_RATE" redefined
   29 | #define SAMPLE_RATE 44100   // อัตราการเล่น (44100 Hz, ตัวอย่างนี้ใช้ 44.1kHz)
      | 
In file included from ../Core/Src/main.c:24:
../Core/Inc/audio_samples.h:4: note: this is the location of the previous definition
    4 | #define SAMPLE_RATE 8000
      | 
arm-none-eabi-gcc -o "sound_dac.elf" @"objects.list"   -mcpu=cortex-m7 -T"D:\STM32\Assiment\pam8403\sound_dac\STM32F767ZITX_FLASH.ld" --specs=nosys.specs -Wl,-Map="sound_dac.map" -Wl,--gc-sections -static --specs=nano.specs -mfpu=fpv5-d16 -mfloat-abi=hard -mthumb -Wl,--start-group -lc -lm -Wl,--end-group
Finished building target: sound_dac.elf
 
arm-none-eabi-size  sound_dac.elf 
arm-none-eabi-objdump -h -S sound_dac.elf  > "sound_dac.list"
   text	   data	    bss	    dec	    hex	filename
  11224	     12	   1668	  12904	   3268	sound_dac.elf
Finished building: default.size.stdout
 
Finished building: sound_dac.list
 
01:29:12 **** Incremental Build of configuration Debug for project sound_dac ****
make -j12 all 
arm-none-eabi-gcc "../Core/Src/main.c" -mcpu=cortex-m7 -std=gnu11 -g3 -DDEBUG -DUSE_HAL_DRIVER -DSTM32F767xx -c -I../Core/Inc -I../Drivers/STM32F7xx_HAL_Driver/Inc -I../Drivers/STM32F7xx_HAL_Driver/Inc/Legacy -I../Drivers/CMSIS/Device/ST/STM32F7xx/Include -I../Drivers/CMSIS/Include -O0 -ffunction-sections -fdata-sections -Wall -fstack-usage -fcyclomatic-complexity -MMD -MP -MF"Core/Src/main.d" -MT"Core/Src/main.o" --specs=nano.specs -mfpu=fpv5-d16 -mfloat-abi=hard -mthumb -o "Core/Src/main.o"
../Core/Src/main.c: In function 'PlayAudio':
../Core/Src/main.c:72:9: warning: implicit declaration of function 'SD_ReadFile' [-Wimplicit-function-declaration]
   72 |     if (SD_ReadFile("audio.wav") == 0) {
      |         ^~~~~~~~~~~
../Core/Src/main.c:75:29: warning: implicit declaration of function 'SD_ReadData' [-Wimplicit-function-declaration]
   75 |             int bytesRead = SD_ReadData(audio_buffer, BUFFER_SIZE);
      |                             ^~~~~~~~~~~
../Core/Src/main.c:87:9: warning: implicit declaration of function 'SD_CloseFile' [-Wimplicit-function-declaration]
   87 |         SD_CloseFile();
      |         ^~~~~~~~~~~~
../Core/Src/main.c:89:9: warning: implicit declaration of function 'printf' [-Wimplicit-function-declaration]
   89 |         printf("Error opening audio file.\n");
      |         ^~~~~~
../Core/Src/main.c:25:1: note: include '<stdio.h>' or provide a declaration of 'printf'
   24 | #include "audio_samples.h"
  +++ |+#include <stdio.h>
   25 | /* USER CODE END Includes */
../Core/Src/main.c:89:9: warning: incompatible implicit declaration of built-in function 'printf' [-Wbuiltin-declaration-mismatch]
   89 |         printf("Error opening audio file.\n");
      |         ^~~~~~
../Core/Src/main.c:89:9: note: include '<stdio.h>' or provide a declaration of 'printf'
arm-none-eabi-gcc -o "sound_dac.elf" @"objects.list"   -mcpu=cortex-m7 -T"D:\STM32\Assiment\pam8403\sound_dac\STM32F767ZITX_FLASH.ld" --specs=nosys.specs -Wl,-Map="sound_dac.map" -Wl,--gc-sections -static --specs=nano.specs -mfpu=fpv5-d16 -mfloat-abi=hard -mthumb -Wl,--start-group -lc -lm -Wl,--end-group
C:/ST/STM32CubeIDE_1.17.0/STM32CubeIDE/plugins/com.st.stm32cube.ide.mcu.externaltools.gnu-tools-for-stm32.12.3.rel1.win32_1.1.0.202410251130/tools/bin/../lib/gcc/arm-none-eabi/12.3.1/../../../../arm-none-eabi/bin/ld.exe: ./Core/Src/main.o: in function `PlayAudio':
D:/STM32/Assiment/pam8403/sound_dac/Debug/../Core/Src/main.c:72: undefined reference to `SD_ReadFile'
C:/ST/STM32CubeIDE_1.17.0/STM32CubeIDE/plugins/com.st.stm32cube.ide.mcu.externaltools.gnu-tools-for-stm32.12.3.rel1.win32_1.1.0.202410251130/tools/bin/../lib/gcc/arm-none-eabi/12.3.1/../../../../arm-none-eabi/bin/ld.exe: D:/STM32/Assiment/pam8403/sound_dac/Debug/../Core/Src/main.c:75: undefined reference to `SD_ReadData'
C:/ST/STM32CubeIDE_1.17.0/STM32CubeIDE/plugins/com.st.stm32cube.ide.mcu.externaltools.gnu-tools-for-stm32.12.3.rel1.win32_1.1.0.202410251130/tools/bin/../lib/gcc/arm-none-eabi/12.3.1/../../../../arm-none-eabi/bin/ld.exe: D:/STM32/Assiment/pam8403/sound_dac/Debug/../Core/Src/main.c:87: undefined reference to `SD_CloseFile'
collect2.exe: error: ld returned 1 exit status
make: *** [makefile:64: sound_dac.elf] Error 1
"make -j12 all" terminated with exit code 2. Build might be incomplete.
01:33:10 **** Incremental Build of configuration Debug for project sound_dac ****
make -j12 all 
arm-none-eabi-gcc "../Core/Src/main.c" -mcpu=cortex-m7 -std=gnu11 -g3 -DDEBUG -DUSE_HAL_DRIVER -DSTM32F767xx -c -I../Core/Inc -I../Drivers/STM32F7xx_HAL_Driver/Inc -I../Drivers/STM32F7xx_HAL_Driver/Inc/Legacy -I../Drivers/CMSIS/Device/ST/STM32F7xx/Include -I../Drivers/CMSIS/Include -O0 -ffunction-sections -fdata-sections -Wall -fstack-usage -fcyclomatic-complexity -MMD -MP -MF"Core/Src/main.d" -MT"Core/Src/main.o" --specs=nano.specs -mfpu=fpv5-d16 -mfloat-abi=hard -mthumb -o "Core/Src/main.o"
../Core/Src/main.c: In function 'PlayAudio':
../Core/Src/main.c:74:28: error: 'AUDIO_DATA_SIZE' undeclared (first use in this function)
   74 |             while (index < AUDIO_DATA_SIZE) {
      |                            ^~~~~~~~~~~~~~~
../Core/Src/main.c:74:28: note: each undeclared identifier is reported only once for each function it appears in
../Core/Src/main.c:78:21: error: 'buffer' undeclared (first use in this function)
   78 |                     buffer[i] = audio_data[index + i]; // คัดลอกข้อมูลเสียง
      |                     ^~~~~~
../Core/Src/main.c:78:33: error: 'audio_data' undeclared (first use in this function)
   78 |                     buffer[i] = audio_data[index + i]; // คัดลอกข้อมูลเสียง
      |                                 ^~~~~~~~~~
make: *** [Core/Src/subdir.mk:34: Core/Src/main.o] Error 1
"make -j12 all" terminated with exit code 2. Build might be incomplete.
01:43:52 **** Incremental Build of configuration Debug for project sound_dac ****
make -j12 all 
arm-none-eabi-gcc "../Core/Src/main.c" -mcpu=cortex-m7 -std=gnu11 -g3 -DDEBUG -DUSE_HAL_DRIVER -DSTM32F767xx -c -I../Core/Inc -I../Drivers/STM32F7xx_HAL_Driver/Inc -I../Drivers/STM32F7xx_HAL_Driver/Inc/Legacy -I../Drivers/CMSIS/Device/ST/STM32F7xx/Include -I../Drivers/CMSIS/Include -O0 -ffunction-sections -fdata-sections -Wall -fstack-usage -fcyclomatic-complexity -MMD -MP -MF"Core/Src/main.d" -MT"Core/Src/main.o" --specs=nano.specs -mfpu=fpv5-d16 -mfloat-abi=hard -mthumb -o "Core/Src/main.o"
../Core/Src/main.c:75: warning: "BUFFER_SIZE" redefined
   75 | #define BUFFER_SIZE 128
      | 
../Core/Src/main.c:29: note: this is the location of the previous definition
   29 | #define BUFFER_SIZE 1024
      | 
../Core/Src/main.c:76:1: error: expected ',' or ';' before 'uint16_t'
   76 | uint16_t buffer[BUFFER_SIZE];
      | ^~~~~~~~
../Core/Src/main.c: In function 'PlayAudio':
../Core/Src/main.c:85:21: error: 'buffer' undeclared (first use in this function)
   85 |                     buffer[i] = audio_data[index + i]; // คัดลอกข้อมูลเสียง
      |                     ^~~~~~
../Core/Src/main.c:85:21: note: each undeclared identifier is reported only once for each function it appears in
make: *** [Core/Src/subdir.mk:34: Core/Src/main.o] Error 1
"make -j12 all" terminated with exit code 2. Build might be incomplete.
01:44:02 **** Incremental Build of configuration Debug for project sound_dac ****
make -j12 all 
arm-none-eabi-gcc "../Core/Src/main.c" -mcpu=cortex-m7 -std=gnu11 -g3 -DDEBUG -DUSE_HAL_DRIVER -DSTM32F767xx -c -I../Core/Inc -I../Drivers/STM32F7xx_HAL_Driver/Inc -I../Drivers/STM32F7xx_HAL_Driver/Inc/Legacy -I../Drivers/CMSIS/Device/ST/STM32F7xx/Include -I../Drivers/CMSIS/Include -O0 -ffunction-sections -fdata-sections -Wall -fstack-usage -fcyclomatic-complexity -MMD -MP -MF"Core/Src/main.d" -MT"Core/Src/main.o" --specs=nano.specs -mfpu=fpv5-d16 -mfloat-abi=hard -mthumb -o "Core/Src/main.o"
../Core/Src/main.c:76:1: error: expected ',' or ';' before 'uint16_t'
   76 | uint16_t buffer[BUFFER_SIZE];
      | ^~~~~~~~
../Core/Src/main.c: In function 'PlayAudio':
../Core/Src/main.c:85:21: error: 'buffer' undeclared (first use in this function)
   85 |                     buffer[i] = audio_data[index + i]; // คัดลอกข้อมูลเสียง
      |                     ^~~~~~
../Core/Src/main.c:85:21: note: each undeclared identifier is reported only once for each function it appears in
make: *** [Core/Src/subdir.mk:34: Core/Src/main.o] Error 1
"make -j12 all" terminated with exit code 2. Build might be incomplete.
01:44:06 **** Incremental Build of configuration Debug for project sound_dac ****
make -j12 all 
arm-none-eabi-gcc "../Core/Src/main.c" -mcpu=cortex-m7 -std=gnu11 -g3 -DDEBUG -DUSE_HAL_DRIVER -DSTM32F767xx -c -I../Core/Inc -I../Drivers/STM32F7xx_HAL_Driver/Inc -I../Drivers/STM32F7xx_HAL_Driver/Inc/Legacy -I../Drivers/CMSIS/Device/ST/STM32F7xx/Include -I../Drivers/CMSIS/Include -O0 -ffunction-sections -fdata-sections -Wall -fstack-usage -fcyclomatic-complexity -MMD -MP -MF"Core/Src/main.d" -MT"Core/Src/main.o" --specs=nano.specs -mfpu=fpv5-d16 -mfloat-abi=hard -mthumb -o "Core/Src/main.o"
../Core/Src/main.c:76:1: error: expected ',' or ';' before 'uint16_t'
   76 | uint16_t buffer[BUFFER_SIZE];
      | ^~~~~~~~
../Core/Src/main.c: In function 'PlayAudio':
../Core/Src/main.c:85:21: error: 'buffer' undeclared (first use in this function)
   85 |                     buffer[i] = audio_data[index + i]; // คัดลอกข้อมูลเสียง
      |                     ^~~~~~
../Core/Src/main.c:85:21: note: each undeclared identifier is reported only once for each function it appears in
make: *** [Core/Src/subdir.mk:34: Core/Src/main.o] Error 1
"make -j12 all" terminated with exit code 2. Build might be incomplete.
01:49:11 **** Incremental Build of configuration Debug for project sound_dac ****
make -j12 all 
arm-none-eabi-gcc "../Core/Src/main.c" -mcpu=cortex-m7 -std=gnu11 -g3 -DDEBUG -DUSE_HAL_DRIVER -DSTM32F767xx -c -I../Core/Inc -I../Drivers/STM32F7xx_HAL_Driver/Inc -I../Drivers/STM32F7xx_HAL_Driver/Inc/Legacy -I../Drivers/CMSIS/Device/ST/STM32F7xx/Include -I../Drivers/CMSIS/Include -O0 -ffunction-sections -fdata-sections -Wall -fstack-usage -fcyclomatic-complexity -MMD -MP -MF"Core/Src/main.d" -MT"Core/Src/main.o" --specs=nano.specs -mfpu=fpv5-d16 -mfloat-abi=hard -mthumb -o "Core/Src/main.o"
../Core/Src/main.c:621:1: error: expected ',' or ';' before 'uint16_t'
  621 | uint16_t buffer[BUFFER_SIZE];
      | ^~~~~~~~
../Core/Src/main.c: In function 'PlayAudio':
../Core/Src/main.c:630:21: error: 'buffer' undeclared (first use in this function)
  630 |                     buffer[i] = audio_data[index + i]; // คัดลอกข้อมูลเสียง
      |                     ^~~~~~
../Core/Src/main.c:630:21: note: each undeclared identifier is reported only once for each function it appears in
make: *** [Core/Src/subdir.mk:34: Core/Src/main.o] Error 1
"make -j12 all" terminated with exit code 2. Build might be incomplete.
01:49:35 **** Incremental Build of configuration Debug for project sound_dac ****
make -j12 all 
arm-none-eabi-gcc "../Core/Src/main.c" -mcpu=cortex-m7 -std=gnu11 -g3 -DDEBUG -DUSE_HAL_DRIVER -DSTM32F767xx -c -I../Core/Inc -I../Drivers/STM32F7xx_HAL_Driver/Inc -I../Drivers/STM32F7xx_HAL_Driver/Inc/Legacy -I../Drivers/CMSIS/Device/ST/STM32F7xx/Include -I../Drivers/CMSIS/Include -O0 -ffunction-sections -fdata-sections -Wall -fstack-usage -fcyclomatic-complexity -MMD -MP -MF"Core/Src/main.d" -MT"Core/Src/main.o" --specs=nano.specs -mfpu=fpv5-d16 -mfloat-abi=hard -mthumb -o "Core/Src/main.o"
../Core/Src/main.c:621:1: error: expected ',' or ';' before 'uint16_t'
  621 | uint16_t buffer[BUFFER_SIZE];
      | ^~~~~~~~
../Core/Src/main.c: In function 'PlayAudio':
../Core/Src/main.c:630:21: error: 'buffer' undeclared (first use in this function)
  630 |                     buffer[i] = audio_data[index + i]; // คัดลอกข้อมูลเสียง
      |                     ^~~~~~
../Core/Src/main.c:630:21: note: each undeclared identifier is reported only once for each function it appears in
make: *** [Core/Src/subdir.mk:34: Core/Src/main.o] Error 1
"make -j12 all" terminated with exit code 2. Build might be incomplete.
01:49:43 **** Incremental Build of configuration Debug for project sound_dac ****
make -j12 all 
arm-none-eabi-gcc "../Core/Src/main.c" -mcpu=cortex-m7 -std=gnu11 -g3 -DDEBUG -DUSE_HAL_DRIVER -DSTM32F767xx -c -I../Core/Inc -I../Drivers/STM32F7xx_HAL_Driver/Inc -I../Drivers/STM32F7xx_HAL_Driver/Inc/Legacy -I../Drivers/CMSIS/Device/ST/STM32F7xx/Include -I../Drivers/CMSIS/Include -O0 -ffunction-sections -fdata-sections -Wall -fstack-usage -fcyclomatic-complexity -MMD -MP -MF"Core/Src/main.d" -MT"Core/Src/main.o" --specs=nano.specs -mfpu=fpv5-d16 -mfloat-abi=hard -mthumb -o "Core/Src/main.o"
../Core/Src/main.c:621:1: error: expected ',' or ';' before 'uint16_t'
  621 | uint16_t buffer[5468];
      | ^~~~~~~~
../Core/Src/main.c: In function 'PlayAudio':
../Core/Src/main.c:630:21: error: 'buffer' undeclared (first use in this function)
  630 |                     buffer[i] = audio_data[index + i]; // คัดลอกข้อมูลเสียง
      |                     ^~~~~~
../Core/Src/main.c:630:21: note: each undeclared identifier is reported only once for each function it appears in
make: *** [Core/Src/subdir.mk:34: Core/Src/main.o] Error 1
"make -j12 all" terminated with exit code 2. Build might be incomplete.
01:49:49 **** Incremental Build of configuration Debug for project sound_dac ****
make -j12 all 
arm-none-eabi-gcc "../Core/Src/main.c" -mcpu=cortex-m7 -std=gnu11 -g3 -DDEBUG -DUSE_HAL_DRIVER -DSTM32F767xx -c -I../Core/Inc -I../Drivers/STM32F7xx_HAL_Driver/Inc -I../Drivers/STM32F7xx_HAL_Driver/Inc/Legacy -I../Drivers/CMSIS/Device/ST/STM32F7xx/Include -I../Drivers/CMSIS/Include -O0 -ffunction-sections -fdata-sections -Wall -fstack-usage -fcyclomatic-complexity -MMD -MP -MF"Core/Src/main.d" -MT"Core/Src/main.o" --specs=nano.specs -mfpu=fpv5-d16 -mfloat-abi=hard -mthumb -o "Core/Src/main.o"
../Core/Src/main.c: In function 'PlayAudio':
../Core/Src/main.c:628:67: error: 'BUFFER_SIZE' undeclared (first use in this function)
  628 |                 uint32_t bytesToCopy = (AUDIO_DATA_SIZE - index < BUFFER_SIZE) ? (AUDIO_DATA_SIZE - index) : BUFFER_SIZE;
      |                                                                   ^~~~~~~~~~~
../Core/Src/main.c:628:67: note: each undeclared identifier is reported only once for each function it appears in
make: *** [Core/Src/subdir.mk:34: Core/Src/main.o] Error 1
"make -j12 all" terminated with exit code 2. Build might be incomplete.
01:50:02 **** Incremental Build of configuration Debug for project sound_dac ****
make -j12 all 
arm-none-eabi-gcc "../Core/Src/main.c" -mcpu=cortex-m7 -std=gnu11 -g3 -DDEBUG -DUSE_HAL_DRIVER -DSTM32F767xx -c -I../Core/Inc -I../Drivers/STM32F7xx_HAL_Driver/Inc -I../Drivers/STM32F7xx_HAL_Driver/Inc/Legacy -I../Drivers/CMSIS/Device/ST/STM32F7xx/Include -I../Drivers/CMSIS/Include -O0 -ffunction-sections -fdata-sections -Wall -fstack-usage -fcyclomatic-complexity -MMD -MP -MF"Core/Src/main.d" -MT"Core/Src/main.o" --specs=nano.specs -mfpu=fpv5-d16 -mfloat-abi=hard -mthumb -o "Core/Src/main.o"
arm-none-eabi-gcc -o "sound_dac.elf" @"objects.list"   -mcpu=cortex-m7 -T"D:\STM32\Assiment\pam8403\sound_dac\STM32F767ZITX_FLASH.ld" --specs=nosys.specs -Wl,-Map="sound_dac.map" -Wl,--gc-sections -static --specs=nano.specs -mfpu=fpv5-d16 -mfloat-abi=hard -mthumb -Wl,--start-group -lc -lm -Wl,--end-group
Finished building target: sound_dac.elf
 
arm-none-eabi-size  sound_dac.elf 
arm-none-eabi-objdump -h -S sound_dac.elf  > "sound_dac.list"
   text	   data	    bss	    dec	    hex	filename
  11536	  10948	  12604	  35088	   8910	sound_dac.elf
Finished building: default.size.stdout
 
Finished building: sound_dac.list
 
01:50:53 **** Incremental Build of configuration Debug for project sound_dac ****
make -j12 all 
arm-none-eabi-size  sound_dac.elf 
   text	   data	    bss	    dec	    hex	filename
  11536	  10948	  12604	  35088	   8910	sound_dac.elf
Finished building: default.size.stdout
 
01:54:32 **** Incremental Build of configuration Debug for project sound_dac ****
make -j12 all 
arm-none-eabi-gcc "../Core/Src/main.c" -mcpu=cortex-m7 -std=gnu11 -g3 -DDEBUG -DUSE_HAL_DRIVER -DSTM32F767xx -c -I../Core/Inc -I../Drivers/STM32F7xx_HAL_Driver/Inc -I../Drivers/STM32F7xx_HAL_Driver/Inc/Legacy -I../Drivers/CMSIS/Device/ST/STM32F7xx/Include -I../Drivers/CMSIS/Include -O0 -ffunction-sections -fdata-sections -Wall -fstack-usage -fcyclomatic-complexity -MMD -MP -MF"Core/Src/main.d" -MT"Core/Src/main.o" --specs=nano.specs -mfpu=fpv5-d16 -mfloat-abi=hard -mthumb -o "Core/Src/main.o"
arm-none-eabi-gcc -o "sound_dac.elf" @"objects.list"   -mcpu=cortex-m7 -T"D:\STM32\Assiment\pam8403\sound_dac\STM32F767ZITX_FLASH.ld" --specs=nosys.specs -Wl,-Map="sound_dac.map" -Wl,--gc-sections -static --specs=nano.specs -mfpu=fpv5-d16 -mfloat-abi=hard -mthumb -Wl,--start-group -lc -lm -Wl,--end-group
Finished building target: sound_dac.elf
 
arm-none-eabi-size  sound_dac.elf 
arm-none-eabi-objdump -h -S sound_dac.elf  > "sound_dac.list"
   text	   data	    bss	    dec	    hex	filename
  11680	  10948	  12604	  35232	   89a0	sound_dac.elf
Finished building: default.size.stdout
 
Finished building: sound_dac.list
 
01:54:36 **** Incremental Build of configuration Debug for project sound_dac ****
make -j12 all 
arm-none-eabi-size  sound_dac.elf 
   text	   data	    bss	    dec	    hex	filename
  11680	  10948	  12604	  35232	   89a0	sound_dac.elf
Finished building: default.size.stdout
 
01:55:21 **** Incremental Build of configuration Debug for project sound_dac ****
make -j12 all 
arm-none-eabi-gcc "../Core/Src/main.c" -mcpu=cortex-m7 -std=gnu11 -g3 -DDEBUG -DUSE_HAL_DRIVER -DSTM32F767xx -c -I../Core/Inc -I../Drivers/STM32F7xx_HAL_Driver/Inc -I../Drivers/STM32F7xx_HAL_Driver/Inc/Legacy -I../Drivers/CMSIS/Device/ST/STM32F7xx/Include -I../Drivers/CMSIS/Include -O0 -ffunction-sections -fdata-sections -Wall -fstack-usage -fcyclomatic-complexity -MMD -MP -MF"Core/Src/main.d" -MT"Core/Src/main.o" --specs=nano.specs -mfpu=fpv5-d16 -mfloat-abi=hard -mthumb -o "Core/Src/main.o"
arm-none-eabi-gcc -o "sound_dac.elf" @"objects.list"   -mcpu=cortex-m7 -T"D:\STM32\Assiment\pam8403\sound_dac\STM32F767ZITX_FLASH.ld" --specs=nosys.specs -Wl,-Map="sound_dac.map" -Wl,--gc-sections -static --specs=nano.specs -mfpu=fpv5-d16 -mfloat-abi=hard -mthumb -Wl,--start-group -lc -lm -Wl,--end-group
Finished building target: sound_dac.elf
 
arm-none-eabi-size  sound_dac.elf 
arm-none-eabi-objdump -h -S sound_dac.elf  > "sound_dac.list"
   text	   data	    bss	    dec	    hex	filename
  11680	  10948	  12604	  35232	   89a0	sound_dac.elf
Finished building: default.size.stdout
 
Finished building: sound_dac.list
 
01:55:24 **** Incremental Build of configuration Debug for project sound_dac ****
make -j12 all 
arm-none-eabi-size  sound_dac.elf 
   text	   data	    bss	    dec	    hex	filename
  11680	  10948	  12604	  35232	   89a0	sound_dac.elf
Finished building: default.size.stdout
 
01:56:29 **** Incremental Build of configuration Debug for project sound_dac ****
make -j12 all 
arm-none-eabi-size  sound_dac.elf 
   text	   data	    bss	    dec	    hex	filename
  11680	  10948	  12604	  35232	   89a0	sound_dac.elf
Finished building: default.size.stdout
 
01:57:12 **** Incremental Build of configuration Debug for project sound_dac ****
make -j12 all 
arm-none-eabi-gcc "../Core/Src/main.c" -mcpu=cortex-m7 -std=gnu11 -g3 -DDEBUG -DUSE_HAL_DRIVER -DSTM32F767xx -c -I../Core/Inc -I../Drivers/STM32F7xx_HAL_Driver/Inc -I../Drivers/STM32F7xx_HAL_Driver/Inc/Legacy -I../Drivers/CMSIS/Device/ST/STM32F7xx/Include -I../Drivers/CMSIS/Include -O0 -ffunction-sections -fdata-sections -Wall -fstack-usage -fcyclomatic-complexity -MMD -MP -MF"Core/Src/main.d" -MT"Core/Src/main.o" --specs=nano.specs -mfpu=fpv5-d16 -mfloat-abi=hard -mthumb -o "Core/Src/main.o"
arm-none-eabi-gcc -o "sound_dac.elf" @"objects.list"   -mcpu=cortex-m7 -T"D:\STM32\Assiment\pam8403\sound_dac\STM32F767ZITX_FLASH.ld" --specs=nosys.specs -Wl,-Map="sound_dac.map" -Wl,--gc-sections -static --specs=nano.specs -mfpu=fpv5-d16 -mfloat-abi=hard -mthumb -Wl,--start-group -lc -lm -Wl,--end-group
Finished building target: sound_dac.elf
 
arm-none-eabi-size  sound_dac.elf 
arm-none-eabi-objdump -h -S sound_dac.elf  > "sound_dac.list"
   text	   data	    bss	    dec	    hex	filename
  11692	  10948	  12604	  35244	   89ac	sound_dac.elf
Finished building: default.size.stdout
 
Finished building: sound_dac.list
 
01:57:19 **** Incremental Build of configuration Debug for project sound_dac ****
make -j12 all 
arm-none-eabi-size  sound_dac.elf 
   text	   data	    bss	    dec	    hex	filename
  11692	  10948	  12604	  35244	   89ac	sound_dac.elf
Finished building: default.size.stdout
 
01:59:49 **** Incremental Build of configuration Debug for project sound_dac ****
make -j12 all 
arm-none-eabi-gcc "../Core/Src/main.c" -mcpu=cortex-m7 -std=gnu11 -g3 -DDEBUG -DUSE_HAL_DRIVER -DSTM32F767xx -c -I../Core/Inc -I../Drivers/STM32F7xx_HAL_Driver/Inc -I../Drivers/STM32F7xx_HAL_Driver/Inc/Legacy -I../Drivers/CMSIS/Device/ST/STM32F7xx/Include -I../Drivers/CMSIS/Include -O0 -ffunction-sections -fdata-sections -Wall -fstack-usage -fcyclomatic-complexity -MMD -MP -MF"Core/Src/main.d" -MT"Core/Src/main.o" --specs=nano.specs -mfpu=fpv5-d16 -mfloat-abi=hard -mthumb -o "Core/Src/main.o"
arm-none-eabi-gcc -o "sound_dac.elf" @"objects.list"   -mcpu=cortex-m7 -T"D:\STM32\Assiment\pam8403\sound_dac\STM32F767ZITX_FLASH.ld" --specs=nosys.specs -Wl,-Map="sound_dac.map" -Wl,--gc-sections -static --specs=nano.specs -mfpu=fpv5-d16 -mfloat-abi=hard -mthumb -Wl,--start-group -lc -lm -Wl,--end-group
Finished building target: sound_dac.elf
 
arm-none-eabi-size  sound_dac.elf 
arm-none-eabi-objdump -h -S sound_dac.elf  > "sound_dac.list"
   text	   data	    bss	    dec	    hex	filename
  11716	  10948	  12604	  35268	   89c4	sound_dac.elf
Finished building: default.size.stdout
 
Finished building: sound_dac.list
 
02:01:00 **** Incremental Build of configuration Debug for project sound_dac ****
make -j12 all 
arm-none-eabi-gcc "../Core/Src/main.c" -mcpu=cortex-m7 -std=gnu11 -g3 -DDEBUG -DUSE_HAL_DRIVER -DSTM32F767xx -c -I../Core/Inc -I../Drivers/STM32F7xx_HAL_Driver/Inc -I../Drivers/STM32F7xx_HAL_Driver/Inc/Legacy -I../Drivers/CMSIS/Device/ST/STM32F7xx/Include -I../Drivers/CMSIS/Include -O0 -ffunction-sections -fdata-sections -Wall -fstack-usage -fcyclomatic-complexity -MMD -MP -MF"Core/Src/main.d" -MT"Core/Src/main.o" --specs=nano.specs -mfpu=fpv5-d16 -mfloat-abi=hard -mthumb -o "Core/Src/main.o"
arm-none-eabi-gcc -o "sound_dac.elf" @"objects.list"   -mcpu=cortex-m7 -T"D:\STM32\Assiment\pam8403\sound_dac\STM32F767ZITX_FLASH.ld" --specs=nosys.specs -Wl,-Map="sound_dac.map" -Wl,--gc-sections -static --specs=nano.specs -mfpu=fpv5-d16 -mfloat-abi=hard -mthumb -Wl,--start-group -lc -lm -Wl,--end-group
Finished building target: sound_dac.elf
 
arm-none-eabi-size  sound_dac.elf 
arm-none-eabi-objdump -h -S sound_dac.elf  > "sound_dac.list"
   text	   data	    bss	    dec	    hex	filename
  11708	  10948	  12604	  35260	   89bc	sound_dac.elf
Finished building: default.size.stdout
 
Finished building: sound_dac.list
 
02:01:03 **** Incremental Build of configuration Debug for project sound_dac ****
make -j12 all 
arm-none-eabi-size  sound_dac.elf 
   text	   data	    bss	    dec	    hex	filename
  11708	  10948	  12604	  35260	   89bc	sound_dac.elf
Finished building: default.size.stdout
 
06:04:56 **** Clean-only build of configuration Debug for project sound_dac ****
make -j12 clean 
rm -rf ./Drivers/STM32F7xx_HAL_Driver/Src/stm32f7xx_hal.cyclo ./Drivers/STM32F7xx_HAL_Driver/Src/stm32f7xx_hal.d ./Drivers/STM32F7xx_HAL_Driver/Src/stm32f7xx_hal.o ./Drivers/STM32F7xx_HAL_Driver/Src/stm32f7xx_hal.su ./Drivers/STM32F7xx_HAL_Driver/Src/stm32f7xx_hal_cortex.cyclo ./Drivers/STM32F7xx_HAL_Driver/Src/stm32f7xx_hal_cortex.d ./Drivers/STM32F7xx_HAL_Driver/Src/stm32f7xx_hal_cortex.o ./Drivers/STM32F7xx_HAL_Driver/Src/stm32f7xx_hal_cortex.su ./Drivers/STM32F7xx_HAL_Driver/Src/stm32f7xx_hal_dac.cyclo ./Drivers/STM32F7xx_HAL_Driver/Src/stm32f7xx_hal_dac.d ./Drivers/STM32F7xx_HAL_Driver/Src/stm32f7xx_hal_dac.o ./Drivers/STM32F7xx_HAL_Driver/Src/stm32f7xx_hal_dac.su ./Drivers/STM32F7xx_HAL_Driver/Src/stm32f7xx_hal_dac_ex.cyclo ./Drivers/STM32F7xx_HAL_Driver/Src/stm32f7xx_hal_dac_ex.d ./Drivers/STM32F7xx_HAL_Driver/Src/stm32f7xx_hal_dac_ex.o ./Drivers/STM32F7xx_HAL_Driver/Src/stm32f7xx_hal_dac_ex.su ./Drivers/STM32F7xx_HAL_Driver/Src/stm32f7xx_hal_dma.cyclo ./Drivers/STM32F7xx_HAL_Driver/Src/stm32f7xx_hal_dma.d ./Drivers/STM32F7xx_HAL_Driver/Src/stm32f7xx_hal_dma.o ./Drivers/STM32F7xx_HAL_Driver/Src/stm32f7xx_hal_dma.su ./Drivers/STM32F7xx_HAL_Driver/Src/stm32f7xx_hal_dma_ex.cyclo ./Drivers/STM32F7xx_HAL_Driver/Src/stm32f7xx_hal_dma_ex.d ./Drivers/STM32F7xx_HAL_Driver/Src/stm32f7xx_hal_dma_ex.o ./Drivers/STM32F7xx_HAL_Driver/Src/stm32f7xx_hal_dma_ex.su ./Drivers/STM32F7xx_HAL_Driver/Src/stm32f7xx_hal_exti.cyclo ./Drivers/STM32F7xx_HAL_Driver/Src/stm32f7xx_hal_exti.d ./Drivers/STM32F7xx_HAL_Driver/Src/stm32f7xx_hal_exti.o ./Drivers/STM32F7xx_HAL_Driver/Src/stm32f7xx_hal_exti.su ./Drivers/STM32F7xx_HAL_Driver/Src/stm32f7xx_hal_flash.cyclo ./Drivers/STM32F7xx_HAL_Driver/Src/stm32f7xx_hal_flash.d ./Drivers/STM32F7xx_HAL_Driver/Src/stm32f7xx_hal_flash.o ./Drivers/STM32F7xx_HAL_Driver/Src/stm32f7xx_hal_flash.su ./Drivers/STM32F7xx_HAL_Driver/Src/stm32f7xx_hal_flash_ex.cyclo ./Drivers/STM32F7xx_HAL_Driver/Src/stm32f7xx_hal_flash_ex.d ./Drivers/STM32F7xx_HAL_Driver/Src/stm32f7xx_hal_flash_ex.o ./Drivers/STM32F7xx_HAL_Driver/Src/stm32f7xx_hal_flash_ex.su ./Drivers/STM32F7xx_HAL_Driver/Src/stm32f7xx_hal_gpio.cyclo ./Drivers/STM32F7xx_HAL_Driver/Src/stm32f7xx_hal_gpio.d ./Drivers/STM32F7xx_HAL_Driver/Src/stm32f7xx_hal_gpio.o ./Drivers/STM32F7xx_HAL_Driver/Src/stm32f7xx_hal_gpio.su ./Drivers/STM32F7xx_HAL_Driver/Src/stm32f7xx_hal_i2c.cyclo ./Drivers/STM32F7xx_HAL_Driver/Src/stm32f7xx_hal_i2c.d ./Drivers/STM32F7xx_HAL_Driver/Src/stm32f7xx_hal_i2c.o ./Drivers/STM32F7xx_HAL_Driver/Src/stm32f7xx_hal_i2c.su ./Drivers/STM32F7xx_HAL_Driver/Src/stm32f7xx_hal_i2c_ex.cyclo ./Drivers/STM32F7xx_HAL_Driver/Src/stm32f7xx_hal_i2c_ex.d ./Drivers/STM32F7xx_HAL_Driver/Src/stm32f7xx_hal_i2c_ex.o ./Drivers/STM32F7xx_HAL_Driver/Src/stm32f7xx_hal_i2c_ex.su ./Drivers/STM32F7xx_HAL_Driver/Src/stm32f7xx_hal_pwr.cyclo ./Drivers/STM32F7xx_HAL_Driver/Src/stm32f7xx_hal_pwr.d ./Drivers/STM32F7xx_HAL_Driver/Src/stm32f7xx_hal_pwr.o ./Drivers/STM32F7xx_HAL_Driver/Src/stm32f7xx_hal_pwr.su ./Drivers/STM32F7xx_HAL_Driver/Src/stm32f7xx_hal_pwr_ex.cyclo ./Drivers/STM32F7xx_HAL_Driver/Src/stm32f7xx_hal_pwr_ex.d ./Drivers/STM32F7xx_HAL_Driver/Src/stm32f7xx_hal_pwr_ex.o ./Drivers/STM32F7xx_HAL_Driver/Src/stm32f7xx_hal_pwr_ex.su ./Drivers/STM32F7xx_HAL_Driver/Src/stm32f7xx_hal_rcc.cyclo ./Drivers/STM32F7xx_HAL_Driver/Src/stm32f7xx_hal_rcc.d ./Drivers/STM32F7xx_HAL_Driver/Src/stm32f7xx_hal_rcc.o ./Drivers/STM32F7xx_HAL_Driver/Src/stm32f7xx_hal_rcc.su ./Drivers/STM32F7xx_HAL_Driver/Src/stm32f7xx_hal_rcc_ex.cyclo ./Drivers/STM32F7xx_HAL_Driver/Src/stm32f7xx_hal_rcc_ex.d ./Drivers/STM32F7xx_HAL_Driver/Src/stm32f7xx_hal_rcc_ex.o ./Drivers/STM32F7xx_HAL_Driver/Src/stm32f7xx_hal_rcc_ex.su ./Drivers/STM32F7xx_HAL_Driver/Src/stm32f7xx_hal_tim.cyclo ./Drivers/STM32F7xx_HAL_Driver/Src/stm32f7xx_hal_tim.d ./Drivers/STM32F7xx_HAL_Driver/Src/stm32f7xx_hal_tim.o ./Drivers/STM32F7xx_HAL_Driver/Src/stm32f7xx_hal_tim.su ./Drivers/STM32F7xx_HAL_Driver/Src/stm32f7xx_hal_tim_ex.cyclo ./Drivers/STM32F7xx_HAL_Driver/Src/stm32f7xx_hal_tim_ex.d ./Drivers/STM32F7xx_HAL_Driver/Src/stm32f7xx_hal_tim_ex.o ./Drivers/STM32F7xx_HAL_Driver/Src/stm32f7xx_hal_tim_ex.su
rm -rf ./Core/Startup/startup_stm32f767zitx.d ./Core/Startup/startup_stm32f767zitx.o
rm -rf ./Core/Src/main.cyclo ./Core/Src/main.d ./Core/Src/main.o ./Core/Src/main.su ./Core/Src/stm32f7xx_hal_msp.cyclo ./Core/Src/stm32f7xx_hal_msp.d ./Core/Src/stm32f7xx_hal_msp.o ./Core/Src/stm32f7xx_hal_msp.su ./Core/Src/stm32f7xx_it.cyclo ./Core/Src/stm32f7xx_it.d ./Core/Src/stm32f7xx_it.o ./Core/Src/stm32f7xx_it.su ./Core/Src/syscalls.cyclo ./Core/Src/syscalls.d ./Core/Src/syscalls.o ./Core/Src/syscalls.su ./Core/Src/sysmem.cyclo ./Core/Src/sysmem.d ./Core/Src/sysmem.o ./Core/Src/sysmem.su ./Core/Src/system_stm32f7xx.cyclo ./Core/Src/system_stm32f7xx.d ./Core/Src/system_stm32f7xx.o ./Core/Src/system_stm32f7xx.su
rm -rf default.size.stdout sound_dac.elf sound_dac.list sound_dac.map
 
06:04:57 **** Incremental Build of configuration Debug for project sound_dac ****
make -j12 all 
arm-none-eabi-gcc "../Middlewares/Third_Party/FatFs/src/option/ccsbcs.c" -mcpu=cortex-m7 -std=gnu11 -g3 -DDEBUG -DUSE_HAL_DRIVER -DSTM32F767xx -c -I../Core/Inc -I../Drivers/STM32F7xx_HAL_Driver/Inc -I../Drivers/STM32F7xx_HAL_Driver/Inc/Legacy -I../Drivers/CMSIS/Device/ST/STM32F7xx/Include -I../Drivers/CMSIS/Include -I../FATFS/Target -I../FATFS/App -I../Middlewares/Third_Party/FatFs/src -O0 -ffunction-sections -fdata-sections -Wall -fstack-usage -fcyclomatic-complexity -MMD -MP -MF"Middlewares/Third_Party/FatFs/src/option/ccsbcs.d" -MT"Middlewares/Third_Party/FatFs/src/option/ccsbcs.o" --specs=nano.specs -mfpu=fpv5-d16 -mfloat-abi=hard -mthumb -o "Middlewares/Third_Party/FatFs/src/option/ccsbcs.o"
arm-none-eabi-gcc "../Middlewares/Third_Party/FatFs/src/option/syscall.c" -mcpu=cortex-m7 -std=gnu11 -g3 -DDEBUG -DUSE_HAL_DRIVER -DSTM32F767xx -c -I../Core/Inc -I../Drivers/STM32F7xx_HAL_Driver/Inc -I../Drivers/STM32F7xx_HAL_Driver/Inc/Legacy -I../Drivers/CMSIS/Device/ST/STM32F7xx/Include -I../Drivers/CMSIS/Include -I../FATFS/Target -I../FATFS/App -I../Middlewares/Third_Party/FatFs/src -O0 -ffunction-sections -fdata-sections -Wall -fstack-usage -fcyclomatic-complexity -MMD -MP -MF"Middlewares/Third_Party/FatFs/src/option/syscall.d" -MT"Middlewares/Third_Party/FatFs/src/option/syscall.o" --specs=nano.specs -mfpu=fpv5-d16 -mfloat-abi=hard -mthumb -o "Middlewares/Third_Party/FatFs/src/option/syscall.o"
arm-none-eabi-gcc "../Middlewares/Third_Party/FatFs/src/diskio.c" -mcpu=cortex-m7 -std=gnu11 -g3 -DDEBUG -DUSE_HAL_DRIVER -DSTM32F767xx -c -I../Core/Inc -I../Drivers/STM32F7xx_HAL_Driver/Inc -I../Drivers/STM32F7xx_HAL_Driver/Inc/Legacy -I../Drivers/CMSIS/Device/ST/STM32F7xx/Include -I../Drivers/CMSIS/Include -I../FATFS/Target -I../FATFS/App -I../Middlewares/Third_Party/FatFs/src -O0 -ffunction-sections -fdata-sections -Wall -fstack-usage -fcyclomatic-complexity -MMD -MP -MF"Middlewares/Third_Party/FatFs/src/diskio.d" -MT"Middlewares/Third_Party/FatFs/src/diskio.o" --specs=nano.specs -mfpu=fpv5-d16 -mfloat-abi=hard -mthumb -o "Middlewares/Third_Party/FatFs/src/diskio.o"
arm-none-eabi-gcc "../Middlewares/Third_Party/FatFs/src/ff.c" -mcpu=cortex-m7 -std=gnu11 -g3 -DDEBUG -DUSE_HAL_DRIVER -DSTM32F767xx -c -I../Core/Inc -I../Drivers/STM32F7xx_HAL_Driver/Inc -I../Drivers/STM32F7xx_HAL_Driver/Inc/Legacy -I../Drivers/CMSIS/Device/ST/STM32F7xx/Include -I../Drivers/CMSIS/Include -I../FATFS/Target -I../FATFS/App -I../Middlewares/Third_Party/FatFs/src -O0 -ffunction-sections -fdata-sections -Wall -fstack-usage -fcyclomatic-complexity -MMD -MP -MF"Middlewares/Third_Party/FatFs/src/ff.d" -MT"Middlewares/Third_Party/FatFs/src/ff.o" --specs=nano.specs -mfpu=fpv5-d16 -mfloat-abi=hard -mthumb -o "Middlewares/Third_Party/FatFs/src/ff.o"
arm-none-eabi-gcc "../Middlewares/Third_Party/FatFs/src/ff_gen_drv.c" -mcpu=cortex-m7 -std=gnu11 -g3 -DDEBUG -DUSE_HAL_DRIVER -DSTM32F767xx -c -I../Core/Inc -I../Drivers/STM32F7xx_HAL_Driver/Inc -I../Drivers/STM32F7xx_HAL_Driver/Inc/Legacy -I../Drivers/CMSIS/Device/ST/STM32F7xx/Include -I../Drivers/CMSIS/Include -I../FATFS/Target -I../FATFS/App -I../Middlewares/Third_Party/FatFs/src -O0 -ffunction-sections -fdata-sections -Wall -fstack-usage -fcyclomatic-complexity -MMD -MP -MF"Middlewares/Third_Party/FatFs/src/ff_gen_drv.d" -MT"Middlewares/Third_Party/FatFs/src/ff_gen_drv.o" --specs=nano.specs -mfpu=fpv5-d16 -mfloat-abi=hard -mthumb -o "Middlewares/Third_Party/FatFs/src/ff_gen_drv.o"
arm-none-eabi-gcc "../FATFS/Target/user_diskio.c" -mcpu=cortex-m7 -std=gnu11 -g3 -DDEBUG -DUSE_HAL_DRIVER -DSTM32F767xx -c -I../Core/Inc -I../Drivers/STM32F7xx_HAL_Driver/Inc -I../Drivers/STM32F7xx_HAL_Driver/Inc/Legacy -I../Drivers/CMSIS/Device/ST/STM32F7xx/Include -I../Drivers/CMSIS/Include -I../FATFS/Target -I../FATFS/App -I../Middlewares/Third_Party/FatFs/src -O0 -ffunction-sections -fdata-sections -Wall -fstack-usage -fcyclomatic-complexity -MMD -MP -MF"FATFS/Target/user_diskio.d" -MT"FATFS/Target/user_diskio.o" --specs=nano.specs -mfpu=fpv5-d16 -mfloat-abi=hard -mthumb -o "FATFS/Target/user_diskio.o"
arm-none-eabi-gcc "../FATFS/App/fatfs.c" -mcpu=cortex-m7 -std=gnu11 -g3 -DDEBUG -DUSE_HAL_DRIVER -DSTM32F767xx -c -I../Core/Inc -I../Drivers/STM32F7xx_HAL_Driver/Inc -I../Drivers/STM32F7xx_HAL_Driver/Inc/Legacy -I../Drivers/CMSIS/Device/ST/STM32F7xx/Include -I../Drivers/CMSIS/Include -I../FATFS/Target -I../FATFS/App -I../Middlewares/Third_Party/FatFs/src -O0 -ffunction-sections -fdata-sections -Wall -fstack-usage -fcyclomatic-complexity -MMD -MP -MF"FATFS/App/fatfs.d" -MT"FATFS/App/fatfs.o" --specs=nano.specs -mfpu=fpv5-d16 -mfloat-abi=hard -mthumb -o "FATFS/App/fatfs.o"
arm-none-eabi-gcc "../Drivers/STM32F7xx_HAL_Driver/Src/stm32f7xx_hal.c" -mcpu=cortex-m7 -std=gnu11 -g3 -DDEBUG -DUSE_HAL_DRIVER -DSTM32F767xx -c -I../Core/Inc -I../Drivers/STM32F7xx_HAL_Driver/Inc -I../Drivers/STM32F7xx_HAL_Driver/Inc/Legacy -I../Drivers/CMSIS/Device/ST/STM32F7xx/Include -I../Drivers/CMSIS/Include -I../FATFS/Target -I../FATFS/App -I../Middlewares/Third_Party/FatFs/src -O0 -ffunction-sections -fdata-sections -Wall -fstack-usage -fcyclomatic-complexity -MMD -MP -MF"Drivers/STM32F7xx_HAL_Driver/Src/stm32f7xx_hal.d" -MT"Drivers/STM32F7xx_HAL_Driver/Src/stm32f7xx_hal.o" --specs=nano.specs -mfpu=fpv5-d16 -mfloat-abi=hard -mthumb -o "Drivers/STM32F7xx_HAL_Driver/Src/stm32f7xx_hal.o"
arm-none-eabi-gcc "../Drivers/STM32F7xx_HAL_Driver/Src/stm32f7xx_hal_adc.c" -mcpu=cortex-m7 -std=gnu11 -g3 -DDEBUG -DUSE_HAL_DRIVER -DSTM32F767xx -c -I../Core/Inc -I../Drivers/STM32F7xx_HAL_Driver/Inc -I../Drivers/STM32F7xx_HAL_Driver/Inc/Legacy -I../Drivers/CMSIS/Device/ST/STM32F7xx/Include -I../Drivers/CMSIS/Include -I../FATFS/Target -I../FATFS/App -I../Middlewares/Third_Party/FatFs/src -O0 -ffunction-sections -fdata-sections -Wall -fstack-usage -fcyclomatic-complexity -MMD -MP -MF"Drivers/STM32F7xx_HAL_Driver/Src/stm32f7xx_hal_adc.d" -MT"Drivers/STM32F7xx_HAL_Driver/Src/stm32f7xx_hal_adc.o" --specs=nano.specs -mfpu=fpv5-d16 -mfloat-abi=hard -mthumb -o "Drivers/STM32F7xx_HAL_Driver/Src/stm32f7xx_hal_adc.o"
arm-none-eabi-gcc "../Drivers/STM32F7xx_HAL_Driver/Src/stm32f7xx_hal_adc_ex.c" -mcpu=cortex-m7 -std=gnu11 -g3 -DDEBUG -DUSE_HAL_DRIVER -DSTM32F767xx -c -I../Core/Inc -I../Drivers/STM32F7xx_HAL_Driver/Inc -I../Drivers/STM32F7xx_HAL_Driver/Inc/Legacy -I../Drivers/CMSIS/Device/ST/STM32F7xx/Include -I../Drivers/CMSIS/Include -I../FATFS/Target -I../FATFS/App -I../Middlewares/Third_Party/FatFs/src -O0 -ffunction-sections -fdata-sections -Wall -fstack-usage -fcyclomatic-complexity -MMD -MP -MF"Drivers/STM32F7xx_HAL_Driver/Src/stm32f7xx_hal_adc_ex.d" -MT"Drivers/STM32F7xx_HAL_Driver/Src/stm32f7xx_hal_adc_ex.o" --specs=nano.specs -mfpu=fpv5-d16 -mfloat-abi=hard -mthumb -o "Drivers/STM32F7xx_HAL_Driver/Src/stm32f7xx_hal_adc_ex.o"
arm-none-eabi-gcc "../Drivers/STM32F7xx_HAL_Driver/Src/stm32f7xx_hal_cortex.c" -mcpu=cortex-m7 -std=gnu11 -g3 -DDEBUG -DUSE_HAL_DRIVER -DSTM32F767xx -c -I../Core/Inc -I../Drivers/STM32F7xx_HAL_Driver/Inc -I../Drivers/STM32F7xx_HAL_Driver/Inc/Legacy -I../Drivers/CMSIS/Device/ST/STM32F7xx/Include -I../Drivers/CMSIS/Include -I../FATFS/Target -I../FATFS/App -I../Middlewares/Third_Party/FatFs/src -O0 -ffunction-sections -fdata-sections -Wall -fstack-usage -fcyclomatic-complexity -MMD -MP -MF"Drivers/STM32F7xx_HAL_Driver/Src/stm32f7xx_hal_cortex.d" -MT"Drivers/STM32F7xx_HAL_Driver/Src/stm32f7xx_hal_cortex.o" --specs=nano.specs -mfpu=fpv5-d16 -mfloat-abi=hard -mthumb -o "Drivers/STM32F7xx_HAL_Driver/Src/stm32f7xx_hal_cortex.o"
arm-none-eabi-gcc "../Drivers/STM32F7xx_HAL_Driver/Src/stm32f7xx_hal_dac.c" -mcpu=cortex-m7 -std=gnu11 -g3 -DDEBUG -DUSE_HAL_DRIVER -DSTM32F767xx -c -I../Core/Inc -I../Drivers/STM32F7xx_HAL_Driver/Inc -I../Drivers/STM32F7xx_HAL_Driver/Inc/Legacy -I../Drivers/CMSIS/Device/ST/STM32F7xx/Include -I../Drivers/CMSIS/Include -I../FATFS/Target -I../FATFS/App -I../Middlewares/Third_Party/FatFs/src -O0 -ffunction-sections -fdata-sections -Wall -fstack-usage -fcyclomatic-complexity -MMD -MP -MF"Drivers/STM32F7xx_HAL_Driver/Src/stm32f7xx_hal_dac.d" -MT"Drivers/STM32F7xx_HAL_Driver/Src/stm32f7xx_hal_dac.o" --specs=nano.specs -mfpu=fpv5-d16 -mfloat-abi=hard -mthumb -o "Drivers/STM32F7xx_HAL_Driver/Src/stm32f7xx_hal_dac.o"
arm-none-eabi-gcc "../Drivers/STM32F7xx_HAL_Driver/Src/stm32f7xx_hal_dac_ex.c" -mcpu=cortex-m7 -std=gnu11 -g3 -DDEBUG -DUSE_HAL_DRIVER -DSTM32F767xx -c -I../Core/Inc -I../Drivers/STM32F7xx_HAL_Driver/Inc -I../Drivers/STM32F7xx_HAL_Driver/Inc/Legacy -I../Drivers/CMSIS/Device/ST/STM32F7xx/Include -I../Drivers/CMSIS/Include -I../FATFS/Target -I../FATFS/App -I../Middlewares/Third_Party/FatFs/src -O0 -ffunction-sections -fdata-sections -Wall -fstack-usage -fcyclomatic-complexity -MMD -MP -MF"Drivers/STM32F7xx_HAL_Driver/Src/stm32f7xx_hal_dac_ex.d" -MT"Drivers/STM32F7xx_HAL_Driver/Src/stm32f7xx_hal_dac_ex.o" --specs=nano.specs -mfpu=fpv5-d16 -mfloat-abi=hard -mthumb -o "Drivers/STM32F7xx_HAL_Driver/Src/stm32f7xx_hal_dac_ex.o"
arm-none-eabi-gcc "../Drivers/STM32F7xx_HAL_Driver/Src/stm32f7xx_hal_dma.c" -mcpu=cortex-m7 -std=gnu11 -g3 -DDEBUG -DUSE_HAL_DRIVER -DSTM32F767xx -c -I../Core/Inc -I../Drivers/STM32F7xx_HAL_Driver/Inc -I../Drivers/STM32F7xx_HAL_Driver/Inc/Legacy -I../Drivers/CMSIS/Device/ST/STM32F7xx/Include -I../Drivers/CMSIS/Include -I../FATFS/Target -I../FATFS/App -I../Middlewares/Third_Party/FatFs/src -O0 -ffunction-sections -fdata-sections -Wall -fstack-usage -fcyclomatic-complexity -MMD -MP -MF"Drivers/STM32F7xx_HAL_Driver/Src/stm32f7xx_hal_dma.d" -MT"Drivers/STM32F7xx_HAL_Driver/Src/stm32f7xx_hal_dma.o" --specs=nano.specs -mfpu=fpv5-d16 -mfloat-abi=hard -mthumb -o "Drivers/STM32F7xx_HAL_Driver/Src/stm32f7xx_hal_dma.o"
[...]
Finished building target: L476RG_modify.elf
 
arm-none-eabi-size  L476RG_modify.elf 
arm-none-eabi-objdump -h -S L476RG_modify.elf  > "L476RG_modify.list"
   text	   data	    bss	    dec	    hex	filename
  25680	     12	   2092	  27784	   6c88	L476RG_modify.elf
Finished building: default.size.stdout
 
Finished building: L476RG_modify.list
 
09:46:56 **** Incremental Build of configuration Debug for project sound_dac ****
make -j12 all 
arm-none-eabi-size  sound_dac.elf 
   text	   data	    bss	    dec	    hex	filename
  40120	    112	  17864	  58096	   e2f0	sound_dac.elf
Finished building: default.size.stdout
 
09:46:58 **** Incremental Build of configuration Debug for project L476RG_modify ****
make -j12 all 
arm-none-eabi-size  L476RG_modify.elf 
   text	   data	    bss	    dec	    hex	filename
  25680	     12	   2092	  27784	   6c88	L476RG_modify.elf
Finished building: default.size.stdout
 
09:47:57 **** Incremental Build of configuration Debug for project L476RG_modify ****
make -j12 all 
arm-none-eabi-gcc "../Core/Src/main.c" -mcpu=cortex-m7 -std=gnu11 -g3 -DDEBUG -DUSE_HAL_DRIVER -DSTM32F767xx -c -I../Core/Inc -I../Drivers/STM32F7xx_HAL_Driver/Inc -I../Drivers/STM32F7xx_HAL_Driver/Inc/Legacy -I../Drivers/CMSIS/Device/ST/STM32F7xx/Include -I../Drivers/CMSIS/Include -I../FATFS/Target -I../FATFS/App -I../Middlewares/Third_Party/FatFs/src -O0 -ffunction-sections -fdata-sections -Wall -fstack-usage -fcyclomatic-complexity -MMD -MP -MF"Core/Src/main.d" -MT"Core/Src/main.o" --specs=nano.specs -mfpu=fpv5-d16 -mfloat-abi=hard -mthumb -o "Core/Src/main.o"
../Core/Src/main.c: In function 'main':
../Core/Src/main.c:292:12: warning: unused variable 'fno' [-Wunused-variable]
  292 |    FILINFO fno;
      |            ^~~
../Core/Src/main.c:291:8: warning: unused variable 'dir' [-Wunused-variable]
  291 |    DIR dir;
      |        ^~~
arm-none-eabi-gcc -o "L476RG_modify.elf" @"objects.list"   -mcpu=cortex-m7 -T"D:\STM32\Assiment\pam8403\L476RG_modify\STM32F767ZITX_FLASH.ld" --specs=nosys.specs -Wl,-Map="L476RG_modify.map" -Wl,--gc-sections -static --specs=nano.specs -mfpu=fpv5-d16 -mfloat-abi=hard -mthumb -Wl,--start-group -lc -lm -Wl,--end-group
Finished building target: L476RG_modify.elf
 
arm-none-eabi-size  L476RG_modify.elf 
arm-none-eabi-objdump -h -S L476RG_modify.elf  > "L476RG_modify.list"
   text	   data	    bss	    dec	    hex	filename
  30928	     12	   2092	  33032	   8108	L476RG_modify.elf
Finished building: default.size.stdout
 
Finished building: L476RG_modify.list
 
09:47:58 **** Incremental Build of configuration Debug for project sound_dac ****
make -j12 all 
arm-none-eabi-size  sound_dac.elf 
   text	   data	    bss	    dec	    hex	filename
  40120	    112	  17864	  58096	   e2f0	sound_dac.elf
Finished building: default.size.stdout
 
09:48:05 **** Incremental Build of configuration Debug for project L476RG_modify ****
make -j12 all 
arm-none-eabi-size  L476RG_modify.elf 
   text	   data	    bss	    dec	    hex	filename
  30928	     12	   2092	  33032	   8108	L476RG_modify.elf
Finished building: default.size.stdout
 
09:49:35 **** Incremental Build of configuration Debug for project L476RG_modify ****
make -j12 all 
arm-none-eabi-gcc "../Core/Src/main.c" -mcpu=cortex-m7 -std=gnu11 -g3 -DDEBUG -DUSE_HAL_DRIVER -DSTM32F767xx -c -I../Core/Inc -I../Drivers/STM32F7xx_HAL_Driver/Inc -I../Drivers/STM32F7xx_HAL_Driver/Inc/Legacy -I../Drivers/CMSIS/Device/ST/STM32F7xx/Include -I../Drivers/CMSIS/Include -I../FATFS/Target -I../FATFS/App -I../Middlewares/Third_Party/FatFs/src -O0 -ffunction-sections -fdata-sections -Wall -fstack-usage -fcyclomatic-complexity -MMD -MP -MF"Core/Src/main.d" -MT"Core/Src/main.o" --specs=nano.specs -mfpu=fpv5-d16 -mfloat-abi=hard -mthumb -o "Core/Src/main.o"
../Core/Src/main.c: In function 'main':
../Core/Src/main.c:294:12: warning: unused variable 'fno' [-Wunused-variable]
  294 |    FILINFO fno;
      |            ^~~
../Core/Src/main.c:293:8: warning: unused variable 'dir' [-Wunused-variable]
  293 |    DIR dir;
      |        ^~~
arm-none-eabi-gcc -o "L476RG_modify.elf" @"objects.list"   -mcpu=cortex-m7 -T"D:\STM32\Assiment\pam8403\L476RG_modify\STM32F767ZITX_FLASH.ld" --specs=nosys.specs -Wl,-Map="L476RG_modify.map" -Wl,--gc-sections -static --specs=nano.specs -mfpu=fpv5-d16 -mfloat-abi=hard -mthumb -Wl,--start-group -lc -lm -Wl,--end-group
Finished building target: L476RG_modify.elf
 
arm-none-eabi-size  L476RG_modify.elf 
arm-none-eabi-objdump -h -S L476RG_modify.elf  > "L476RG_modify.list"
   text	   data	    bss	    dec	    hex	filename
  35000	     12	   3636	  38648	   96f8	L476RG_modify.elf
Finished building: default.size.stdout
 
Finished building: L476RG_modify.list
 
09:49:36 **** Incremental Build of configuration Debug for project sound_dac ****
make -j12 all 
arm-none-eabi-size  sound_dac.elf 
   text	   data	    bss	    dec	    hex	filename
  40120	    112	  17864	  58096	   e2f0	sound_dac.elf
Finished building: default.size.stdout
 
09:49:43 **** Incremental Build of configuration Debug for project L476RG_modify ****
make -j12 all 
arm-none-eabi-size  L476RG_modify.elf 
   text	   data	    bss	    dec	    hex	filename
  35000	     12	   3636	  38648	   96f8	L476RG_modify.elf
Finished building: default.size.stdout
 
09:53:32 **** Incremental Build of configuration Debug for project L476RG_modify ****
make -j12 all 
arm-none-eabi-gcc "../Core/Src/main.c" -mcpu=cortex-m7 -std=gnu11 -g3 -DDEBUG -DUSE_HAL_DRIVER -DSTM32F767xx -c -I../Core/Inc -I../Drivers/STM32F7xx_HAL_Driver/Inc -I../Drivers/STM32F7xx_HAL_Driver/Inc/Legacy -I../Drivers/CMSIS/Device/ST/STM32F7xx/Include -I../Drivers/CMSIS/Include -I../FATFS/Target -I../FATFS/App -I../Middlewares/Third_Party/FatFs/src -O0 -ffunction-sections -fdata-sections -Wall -fstack-usage -fcyclomatic-complexity -MMD -MP -MF"Core/Src/main.d" -MT"Core/Src/main.o" --specs=nano.specs -mfpu=fpv5-d16 -mfloat-abi=hard -mthumb -o "Core/Src/main.o"
arm-none-eabi-gcc -o "L476RG_modify.elf" @"objects.list"   -mcpu=cortex-m7 -T"D:\STM32\Assiment\pam8403\L476RG_modify\STM32F767ZITX_FLASH.ld" --specs=nosys.specs -Wl,-Map="L476RG_modify.map" -Wl,--gc-sections -static --specs=nano.specs -mfpu=fpv5-d16 -mfloat-abi=hard -mthumb -Wl,--start-group -lc -lm -Wl,--end-group
Finished building target: L476RG_modify.elf
 
arm-none-eabi-size  L476RG_modify.elf 
arm-none-eabi-objdump -h -S L476RG_modify.elf  > "L476RG_modify.list"
   text	   data	    bss	    dec	    hex	filename
  35956	     12	   3636	  39604	   9ab4	L476RG_modify.elf
Finished building: default.size.stdout
 
Finished building: L476RG_modify.list
 
09:53:33 **** Incremental Build of configuration Debug for project sound_dac ****
make -j12 all 
arm-none-eabi-size  sound_dac.elf 
   text	   data	    bss	    dec	    hex	filename
  40120	    112	  17864	  58096	   e2f0	sound_dac.elf
Finished building: default.size.stdout
 
09:53:48 **** Incremental Build of configuration Debug for project L476RG_modify ****
make -j12 all 
arm-none-eabi-size  L476RG_modify.elf 
   text	   data	    bss	    dec	    hex	filename
  35956	     12	   3636	  39604	   9ab4	L476RG_modify.elf
Finished building: default.size.stdout
 
09:56:46 **** Incremental Build of configuration Debug for project L476RG_modify ****
make -j12 all 
arm-none-eabi-gcc "../Core/Src/main.c" -mcpu=cortex-m7 -std=gnu11 -g3 -DDEBUG -DUSE_HAL_DRIVER -DSTM32F767xx -c -I../Core/Inc -I../Drivers/STM32F7xx_HAL_Driver/Inc -I../Drivers/STM32F7xx_HAL_Driver/Inc/Legacy -I../Drivers/CMSIS/Device/ST/STM32F7xx/Include -I../Drivers/CMSIS/Include -I../FATFS/Target -I../FATFS/App -I../Middlewares/Third_Party/FatFs/src -O0 -ffunction-sections -fdata-sections -Wall -fstack-usage -fcyclomatic-complexity -MMD -MP -MF"Core/Src/main.d" -MT"Core/Src/main.o" --specs=nano.specs -mfpu=fpv5-d16 -mfloat-abi=hard -mthumb -o "Core/Src/main.o"
../Core/Src/main.c: In function 'main':
../Core/Src/main.c:294:12: warning: unused variable 'fno' [-Wunused-variable]
  294 |    FILINFO fno;
      |            ^~~
../Core/Src/main.c:293:8: warning: unused variable 'dir' [-Wunused-variable]
  293 |    DIR dir;
      |        ^~~
arm-none-eabi-gcc -o "L476RG_modify.elf" @"objects.list"   -mcpu=cortex-m7 -T"D:\STM32\Assiment\pam8403\L476RG_modify\STM32F767ZITX_FLASH.ld" --specs=nosys.specs -Wl,-Map="L476RG_modify.map" -Wl,--gc-sections -static --specs=nano.specs -mfpu=fpv5-d16 -mfloat-abi=hard -mthumb -Wl,--start-group -lc -lm -Wl,--end-group
Finished building target: L476RG_modify.elf
 
arm-none-eabi-size  L476RG_modify.elf 
arm-none-eabi-objdump -h -S L476RG_modify.elf  > "L476RG_modify.list"
   text	   data	    bss	    dec	    hex	filename
  35000	     12	   3636	  38648	   96f8	L476RG_modify.elf
Finished building: default.size.stdout
 
Finished building: L476RG_modify.list
 
09:56:47 **** Incremental Build of configuration Debug for project sound_dac ****
make -j12 all 
arm-none-eabi-size  sound_dac.elf 
   text	   data	    bss	    dec	    hex	filename
  40120	    112	  17864	  58096	   e2f0	sound_dac.elf
Finished building: default.size.stdout
 
09:57:16 **** Incremental Build of configuration Debug for project L476RG_modify ****
make -j12 all 
arm-none-eabi-size  L476RG_modify.elf 
   text	   data	    bss	    dec	    hex	filename
  35000	     12	   3636	  38648	   96f8	L476RG_modify.elf
Finished building: default.size.stdout
 
09:57:16 **** Incremental Build of configuration Debug for project sound_dac ****
make -j12 all 
arm-none-eabi-size  sound_dac.elf 
   text	   data	    bss	    dec	    hex	filename
  40120	    112	  17864	  58096	   e2f0	sound_dac.elf
Finished building: default.size.stdout
 
09:57:19 **** Incremental Build of configuration Debug for project L476RG_modify ****
make -j12 all 
arm-none-eabi-size  L476RG_modify.elf 
   text	   data	    bss	    dec	    hex	filename
  35000	     12	   3636	  38648	   96f8	L476RG_modify.elf
Finished building: default.size.stdout
 
09:59:54 **** Incremental Build of configuration Debug for project L476RG_modify ****
make -j12 all 
arm-none-eabi-gcc "../Core/Src/main.c" -mcpu=cortex-m7 -std=gnu11 -g3 -DDEBUG -DUSE_HAL_DRIVER -DSTM32F767xx -c -I../Core/Inc -I../Drivers/STM32F7xx_HAL_Driver/Inc -I../Drivers/STM32F7xx_HAL_Driver/Inc/Legacy -I../Drivers/CMSIS/Device/ST/STM32F7xx/Include -I../Drivers/CMSIS/Include -I../FATFS/Target -I../FATFS/App -I../Middlewares/Third_Party/FatFs/src -O0 -ffunction-sections -fdata-sections -Wall -fstack-usage -fcyclomatic-complexity -MMD -MP -MF"Core/Src/main.d" -MT"Core/Src/main.o" --specs=nano.specs -mfpu=fpv5-d16 -mfloat-abi=hard -mthumb -o "Core/Src/main.o"
../Core/Src/main.c: In function 'readTextFileAndSendToUART':
../Core/Src/main.c:275:28: error: 'huart2' undeclared (first use in this function); did you mean 'huart3'?
  275 |         HAL_UART_Transmit(&huart2, (uint8_t*)buffer, bytesRead, 100);
      |                            ^~~~~~
      |                            huart3
../Core/Src/main.c:275:28: note: each undeclared identifier is reported only once for each function it appears in
../Core/Src/main.c: In function 'main':
../Core/Src/main.c:357:1: warning: multi-line comment [-Wcomment]
  357 | //   playWavFile(filename);\
      | ^
../Core/Src/main.c:328:12: warning: unused variable 'fno' [-Wunused-variable]
  328 |    FILINFO fno;
      |            ^~~
../Core/Src/main.c:327:8: warning: unused variable 'dir' [-Wunused-variable]
  327 |    DIR dir;
      |        ^~~
../Core/Src/main.c: At top level:
../Core/Src/main.c:216:1: warning: 'playWavFile' defined but not used [-Wunused-function]
  216 | playWavFile(char *filename)
      | ^~~~~~~~~~~
make: *** [Core/Src/subdir.mk:34: Core/Src/main.o] Error 1
"make -j12 all" terminated with exit code 2. Build might be incomplete.
09:59:55 **** Incremental Build of configuration Debug for project sound_dac ****
make -j12 all 
arm-none-eabi-size  sound_dac.elf 
   text	   data	    bss	    dec	    hex	filename
  40120	    112	  17864	  58096	   e2f0	sound_dac.elf
Finished building: default.size.stdout
 
10:00:07 **** Incremental Build of configuration Debug for project L476RG_modify ****
make -j12 all 
arm-none-eabi-gcc "../Core/Src/main.c" -mcpu=cortex-m7 -std=gnu11 -g3 -DDEBUG -DUSE_HAL_DRIVER -DSTM32F767xx -c -I../Core/Inc -I../Drivers/STM32F7xx_HAL_Driver/Inc -I../Drivers/STM32F7xx_HAL_Driver/Inc/Legacy -I../Drivers/CMSIS/Device/ST/STM32F7xx/Include -I../Drivers/CMSIS/Include -I../FATFS/Target -I../FATFS/App -I../Middlewares/Third_Party/FatFs/src -O0 -ffunction-sections -fdata-sections -Wall -fstack-usage -fcyclomatic-complexity -MMD -MP -MF"Core/Src/main.d" -MT"Core/Src/main.o" --specs=nano.specs -mfpu=fpv5-d16 -mfloat-abi=hard -mthumb -o "Core/Src/main.o"
../Core/Src/main.c: In function 'main':
../Core/Src/main.c:357:1: warning: multi-line comment [-Wcomment]
  357 | //   playWavFile(filename);\
      | ^
../Core/Src/main.c:328:12: warning: unused variable 'fno' [-Wunused-variable]
  328 |    FILINFO fno;
      |            ^~~
../Core/Src/main.c:327:8: warning: unused variable 'dir' [-Wunused-variable]
  327 |    DIR dir;
      |        ^~~
../Core/Src/main.c: At top level:
../Core/Src/main.c:216:1: warning: 'playWavFile' defined but not used [-Wunused-function]
  216 | playWavFile(char *filename)
      | ^~~~~~~~~~~
arm-none-eabi-gcc -o "L476RG_modify.elf" @"objects.list"   -mcpu=cortex-m7 -T"D:\STM32\Assiment\pam8403\L476RG_modify\STM32F767ZITX_FLASH.ld" --specs=nosys.specs -Wl,-Map="L476RG_modify.map" -Wl,--gc-sections -static --specs=nano.specs -mfpu=fpv5-d16 -mfloat-abi=hard -mthumb -Wl,--start-group -lc -lm -Wl,--end-group
Finished building target: L476RG_modify.elf
 
arm-none-eabi-size  L476RG_modify.elf 
arm-none-eabi-objdump -h -S L476RG_modify.elf  > "L476RG_modify.list"
   text	   data	    bss	    dec	    hex	filename
  37188	    104	   2424	  39716	   9b24	L476RG_modify.elf
Finished building: default.size.stdout
 
Finished building: L476RG_modify.list
 
10:00:08 **** Incremental Build of configuration Debug for project sound_dac ****
make -j12 all 
arm-none-eabi-size  sound_dac.elf 
   text	   data	    bss	    dec	    hex	filename
  40120	    112	  17864	  58096	   e2f0	sound_dac.elf
Finished building: default.size.stdout
 
10:00:31 **** Incremental Build of configuration Debug for project L476RG_modify ****
make -j12 all 
arm-none-eabi-size  L476RG_modify.elf 
   text	   data	    bss	    dec	    hex	filename
  37188	    104	   2424	  39716	   9b24	L476RG_modify.elf
Finished building: default.size.stdout
 
10:00:31 **** Incremental Build of configuration Debug for project sound_dac ****
make -j12 all 
arm-none-eabi-size  sound_dac.elf 
   text	   data	    bss	    dec	    hex	filename
  40120	    112	  17864	  58096	   e2f0	sound_dac.elf
Finished building: default.size.stdout
 
10:00:34 **** Incremental Build of configuration Debug for project L476RG_modify ****
make -j12 all 
arm-none-eabi-size  L476RG_modify.elf 
   text	   data	    bss	    dec	    hex	filename
  37188	    104	   2424	  39716	   9b24	L476RG_modify.elf
Finished building: default.size.stdout
 
10:01:25 **** Incremental Build of configuration Debug for project L476RG_modify ****
make -j12 all 
arm-none-eabi-size  L476RG_modify.elf 
   text	   data	    bss	    dec	    hex	filename
  37188	    104	   2424	  39716	   9b24	L476RG_modify.elf
Finished building: default.size.stdout
 
10:02:59 **** Incremental Build of configuration Debug for project L476RG_modify ****
make -j12 all 
arm-none-eabi-gcc "../Core/Src/main.c" -mcpu=cortex-m7 -std=gnu11 -g3 -DDEBUG -DUSE_HAL_DRIVER -DSTM32F767xx -c -I../Core/Inc -I../Drivers/STM32F7xx_HAL_Driver/Inc -I../Drivers/STM32F7xx_HAL_Driver/Inc/Legacy -I../Drivers/CMSIS/Device/ST/STM32F7xx/Include -I../Drivers/CMSIS/Include -I../FATFS/Target -I../FATFS/App -I../Middlewares/Third_Party/FatFs/src -O0 -ffunction-sections -fdata-sections -Wall -fstack-usage -fcyclomatic-complexity -MMD -MP -MF"Core/Src/main.d" -MT"Core/Src/main.o" --specs=nano.specs -mfpu=fpv5-d16 -mfloat-abi=hard -mthumb -o "Core/Src/main.o"
../Core/Src/main.c: In function 'main':
../Core/Src/main.c:357:1: warning: multi-line comment [-Wcomment]
  357 | //   playWavFile(filename);\
      | ^
../Core/Src/main.c:328:12: warning: unused variable 'fno' [-Wunused-variable]
  328 |    FILINFO fno;
      |            ^~~
../Core/Src/main.c:327:8: warning: unused variable 'dir' [-Wunused-variable]
  327 |    DIR dir;
      |        ^~~
../Core/Src/main.c: At top level:
../Core/Src/main.c:216:1: warning: 'playWavFile' defined but not used [-Wunused-function]
  216 | playWavFile(char *filename)
      | ^~~~~~~~~~~
arm-none-eabi-gcc -o "L476RG_modify.elf" @"objects.list"   -mcpu=cortex-m7 -T"D:\STM32\Assiment\pam8403\L476RG_modify\STM32F767ZITX_FLASH.ld" --specs=nosys.specs -Wl,-Map="L476RG_modify.map" -Wl,--gc-sections -static --specs=nano.specs -mfpu=fpv5-d16 -mfloat-abi=hard -mthumb -Wl,--start-group -lc -lm -Wl,--end-group
Finished building target: L476RG_modify.elf
 
arm-none-eabi-size  L476RG_modify.elf 
arm-none-eabi-objdump -h -S L476RG_modify.elf  > "L476RG_modify.list"
   text	   data	    bss	    dec	    hex	filename
  37188	    104	   2424	  39716	   9b24	L476RG_modify.elf
Finished building: default.size.stdout
 
Finished building: L476RG_modify.list
 
10:03:00 **** Incremental Build of configuration Debug for project sound_dac ****
make -j12 all 
arm-none-eabi-size  sound_dac.elf 
   text	   data	    bss	    dec	    hex	filename
  40120	    112	  17864	  58096	   e2f0	sound_dac.elf
Finished building: default.size.stdout
 
10:03:03 **** Incremental Build of configuration Debug for project L476RG_modify ****
make -j12 all 
arm-none-eabi-size  L476RG_modify.elf 
   text	   data	    bss	    dec	    hex	filename
  37188	    104	   2424	  39716	   9b24	L476RG_modify.elf
Finished building: default.size.stdout
 
10:03:51 **** Incremental Build of configuration Debug for project L476RG_modify ****
make -j12 all 
arm-none-eabi-gcc "../Core/Src/main.c" -mcpu=cortex-m7 -std=gnu11 -g3 -DDEBUG -DUSE_HAL_DRIVER -DSTM32F767xx -c -I../Core/Inc -I../Drivers/STM32F7xx_HAL_Driver/Inc -I../Drivers/STM32F7xx_HAL_Driver/Inc/Legacy -I../Drivers/CMSIS/Device/ST/STM32F7xx/Include -I../Drivers/CMSIS/Include -I../FATFS/Target -I../FATFS/App -I../Middlewares/Third_Party/FatFs/src -O0 -ffunction-sections -fdata-sections -Wall -fstack-usage -fcyclomatic-complexity -MMD -MP -MF"Core/Src/main.d" -MT"Core/Src/main.o" --specs=nano.specs -mfpu=fpv5-d16 -mfloat-abi=hard -mthumb -o "Core/Src/main.o"
../Core/Src/main.c: In function 'main':
../Core/Src/main.c:357:1: warning: multi-line comment [-Wcomment]
  357 | //   playWavFile(filename);\
      | ^
../Core/Src/main.c:328:12: warning: unused variable 'fno' [-Wunused-variable]
  328 |    FILINFO fno;
      |            ^~~
../Core/Src/main.c:327:8: warning: unused variable 'dir' [-Wunused-variable]
  327 |    DIR dir;
      |        ^~~
../Core/Src/main.c: At top level:
../Core/Src/main.c:216:1: warning: 'playWavFile' defined but not used [-Wunused-function]
  216 | playWavFile(char *filename)
      | ^~~~~~~~~~~
arm-none-eabi-gcc -o "L476RG_modify.elf" @"objects.list"   -mcpu=cortex-m7 -T"D:\STM32\Assiment\pam8403\L476RG_modify\STM32F767ZITX_FLASH.ld" --specs=nosys.specs -Wl,-Map="L476RG_modify.map" -Wl,--gc-sections -static --specs=nano.specs -mfpu=fpv5-d16 -mfloat-abi=hard -mthumb -Wl,--start-group -lc -lm -Wl,--end-group
Finished building target: L476RG_modify.elf
 
arm-none-eabi-size  L476RG_modify.elf 
arm-none-eabi-objdump -h -S L476RG_modify.elf  > "L476RG_modify.list"
   text	   data	    bss	    dec	    hex	filename
  37188	    104	   2424	  39716	   9b24	L476RG_modify.elf
Finished building: default.size.stdout
 
Finished building: L476RG_modify.list
 
10:03:52 **** Incremental Build of configuration Debug for project sound_dac ****
make -j12 all 
arm-none-eabi-size  sound_dac.elf 
   text	   data	    bss	    dec	    hex	filename
  40120	    112	  17864	  58096	   e2f0	sound_dac.elf
Finished building: default.size.stdout
 
