10:03:51 **** Incremental Build of configuration Debug for project L476RG_modify ****
make -j12 all 
arm-none-eabi-gcc "../Core/Src/main.c" -mcpu=cortex-m7 -std=gnu11 -g3 -DDEBUG -DUSE_HAL_DRIVER -DSTM32F767xx -c -I../Core/Inc -I../Drivers/STM32F7xx_HAL_Driver/Inc -I../Drivers/STM32F7xx_HAL_Driver/Inc/Legacy -I../Drivers/CMSIS/Device/ST/STM32F7xx/Include -I../Drivers/CMSIS/Include -I../FATFS/Target -I../FATFS/App -I../Middlewares/Third_Party/FatFs/src -O0 -ffunction-sections -fdata-sections -Wall -fstack-usage -fcyclomatic-complexity -MMD -MP -MF"Core/Src/main.d" -MT"Core/Src/main.o" --specs=nano.specs -mfpu=fpv5-d16 -mfloat-abi=hard -mthumb -o "Core/Src/main.o"
../Core/Src/main.c: In function 'main':
../Core/Src/main.c:357:1: warning: multi-line comment [-Wcomment]
  357 | //   playWavFile(filename);\
      | ^
../Core/Src/main.c:328:12: warning: unused variable 'fno' [-Wunused-variable]
  328 |    FILINFO fno;
      |            ^~~
../Core/Src/main.c:327:8: warning: unused variable 'dir' [-Wunused-variable]
  327 |    DIR dir;
      |        ^~~
../Core/Src/main.c: At top level:
../Core/Src/main.c:216:1: warning: 'playWavFile' defined but not used [-Wunused-function]
  216 | playWavFile(char *filename)
      | ^~~~~~~~~~~
arm-none-eabi-gcc -o "L476RG_modify.elf" @"objects.list"   -mcpu=cortex-m7 -T"D:\STM32\Assiment\pam8403\L476RG_modify\STM32F767ZITX_FLASH.ld" --specs=nosys.specs -Wl,-Map="L476RG_modify.map" -Wl,--gc-sections -static --specs=nano.specs -mfpu=fpv5-d16 -mfloat-abi=hard -mthumb -Wl,--start-group -lc -lm -Wl,--end-group
Finished building target: L476RG_modify.elf
 
arm-none-eabi-size  L476RG_modify.elf 
arm-none-eabi-objdump -h -S L476RG_modify.elf  > "L476RG_modify.list"
   text	   data	    bss	    dec	    hex	filename
  37188	    104	   2424	  39716	   9b24	L476RG_modify.elf
Finished building: default.size.stdout
 
Finished building: L476RG_modify.list
 

10:03:52 Build Finished. 0 errors, 4 warnings. (took 742ms)

